<html>
<body>
<pre>
<h1>µVision Build Log</h1>
<h2>Tool Versions:</h2>
IDE-Version: •ÏVision V5.36.0.0
Copyright (C) 2021 ARM Ltd and ARM Germany GmbH. All rights reserved.
License Information: Daegi Kim, Handong University, LIC=----
 
Tool Versions:
Toolchain:       MDK-Lite  Version: 5.36.0.0
Toolchain Path:  C:\Keil_v5\ARM\ARMCLANG\Bin
C Compiler:      ArmClang.exe V6.16
Assembler:       Armasm.exe V6.16
Linker/Locator:  ArmLink.exe V6.16
Library Manager: ArmAr.exe V6.16
Hex Converter:   FromElf.exe V6.16
CPU DLL:         SARMCM3.DLL V5.36.0.0
Dialog DLL:      DCM.DLL V1.17.3.0
Target DLL:      STLink\ST-LINKIII-KEIL_SWO.dll V3.0.9.0
Dialog DLL:      TCM.DLL V1.53.0.0
 
<h2>Project:</h2>
C:\Users\New\source\repos\GithubDesktop\EC-student\LAB\LAB_Stepper\LAB_Stepper.uvprojx
Project File Date:  11/01/2021

<h2>Output:</h2>
*** Using Compiler 'V6.16', folder: 'C:\Keil_v5\ARM\ARMCLANG\Bin'
Build target 'Target 1'
ecStepper.c(2): warning: In file included from...
./ecStepper.h(45): warning: no newline at end of file [-Wnewline-eof]
#endif
      ^
ecStepper.c(17): warning: no previous extern declaration for non-static variable 'direction' [-Wmissing-variable-declarations]
uint32_t direction = 1; 
         ^
ecStepper.c(17): note: declare 'static' if the variable is not intended to be used outside of this translation unit
uint32_t direction = 1; 
^
ecStepper.c(18): warning: no previous extern declaration for non-static variable 'step_delay' [-Wmissing-variable-declarations]
uint32_t step_delay = 100; 
         ^
ecStepper.c(18): note: declare 'static' if the variable is not intended to be used outside of this translation unit
uint32_t step_delay = 100; 
^
ecStepper.c(19): warning: no previous extern declaration for non-static variable 'step_per_rev' [-Wmissing-variable-declarations]
uint32_t step_per_rev = 64;
         ^
ecStepper.c(19): note: declare 'static' if the variable is not intended to be used outside of this translation unit
uint32_t step_per_rev = 64;
^
ecStepper.c(20): warning: no previous extern declaration for non-static variable 'gear_ratio' [-Wmissing-variable-declarations]
uint32_t gear_ratio = 32;
         ^
ecStepper.c(20): note: declare 'static' if the variable is not intended to be used outside of this translation unit
uint32_t gear_ratio = 32;
^
ecStepper.c(32): warning: padding struct 'State_full_t' with 3 bytes to align 'next' [-Wpadded]
  uint32_t next[2];
           ^
ecStepper.c(35): warning: no previous extern declaration for non-static variable 'FSM_full' [-Wmissing-variable-declarations]
State_full_t FSM_full[4] = {  
             ^
ecStepper.c(35): note: declare 'static' if the variable is not intended to be used outside of this translation unit
State_full_t FSM_full[4] = {  
^
ecStepper.c(45): warning: padding struct 'State_half_t' with 3 bytes to align 'next' [-Wpadded]
  uint32_t next[8];
           ^
ecStepper.c(48): warning: no previous extern declaration for non-static variable 'FSM_half' [-Wmissing-variable-declarations]
State_half_t FSM_half[8] = { 
             ^
ecStepper.c(48): note: declare 'static' if the variable is not intended to be used outside of this translation unit
State_half_t FSM_half[8] = { 
^
ecStepper.c(125): warning: declaration shadows a variable in the global scope [-Wshadow]
                int step_mode = 0;
                    ^
ecStepper.c(26): note: previous declaration is here
volatile uint32_t step_mode;
                  ^
ecStepper.c(129): warning: implicit conversion changes signedness: 'long' to 'unsigned long' [-Wsign-conversion]
                step_delay = (uint32_t)(60000)/(step_per_rev * gear_ratio * step_mode * whatSpeed); // Convert rpm to milli sec
                                                                                      ~ ^~~~~~~~~
ecStepper.c(129): warning: implicit conversion changes signedness: 'int' to 'unsigned int' [-Wsign-conversion]
                step_delay = (uint32_t)(60000)/(step_per_rev * gear_ratio * step_mode * whatSpeed); // Convert rpm to milli sec
                                                                          ~ ^~~~~~~~~
ecStepper.c(133): warning: declaration shadows a variable in the global scope [-Wshadow]
void Stepper_step(int steps, int direction, int mode){
                                 ^
ecStepper.c(17): note: previous declaration is here
uint32_t direction = 1; 
         ^
ecStepper.c(25): warning: no previous extern declaration for non-static variable 'myStepper' [-Wmissing-variable-declarations]
volatile Stepper_t myStepper; 
                   ^
ecStepper.c(25): note: declare 'static' if the variable is not intended to be used outside of this translation unit
volatile Stepper_t myStepper; 
         ^
ecStepper.c(26): warning: no previous extern declaration for non-static variable 'step_mode' [-Wmissing-variable-declarations]
volatile uint32_t step_mode;
                  ^
ecStepper.c(26): note: declare 'static' if the variable is not intended to be used outside of this translation unit
volatile uint32_t step_mode;
         ^
15 warnings generated.
compiling ecStepper.c...
main.c(13): warning: In file included from...
../../include\ecTIM.h(36): warning: no newline at end of file [-Wnewline-eof]
#endif
      ^
main.c(16): warning: In file included from...
./ecStepper.h(45): warning: no newline at end of file [-Wnewline-eof]
#endif
      ^
main.c(29): warning: empty expression statement has no effect; remove unnecessary ';' to silence this warning [-Wextra-semi-stmt]
        while(1) {;}
                  ^
3 warnings generated.
compiling main.c...
linking...
Program Size: Code=3792 RO-data=440 RW-data=352 ZI-data=1672  
FromELF: creating hex file...
".\Objects\LAB_Stepper.axf" - 0 Error(s), 18 Warning(s).

<h2>Software Packages used:</h2>

Package Vendor: ARM
                http://www.keil.com/pack/ARM.CMSIS.5.8.0.pack
                ARM.CMSIS.5.8.0
                CMSIS (Common Microcontroller Software Interface Standard)
   * Component: CORE Version: 5.5.0

Package Vendor: Keil
                http://www.keil.com/pack/Keil.STM32F4xx_DFP.2.15.0.pack
                Keil.STM32F4xx_DFP.2.15.0
                STMicroelectronics STM32F4 Series Device Support, Drivers and Examples
   * Component: Startup Version: 2.6.3

<h2>Collection of Component include folders:</h2>
  .\RTE\_Target_1
  C:\Users\New\AppData\Local\Arm\Packs\ARM\CMSIS\5.8.0\CMSIS\Core\Include
  C:\Users\New\AppData\Local\Arm\Packs\Keil\STM32F4xx_DFP\2.15.0\Drivers\CMSIS\Device\ST\STM32F4xx\Include

<h2>Collection of Component Files used:</h2>

   * Component: ARM::CMSIS:CORE:5.5.0

   * Component: Keil::Device:Startup:2.6.3
      Include file:  Drivers\CMSIS\Device\ST\STM32F4xx\Include\stm32f4xx.h
      Source file:   MDK\Device\Source\ARM\STM32F411xx_OPT.s
      Source file:   Drivers\CMSIS\Device\ST\STM32F4xx\Source\Templates\arm\startup_stm32f411xe.s
      Source file:   MDK\Device\Source\ARM\STM32F4xx_OTP.s
      Source file:   Drivers\CMSIS\Device\ST\STM32F4xx\Source\Templates\system_stm32f4xx.c
Build Time Elapsed:  00:00:01
</pre>
</body>
</html>
