Component: ARM Compiler 6.16 Tool: armlink [5dfeaa00]

==============================================================================

Section Cross References

    uart_test.o(.text) refers (Special) to _printf_d.o(.ARM.Collect$$_printf_percent$$00000009) for _printf_d
    uart_test.o(.text) refers (Special) to _printf_dec.o(.text) for _printf_int_dec
    uart_test.o(.text) refers (Special) to _printf_percent.o(.ARM.Collect$$_printf_percent$$00000000) for _printf_percent
    uart_test.o(.text.main) refers (Special) to _printf_d.o(.ARM.Collect$$_printf_percent$$00000009) for _printf_d
    uart_test.o(.text.main) refers (Special) to _printf_dec.o(.text) for _printf_int_dec
    uart_test.o(.text.main) refers (Special) to _printf_percent.o(.ARM.Collect$$_printf_percent$$00000000) for _printf_percent
    uart_test.o(.text.main) refers to uart_test.o(.text.setup) for setup
    uart_test.o(.text.main) refers to noretval__2printf.o(.text) for __2printf
    uart_test.o(.text.main) refers to ecsystick.o(.text.delay_ms) for delay_ms
    uart_test.o(.ARM.exidx.text.main) refers (Special) to _printf_d.o(.ARM.Collect$$_printf_percent$$00000009) for _printf_d
    uart_test.o(.ARM.exidx.text.main) refers (Special) to _printf_dec.o(.text) for _printf_int_dec
    uart_test.o(.ARM.exidx.text.main) refers (Special) to _printf_percent.o(.ARM.Collect$$_printf_percent$$00000000) for _printf_percent
    uart_test.o(.ARM.exidx.text.main) refers to uart_test.o(.text.main) for [Anonymous Symbol]
    uart_test.o(.text.setup) refers (Special) to _printf_d.o(.ARM.Collect$$_printf_percent$$00000009) for _printf_d
    uart_test.o(.text.setup) refers (Special) to _printf_dec.o(.text) for _printf_int_dec
    uart_test.o(.text.setup) refers (Special) to _printf_percent.o(.ARM.Collect$$_printf_percent$$00000000) for _printf_percent
    uart_test.o(.text.setup) refers to ecrcc.o(.text.RCC_PLL_init) for RCC_PLL_init
    uart_test.o(.text.setup) refers to ecuart.o(.text.UART2_init) for UART2_init
    uart_test.o(.text.setup) refers to ecsystick.o(.text.SysTick_init) for SysTick_init
    uart_test.o(.text.setup) refers to puts.o(.text) for puts
    uart_test.o(.ARM.exidx.text.setup) refers (Special) to _printf_d.o(.ARM.Collect$$_printf_percent$$00000009) for _printf_d
    uart_test.o(.ARM.exidx.text.setup) refers (Special) to _printf_dec.o(.text) for _printf_int_dec
    uart_test.o(.ARM.exidx.text.setup) refers (Special) to _printf_percent.o(.ARM.Collect$$_printf_percent$$00000000) for _printf_percent
    uart_test.o(.ARM.exidx.text.setup) refers to uart_test.o(.text.setup) for [Anonymous Symbol]
    uart_test.o(.ARM.use_no_argv) refers (Special) to _printf_d.o(.ARM.Collect$$_printf_percent$$00000009) for _printf_d
    uart_test.o(.ARM.use_no_argv) refers (Special) to _printf_dec.o(.text) for _printf_int_dec
    uart_test.o(.ARM.use_no_argv) refers (Special) to _printf_percent.o(.ARM.Collect$$_printf_percent$$00000000) for _printf_percent
    ecexti.o(.ARM.exidx.text.portNumber) refers to ecexti.o(.text.portNumber) for [Anonymous Symbol]
    ecexti.o(.text.EXTI_init) refers to ecexti.o(.text.portNumber) for portNumber
    ecexti.o(.text.EXTI_init) refers to ecexti.o(.text.EXTI_enable) for EXTI_enable
    ecexti.o(.text.EXTI_init) refers to ecexti.o(.text.__NVIC_EnableIRQ) for __NVIC_EnableIRQ
    ecexti.o(.text.EXTI_init) refers to ecexti.o(.text.__NVIC_SetPriority) for __NVIC_SetPriority
    ecexti.o(.ARM.exidx.text.EXTI_init) refers to ecexti.o(.text.EXTI_init) for [Anonymous Symbol]
    ecexti.o(.ARM.exidx.text.EXTI_enable) refers to ecexti.o(.text.EXTI_enable) for [Anonymous Symbol]
    ecexti.o(.ARM.exidx.text.__NVIC_EnableIRQ) refers to ecexti.o(.text.__NVIC_EnableIRQ) for [Anonymous Symbol]
    ecexti.o(.ARM.exidx.text.__NVIC_SetPriority) refers to ecexti.o(.text.__NVIC_SetPriority) for [Anonymous Symbol]
    ecexti.o(.ARM.exidx.text.EXTI_disable) refers to ecexti.o(.text.EXTI_disable) for [Anonymous Symbol]
    ecexti.o(.ARM.exidx.text.is_pending_EXTI) refers to ecexti.o(.text.is_pending_EXTI) for [Anonymous Symbol]
    ecexti.o(.ARM.exidx.text.clear_pending_EXTI) refers to ecexti.o(.text.clear_pending_EXTI) for [Anonymous Symbol]
    ecgpio.o(.text.GPIO_init) refers to ecrcc.o(.text.RCC_GPIOA_enable) for RCC_GPIOA_enable
    ecgpio.o(.text.GPIO_init) refers to ecrcc.o(.text.RCC_GPIOB_enable) for RCC_GPIOB_enable
    ecgpio.o(.text.GPIO_init) refers to ecrcc.o(.text.RCC_GPIOC_enable) for RCC_GPIOC_enable
    ecgpio.o(.text.GPIO_init) refers to ecrcc.o(.text.RCC_GPIOD_enable) for RCC_GPIOD_enable
    ecgpio.o(.text.GPIO_init) refers to ecgpio.o(.text.GPIO_mode) for GPIO_mode
    ecgpio.o(.ARM.exidx.text.GPIO_init) refers to ecgpio.o(.text.GPIO_init) for [Anonymous Symbol]
    ecgpio.o(.ARM.exidx.text.GPIO_mode) refers to ecgpio.o(.text.GPIO_mode) for [Anonymous Symbol]
    ecgpio.o(.ARM.exidx.text.GPIO_write) refers to ecgpio.o(.text.GPIO_write) for [Anonymous Symbol]
    ecgpio.o(.ARM.exidx.text.GPIO_read) refers to ecgpio.o(.text.GPIO_read) for [Anonymous Symbol]
    ecgpio.o(.ARM.exidx.text.GPIO_ospeed) refers to ecgpio.o(.text.GPIO_ospeed) for [Anonymous Symbol]
    ecgpio.o(.ARM.exidx.text.GPIO_otype) refers to ecgpio.o(.text.GPIO_otype) for [Anonymous Symbol]
    ecgpio.o(.ARM.exidx.text.GPIO_pudr) refers to ecgpio.o(.text.GPIO_pudr) for [Anonymous Symbol]
    ecgpio.o(.text.sevensegment_init) refers to ecgpio.o(.text.GPIO_init) for GPIO_init
    ecgpio.o(.text.sevensegment_init) refers to ecgpio.o(.text.GPIO_otype) for GPIO_otype
    ecgpio.o(.text.sevensegment_init) refers to ecgpio.o(.text.GPIO_pudr) for GPIO_pudr
    ecgpio.o(.text.sevensegment_init) refers to ecgpio.o(.text.GPIO_ospeed) for GPIO_ospeed
    ecgpio.o(.ARM.exidx.text.sevensegment_init) refers to ecgpio.o(.text.sevensegment_init) for [Anonymous Symbol]
    ecgpio.o(.text.sevensegment_decode) refers to ecgpio.o(.rodata..L__const.sevensegment_decode.number) for .L__const.sevensegment_decode.number
    ecgpio.o(.text.sevensegment_decode) refers to ecgpio.o(.text.GPIO_write) for GPIO_write
    ecgpio.o(.ARM.exidx.text.sevensegment_decode) refers to ecgpio.o(.text.sevensegment_decode) for [Anonymous Symbol]
    ecpwm.o(.text.PWM_init) refers to ecpwm.o(.text.PWM_pinmap) for PWM_pinmap
    ecpwm.o(.text.PWM_init) refers to ecgpio.o(.text.GPIO_init) for GPIO_init
    ecpwm.o(.text.PWM_init) refers to ecgpio.o(.text.GPIO_ospeed) for GPIO_ospeed
    ecpwm.o(.text.PWM_init) refers to ecgpio.o(.text.GPIO_pudr) for GPIO_pudr
    ecpwm.o(.text.PWM_init) refers to ecgpio.o(.text.GPIO_otype) for GPIO_otype
    ecpwm.o(.text.PWM_init) refers to ectim.o(.text.TIM_init) for TIM_init
    ecpwm.o(.ARM.exidx.text.PWM_init) refers to ecpwm.o(.text.PWM_init) for [Anonymous Symbol]
    ecpwm.o(.ARM.exidx.text.PWM_pinmap) refers to ecpwm.o(.text.PWM_pinmap) for [Anonymous Symbol]
    ecpwm.o(.text.PWM_period_ms) refers to ectim.o(.text.TIM_period_ms) for TIM_period_ms
    ecpwm.o(.ARM.exidx.text.PWM_period_ms) refers to ecpwm.o(.text.PWM_period_ms) for [Anonymous Symbol]
    ecpwm.o(.text.PWM_period_us) refers to ectim.o(.text.TIM_period_us) for TIM_period_us
    ecpwm.o(.ARM.exidx.text.PWM_period_us) refers to ecpwm.o(.text.PWM_period_us) for [Anonymous Symbol]
    ecpwm.o(.ARM.exidx.text.PWM_pulsewidth_ms) refers to ecpwm.o(.text.PWM_pulsewidth_ms) for [Anonymous Symbol]
    ecpwm.o(.ARM.exidx.text.PWM_duty) refers to ecpwm.o(.text.PWM_duty) for [Anonymous Symbol]
    ecrcc.o(.ARM.exidx.text.RCC_HSI_init) refers to ecrcc.o(.text.RCC_HSI_init) for [Anonymous Symbol]
    ecrcc.o(.text.RCC_PLL_init) refers to ecrcc.o(.data.EC_SYSCLK) for EC_SYSCLK
    ecrcc.o(.ARM.exidx.text.RCC_PLL_init) refers to ecrcc.o(.text.RCC_PLL_init) for [Anonymous Symbol]
    ecrcc.o(.ARM.exidx.text.RCC_GPIOA_enable) refers to ecrcc.o(.text.RCC_GPIOA_enable) for [Anonymous Symbol]
    ecrcc.o(.ARM.exidx.text.RCC_GPIOB_enable) refers to ecrcc.o(.text.RCC_GPIOB_enable) for [Anonymous Symbol]
    ecrcc.o(.ARM.exidx.text.RCC_GPIOC_enable) refers to ecrcc.o(.text.RCC_GPIOC_enable) for [Anonymous Symbol]
    ecrcc.o(.ARM.exidx.text.RCC_GPIOD_enable) refers to ecrcc.o(.text.RCC_GPIOD_enable) for [Anonymous Symbol]
    ecrcc.o(.ARM.exidx.text.RCC_GPIOE_enable) refers to ecrcc.o(.text.RCC_GPIOE_enable) for [Anonymous Symbol]
    ecrcc.o(.ARM.exidx.text.RCC_GPIOH_enable) refers to ecrcc.o(.text.RCC_GPIOH_enable) for [Anonymous Symbol]
    ecsystick.o(.text.SysTick_init) refers to ecsystick.o(.text.SysTick_disable) for SysTick_disable
    ecsystick.o(.text.SysTick_init) refers to dflt_clz.o(x$fpl$dfltu) for __aeabi_ui2d
    ecsystick.o(.text.SysTick_init) refers to dmul.o(x$fpl$dmul) for __aeabi_dmul
    ecsystick.o(.text.SysTick_init) refers to daddsub_clz.o(x$fpl$dadd) for __aeabi_dadd
    ecsystick.o(.text.SysTick_init) refers to dfixu.o(x$fpl$dfixu) for __aeabi_d2uiz
    ecsystick.o(.text.SysTick_init) refers to ecsystick.o(.text.__NVIC_SetPriority) for __NVIC_SetPriority
    ecsystick.o(.text.SysTick_init) refers to ecsystick.o(.text.SysTick_enable) for SysTick_enable
    ecsystick.o(.ARM.exidx.text.SysTick_init) refers to ecsystick.o(.text.SysTick_init) for [Anonymous Symbol]
    ecsystick.o(.ARM.exidx.text.SysTick_disable) refers to ecsystick.o(.text.SysTick_disable) for [Anonymous Symbol]
    ecsystick.o(.ARM.exidx.text.__NVIC_SetPriority) refers to ecsystick.o(.text.__NVIC_SetPriority) for [Anonymous Symbol]
    ecsystick.o(.ARM.exidx.text.SysTick_enable) refers to ecsystick.o(.text.SysTick_enable) for [Anonymous Symbol]
    ecsystick.o(.text.delay_ms) refers to ecsystick.o(.bss.TimeDelay) for TimeDelay
    ecsystick.o(.ARM.exidx.text.delay_ms) refers to ecsystick.o(.text.delay_ms) for [Anonymous Symbol]
    ecsystick.o(.ARM.exidx.text.SysTick_val) refers to ecsystick.o(.text.SysTick_val) for [Anonymous Symbol]
    ecsystick.o(.ARM.exidx.text.SysTick_reset) refers to ecsystick.o(.text.SysTick_reset) for [Anonymous Symbol]
    ecsystick.o(.text.SysTick_Handler) refers to ecsystick.o(.bss.TimeDelay) for TimeDelay
    ecsystick.o(.ARM.exidx.text.SysTick_Handler) refers to ecsystick.o(.text.SysTick_Handler) for [Anonymous Symbol]
    ectim.o(.text.TIM_init) refers to ectim.o(.text.TIM_period_ms) for TIM_period_ms
    ectim.o(.ARM.exidx.text.TIM_init) refers to ectim.o(.text.TIM_init) for [Anonymous Symbol]
    ectim.o(.ARM.exidx.text.TIM_period_ms) refers to ectim.o(.text.TIM_period_ms) for [Anonymous Symbol]
    ectim.o(.ARM.exidx.text.TIM_period_us) refers to ectim.o(.text.TIM_period_us) for [Anonymous Symbol]
    ectim.o(.text.TIM_INT_init) refers to ectim.o(.text.TIM_init) for TIM_init
    ectim.o(.text.TIM_INT_init) refers to ectim.o(.text.__NVIC_EnableIRQ) for __NVIC_EnableIRQ
    ectim.o(.text.TIM_INT_init) refers to ectim.o(.text.__NVIC_SetPriority) for __NVIC_SetPriority
    ectim.o(.ARM.exidx.text.TIM_INT_init) refers to ectim.o(.text.TIM_INT_init) for [Anonymous Symbol]
    ectim.o(.ARM.exidx.text.__NVIC_EnableIRQ) refers to ectim.o(.text.__NVIC_EnableIRQ) for [Anonymous Symbol]
    ectim.o(.ARM.exidx.text.__NVIC_SetPriority) refers to ectim.o(.text.__NVIC_SetPriority) for [Anonymous Symbol]
    ectim.o(.ARM.exidx.text.TIM_INT_enable) refers to ectim.o(.text.TIM_INT_enable) for [Anonymous Symbol]
    ectim.o(.ARM.exidx.text.TIM_INT_disable) refers to ectim.o(.text.TIM_INT_disable) for [Anonymous Symbol]
    ectim.o(.ARM.exidx.text.is_UIF) refers to ectim.o(.text.is_UIF) for [Anonymous Symbol]
    ectim.o(.ARM.exidx.text.clear_UIF) refers to ectim.o(.text.clear_UIF) for [Anonymous Symbol]
    ecuart.o(.text.fputc) refers to ecuart.o(.text.USART_write) for USART_write
    ecuart.o(.ARM.exidx.text.fputc) refers to ecuart.o(.text.fputc) for [Anonymous Symbol]
    ecuart.o(.ARM.exidx.text.USART_write) refers to ecuart.o(.text.USART_write) for [Anonymous Symbol]
    ecuart.o(.text.UART2_init) refers to ecuart.o(.text.__NVIC_SetPriority) for __NVIC_SetPriority
    ecuart.o(.text.UART2_init) refers to ecuart.o(.text.__NVIC_EnableIRQ) for __NVIC_EnableIRQ
    ecuart.o(.ARM.exidx.text.UART2_init) refers to ecuart.o(.text.UART2_init) for [Anonymous Symbol]
    ecuart.o(.ARM.exidx.text.__NVIC_SetPriority) refers to ecuart.o(.text.__NVIC_SetPriority) for [Anonymous Symbol]
    ecuart.o(.ARM.exidx.text.__NVIC_EnableIRQ) refers to ecuart.o(.text.__NVIC_EnableIRQ) for [Anonymous Symbol]
    ecuart.o(.ARM.exidx.text.USART_delay) refers to ecuart.o(.text.USART_delay) for [Anonymous Symbol]
    startup_stm32f411xe.o(STACK) refers (Special) to heapauxi.o(.text) for __use_two_region_memory
    startup_stm32f411xe.o(HEAP) refers (Special) to heapauxi.o(.text) for __use_two_region_memory
    startup_stm32f411xe.o(RESET) refers (Special) to heapauxi.o(.text) for __use_two_region_memory
    startup_stm32f411xe.o(RESET) refers to startup_stm32f411xe.o(STACK) for __initial_sp
    startup_stm32f411xe.o(RESET) refers to startup_stm32f411xe.o(.text) for Reset_Handler
    startup_stm32f411xe.o(RESET) refers to ecsystick.o(.text.SysTick_Handler) for SysTick_Handler
    startup_stm32f411xe.o(.text) refers (Special) to heapauxi.o(.text) for __use_two_region_memory
    startup_stm32f411xe.o(.text) refers to system_stm32f4xx.o(.text.SystemInit) for SystemInit
    startup_stm32f411xe.o(.text) refers to __main.o(!!!main) for __main
    startup_stm32f411xe.o(.text) refers to startup_stm32f411xe.o(HEAP) for Heap_Mem
    startup_stm32f411xe.o(.text) refers to startup_stm32f411xe.o(STACK) for Stack_Mem
    system_stm32f4xx.o(.ARM.exidx.text.SystemInit) refers to system_stm32f4xx.o(.text.SystemInit) for [Anonymous Symbol]
    system_stm32f4xx.o(.text.SystemCoreClockUpdate) refers to system_stm32f4xx.o(.data.SystemCoreClock) for SystemCoreClock
    system_stm32f4xx.o(.text.SystemCoreClockUpdate) refers to system_stm32f4xx.o(.rodata.AHBPrescTable) for AHBPrescTable
    system_stm32f4xx.o(.ARM.exidx.text.SystemCoreClockUpdate) refers to system_stm32f4xx.o(.text.SystemCoreClockUpdate) for [Anonymous Symbol]
    __2printf.o(.text) refers to _printf_char_file.o(.text) for _printf_char_file
    __2printf.o(.text) refers to ecuart.o(.bss.__stdout) for __stdout
    noretval__2printf.o(.text) refers to _printf_char_file.o(.text) for _printf_char_file
    noretval__2printf.o(.text) refers to ecuart.o(.bss.__stdout) for __stdout
    __printf.o(.text) refers to _printf_percent.o(.ARM.Collect$$_printf_percent$$00000000) for _printf_percent
    _printf_dec.o(.text) refers to _printf_intcommon.o(.text) for _printf_int_common
    __printf_flags.o(.text) refers to _printf_percent.o(.ARM.Collect$$_printf_percent$$00000000) for _printf_percent
    __printf_flags.o(.text) refers to __printf_flags.o(.constdata) for .constdata
    __printf_ss.o(.text) refers to _printf_percent.o(.ARM.Collect$$_printf_percent$$00000000) for _printf_percent
    __printf_flags_ss.o(.text) refers to _printf_percent.o(.ARM.Collect$$_printf_percent$$00000000) for _printf_percent
    __printf_flags_ss.o(.text) refers to __printf_flags_ss.o(.constdata) for .constdata
    __printf_wp.o(.text) refers to __printf_wp.o(i._is_digit) for _is_digit
    __printf_wp.o(.text) refers to _printf_percent.o(.ARM.Collect$$_printf_percent$$00000000) for _printf_percent
    __printf_flags_wp.o(.text) refers to __printf_wp.o(i._is_digit) for _is_digit
    __printf_flags_wp.o(.text) refers to _printf_percent.o(.ARM.Collect$$_printf_percent$$00000000) for _printf_percent
    __printf_flags_wp.o(.text) refers to __printf_flags_wp.o(.constdata) for .constdata
    __printf_ss_wp.o(.text) refers to __printf_wp.o(i._is_digit) for _is_digit
    __printf_ss_wp.o(.text) refers to _printf_percent.o(.ARM.Collect$$_printf_percent$$00000000) for _printf_percent
    __printf_flags_ss_wp.o(.text) refers to __printf_wp.o(i._is_digit) for _is_digit
    __printf_flags_ss_wp.o(.text) refers to _printf_percent.o(.ARM.Collect$$_printf_percent$$00000000) for _printf_percent
    __printf_flags_ss_wp.o(.text) refers to __printf_flags_ss_wp.o(.constdata) for .constdata
    _printf_d.o(.ARM.Collect$$_printf_percent$$00000009) refers (Weak) to _printf_dec.o(.text) for _printf_int_dec
    _printf_percent.o(.ARM.Collect$$_printf_percent$$00000000) refers (Special) to _printf_percent_end.o(.ARM.Collect$$_printf_percent$$00000017) for _printf_percent_end
    puts.o(.text) refers to ecuart.o(.text.fputc) for fputc
    puts.o(.text) refers to ecuart.o(.bss.__stdout) for __stdout
    __main.o(!!!main) refers to __rtentry.o(.ARM.Collect$$rtentry$$00000000) for __rt_entry
    daddsub_clz.o(x$fpl$dadd) refers (Special) to usenofp.o(x$fpl$usenofp) for __I$use$fp
    daddsub_clz.o(x$fpl$dadd) refers to daddsub_clz.o(x$fpl$dsub) for _dsub1
    daddsub_clz.o(x$fpl$dadd) refers to dretinf.o(x$fpl$dretinf) for __fpl_dretinf
    daddsub_clz.o(x$fpl$dadd) refers to dnaninf.o(x$fpl$dnaninf) for __fpl_dnaninf
    daddsub_clz.o(x$fpl$drsb) refers (Special) to usenofp.o(x$fpl$usenofp) for __I$use$fp
    daddsub_clz.o(x$fpl$drsb) refers to daddsub_clz.o(x$fpl$dadd) for _dadd1
    daddsub_clz.o(x$fpl$drsb) refers to daddsub_clz.o(x$fpl$dsub) for _dsub1
    daddsub_clz.o(x$fpl$dsub) refers (Special) to usenofp.o(x$fpl$usenofp) for __I$use$fp
    daddsub_clz.o(x$fpl$dsub) refers to daddsub_clz.o(x$fpl$dadd) for _dadd1
    daddsub_clz.o(x$fpl$dsub) refers to dnaninf.o(x$fpl$dnaninf) for __fpl_dnaninf
    dfixu.o(x$fpl$dfixu) refers (Special) to usenofp.o(x$fpl$usenofp) for __I$use$fp
    dfixu.o(x$fpl$dfixu) refers to dnaninf.o(x$fpl$dnaninf) for __fpl_dnaninf
    dfixu.o(x$fpl$dfixur) refers (Special) to usenofp.o(x$fpl$usenofp) for __I$use$fp
    dfixu.o(x$fpl$dfixur) refers to dnaninf.o(x$fpl$dnaninf) for __fpl_dnaninf
    dflt_clz.o(x$fpl$dfltu) refers (Special) to usenofp.o(x$fpl$usenofp) for __I$use$fp
    dflt_clz.o(x$fpl$dflt) refers (Special) to usenofp.o(x$fpl$usenofp) for __I$use$fp
    dflt_clz.o(x$fpl$dfltn) refers (Special) to usenofp.o(x$fpl$usenofp) for __I$use$fp
    dmul.o(x$fpl$dmul) refers (Special) to usenofp.o(x$fpl$usenofp) for __I$use$fp
    dmul.o(x$fpl$dmul) refers to dretinf.o(x$fpl$dretinf) for __fpl_dretinf
    dmul.o(x$fpl$dmul) refers to dnaninf.o(x$fpl$dnaninf) for __fpl_dnaninf
    __rtentry.o(.ARM.Collect$$rtentry$$00000000) refers (Special) to __rtentry2.o(.ARM.Collect$$rtentry$$0000000A) for __rt_entry_li
    __rtentry.o(.ARM.Collect$$rtentry$$00000000) refers (Special) to __rtentry2.o(.ARM.Collect$$rtentry$$0000000D) for __rt_entry_main
    __rtentry.o(.ARM.Collect$$rtentry$$00000000) refers (Special) to __rtentry2.o(.ARM.Collect$$rtentry$$0000000C) for __rt_entry_postli_1
    __rtentry.o(.ARM.Collect$$rtentry$$00000000) refers (Special) to __rtentry2.o(.ARM.Collect$$rtentry$$00000009) for __rt_entry_postsh_1
    __rtentry.o(.ARM.Collect$$rtentry$$00000000) refers (Special) to __rtentry2.o(.ARM.Collect$$rtentry$$00000002) for __rt_entry_presh_1
    __rtentry.o(.ARM.Collect$$rtentry$$00000000) refers (Special) to __rtentry4.o(.ARM.Collect$$rtentry$$00000004) for __rt_entry_sh
    _printf_char_file.o(.text) refers to _printf_char_common.o(.text) for _printf_char_common
    _printf_char_file.o(.text) refers to ferror.o(.text) for ferror
    _printf_char_file.o(.text) refers to ecuart.o(.text.fputc) for fputc
    dnaninf.o(x$fpl$dnaninf) refers (Special) to usenofp.o(x$fpl$usenofp) for __I$use$fp
    dretinf.o(x$fpl$dretinf) refers (Special) to usenofp.o(x$fpl$usenofp) for __I$use$fp
    __rtentry2.o(.ARM.Collect$$rtentry$$00000008) refers to boardinit2.o(.text) for _platform_post_stackheap_init
    __rtentry2.o(.ARM.Collect$$rtentry$$0000000A) refers to libinit.o(.ARM.Collect$$libinit$$00000000) for __rt_lib_init
    __rtentry2.o(.ARM.Collect$$rtentry$$0000000B) refers to boardinit3.o(.text) for _platform_post_lib_init
    __rtentry2.o(.ARM.Collect$$rtentry$$0000000D) refers to uart_test.o(.text.main) for main
    __rtentry2.o(.ARM.Collect$$rtentry$$0000000D) refers to exit.o(.text) for exit
    __rtentry2.o(.ARM.exidx) refers to __rtentry2.o(.ARM.Collect$$rtentry$$00000001) for .ARM.Collect$$rtentry$$00000001
    __rtentry2.o(.ARM.exidx) refers to __rtentry2.o(.ARM.Collect$$rtentry$$00000008) for .ARM.Collect$$rtentry$$00000008
    __rtentry2.o(.ARM.exidx) refers to __rtentry2.o(.ARM.Collect$$rtentry$$0000000A) for .ARM.Collect$$rtentry$$0000000A
    __rtentry2.o(.ARM.exidx) refers to __rtentry2.o(.ARM.Collect$$rtentry$$0000000B) for .ARM.Collect$$rtentry$$0000000B
    __rtentry2.o(.ARM.exidx) refers to __rtentry2.o(.ARM.Collect$$rtentry$$0000000D) for .ARM.Collect$$rtentry$$0000000D
    __rtentry4.o(.ARM.Collect$$rtentry$$00000004) refers to sys_stackheap_outer.o(.text) for __user_setup_stackheap
    __rtentry4.o(.ARM.exidx) refers to __rtentry4.o(.ARM.Collect$$rtentry$$00000004) for .ARM.Collect$$rtentry$$00000004
    _printf_char_common.o(.text) refers to __printf.o(.text) for __printf
    sys_stackheap_outer.o(.text) refers to libspace.o(.text) for __user_perproc_libspace
    sys_stackheap_outer.o(.text) refers to startup_stm32f411xe.o(.text) for __user_initial_stackheap
    exit.o(.text) refers to rtexit.o(.ARM.Collect$$rtexit$$00000000) for __rt_exit
    libinit.o(.ARM.Collect$$libinit$$00000000) refers (Special) to libinit2.o(.ARM.Collect$$libinit$$0000002E) for __rt_lib_init_alloca_1
    libinit.o(.ARM.Collect$$libinit$$00000000) refers (Special) to libinit2.o(.ARM.Collect$$libinit$$0000002C) for __rt_lib_init_argv_1
    libinit.o(.ARM.Collect$$libinit$$00000000) refers (Special) to libinit2.o(.ARM.Collect$$libinit$$0000001B) for __rt_lib_init_atexit_1
    libinit.o(.ARM.Collect$$libinit$$00000000) refers (Special) to libinit2.o(.ARM.Collect$$libinit$$00000021) for __rt_lib_init_clock_1
    libinit.o(.ARM.Collect$$libinit$$00000000) refers (Special) to libinit2.o(.ARM.Collect$$libinit$$00000032) for __rt_lib_init_cpp_1
    libinit.o(.ARM.Collect$$libinit$$00000000) refers (Special) to libinit2.o(.ARM.Collect$$libinit$$00000030) for __rt_lib_init_exceptions_1
    libinit.o(.ARM.Collect$$libinit$$00000000) refers (Special) to libinit2.o(.ARM.Collect$$libinit$$00000001) for __rt_lib_init_fp_1
    libinit.o(.ARM.Collect$$libinit$$00000000) refers (Special) to libinit2.o(.ARM.Collect$$libinit$$0000001F) for __rt_lib_init_fp_trap_1
    libinit.o(.ARM.Collect$$libinit$$00000000) refers (Special) to libinit2.o(.ARM.Collect$$libinit$$00000023) for __rt_lib_init_getenv_1
    libinit.o(.ARM.Collect$$libinit$$00000000) refers (Special) to libinit2.o(.ARM.Collect$$libinit$$0000000A) for __rt_lib_init_heap_1
    libinit.o(.ARM.Collect$$libinit$$00000000) refers (Special) to libinit2.o(.ARM.Collect$$libinit$$00000011) for __rt_lib_init_lc_collate_1
    libinit.o(.ARM.Collect$$libinit$$00000000) refers (Special) to libinit2.o(.ARM.Collect$$libinit$$00000013) for __rt_lib_init_lc_ctype_1
    libinit.o(.ARM.Collect$$libinit$$00000000) refers (Special) to libinit2.o(.ARM.Collect$$libinit$$00000015) for __rt_lib_init_lc_monetary_1
    libinit.o(.ARM.Collect$$libinit$$00000000) refers (Special) to libinit2.o(.ARM.Collect$$libinit$$00000017) for __rt_lib_init_lc_numeric_1
    libinit.o(.ARM.Collect$$libinit$$00000000) refers (Special) to libinit2.o(.ARM.Collect$$libinit$$00000019) for __rt_lib_init_lc_time_1
    libinit.o(.ARM.Collect$$libinit$$00000000) refers (Special) to libinit2.o(.ARM.Collect$$libinit$$00000004) for __rt_lib_init_preinit_1
    libinit.o(.ARM.Collect$$libinit$$00000000) refers (Special) to libinit2.o(.ARM.Collect$$libinit$$0000000E) for __rt_lib_init_rand_1
    libinit.o(.ARM.Collect$$libinit$$00000000) refers (Special) to libinit2.o(.ARM.Collect$$libinit$$00000033) for __rt_lib_init_return
    libinit.o(.ARM.Collect$$libinit$$00000000) refers (Special) to libinit2.o(.ARM.Collect$$libinit$$0000001D) for __rt_lib_init_signal_1
    libinit.o(.ARM.Collect$$libinit$$00000000) refers (Special) to libinit2.o(.ARM.Collect$$libinit$$00000025) for __rt_lib_init_stdio_1
    libinit.o(.ARM.Collect$$libinit$$00000000) refers (Special) to libinit2.o(.ARM.Collect$$libinit$$0000000C) for __rt_lib_init_user_alloc_1
    libspace.o(.text) refers to libspace.o(.bss) for __libspace_start
    rtexit.o(.ARM.Collect$$rtexit$$00000000) refers (Special) to rtexit2.o(.ARM.Collect$$rtexit$$00000004) for __rt_exit_exit
    rtexit.o(.ARM.Collect$$rtexit$$00000000) refers (Special) to rtexit2.o(.ARM.Collect$$rtexit$$00000003) for __rt_exit_ls
    rtexit.o(.ARM.Collect$$rtexit$$00000000) refers (Special) to rtexit2.o(.ARM.Collect$$rtexit$$00000002) for __rt_exit_prels_1
    rtexit.o(.ARM.exidx) refers (Special) to rtexit2.o(.ARM.Collect$$rtexit$$00000004) for __rt_exit_exit
    rtexit.o(.ARM.exidx) refers (Special) to rtexit2.o(.ARM.Collect$$rtexit$$00000003) for __rt_exit_ls
    rtexit.o(.ARM.exidx) refers (Special) to rtexit2.o(.ARM.Collect$$rtexit$$00000002) for __rt_exit_prels_1
    rtexit.o(.ARM.exidx) refers to rtexit.o(.ARM.Collect$$rtexit$$00000000) for .ARM.Collect$$rtexit$$00000000
    libinit2.o(.ARM.Collect$$libinit$$00000001) refers to fpinit.o(x$fpl$fpinit) for _fp_init
    libinit2.o(.ARM.Collect$$libinit$$00000010) refers to libinit2.o(.ARM.Collect$$libinit$$0000000F) for .ARM.Collect$$libinit$$0000000F
    libinit2.o(.ARM.Collect$$libinit$$00000012) refers to libinit2.o(.ARM.Collect$$libinit$$0000000F) for .ARM.Collect$$libinit$$0000000F
    libinit2.o(.ARM.Collect$$libinit$$00000014) refers to libinit2.o(.ARM.Collect$$libinit$$0000000F) for .ARM.Collect$$libinit$$0000000F
    libinit2.o(.ARM.Collect$$libinit$$00000016) refers to libinit2.o(.ARM.Collect$$libinit$$0000000F) for .ARM.Collect$$libinit$$0000000F
    libinit2.o(.ARM.Collect$$libinit$$00000018) refers to libinit2.o(.ARM.Collect$$libinit$$0000000F) for .ARM.Collect$$libinit$$0000000F
    libinit2.o(.ARM.Collect$$libinit$$00000026) refers to argv_veneer.o(.emb_text) for __ARM_argv_veneer
    libinit2.o(.ARM.Collect$$libinit$$00000027) refers to argv_veneer.o(.emb_text) for __ARM_argv_veneer
    rtexit2.o(.ARM.Collect$$rtexit$$00000003) refers to libshutdown.o(.ARM.Collect$$libshutdown$$00000000) for __rt_lib_shutdown
    rtexit2.o(.ARM.Collect$$rtexit$$00000004) refers to sys_exit.o(.text) for _sys_exit
    rtexit2.o(.ARM.exidx) refers to rtexit2.o(.ARM.Collect$$rtexit$$00000001) for .ARM.Collect$$rtexit$$00000001
    rtexit2.o(.ARM.exidx) refers to rtexit2.o(.ARM.Collect$$rtexit$$00000003) for .ARM.Collect$$rtexit$$00000003
    rtexit2.o(.ARM.exidx) refers to rtexit2.o(.ARM.Collect$$rtexit$$00000004) for .ARM.Collect$$rtexit$$00000004
    argv_veneer.o(.emb_text) refers to no_argv.o(.text) for __ARM_get_argv
    sys_exit.o(.text) refers (Special) to use_no_semi.o(.text) for __I$use$semihosting
    sys_exit.o(.text) refers (Special) to indicate_semi.o(.text) for __semihosting_library_function
    sys_exit_hlt.o(.text) refers (Special) to use_no_semi.o(.text) for __I$use$semihosting
    sys_exit_hlt.o(.text) refers (Special) to indicate_semi.o(.text) for __semihosting_library_function
    _get_argv_nomalloc.o(.text) refers (Special) to hrguard.o(.text) for __heap_region$guard
    _get_argv_nomalloc.o(.text) refers to defsig_rtmem_outer.o(.text) for __rt_SIGRTMEM
    _get_argv_nomalloc.o(.text) refers to sys_command.o(.text) for _sys_command_string
    libshutdown.o(.ARM.Collect$$libshutdown$$00000000) refers (Special) to libshutdown2.o(.ARM.Collect$$libshutdown$$00000002) for __rt_lib_shutdown_cpp_1
    libshutdown.o(.ARM.Collect$$libshutdown$$00000000) refers (Special) to libshutdown2.o(.ARM.Collect$$libshutdown$$00000007) for __rt_lib_shutdown_fp_trap_1
    libshutdown.o(.ARM.Collect$$libshutdown$$00000000) refers (Special) to libshutdown2.o(.ARM.Collect$$libshutdown$$0000000F) for __rt_lib_shutdown_heap_1
    libshutdown.o(.ARM.Collect$$libshutdown$$00000000) refers (Special) to libshutdown2.o(.ARM.Collect$$libshutdown$$00000010) for __rt_lib_shutdown_return
    libshutdown.o(.ARM.Collect$$libshutdown$$00000000) refers (Special) to libshutdown2.o(.ARM.Collect$$libshutdown$$0000000A) for __rt_lib_shutdown_signal_1
    libshutdown.o(.ARM.Collect$$libshutdown$$00000000) refers (Special) to libshutdown2.o(.ARM.Collect$$libshutdown$$00000004) for __rt_lib_shutdown_stdio_1
    libshutdown.o(.ARM.Collect$$libshutdown$$00000000) refers (Special) to libshutdown2.o(.ARM.Collect$$libshutdown$$0000000C) for __rt_lib_shutdown_user_alloc_1
    sys_command.o(.text) refers (Special) to use_no_semi.o(.text) for __I$use$semihosting
    sys_command.o(.text) refers (Special) to indicate_semi.o(.text) for __semihosting_library_function
    sys_command_hlt.o(.text) refers (Special) to use_no_semi.o(.text) for __I$use$semihosting
    sys_command_hlt.o(.text) refers (Special) to indicate_semi.o(.text) for __semihosting_library_function
    defsig_rtmem_outer.o(.text) refers to defsig_rtmem_inner.o(.text) for __rt_SIGRTMEM_inner
    defsig_rtmem_outer.o(.text) refers to defsig_exit.o(.text) for __sig_exit
    defsig_rtmem_formal.o(.text) refers to rt_raise.o(.text) for __rt_raise
    rt_raise.o(.text) refers to __raise.o(.text) for __raise
    rt_raise.o(.text) refers to sys_exit.o(.text) for _sys_exit
    defsig_exit.o(.text) refers to sys_exit.o(.text) for _sys_exit
    defsig_rtmem_inner.o(.text) refers to defsig_general.o(.text) for __default_signal_display
    __raise.o(.text) refers to defsig.o(CL$$defsig) for __default_signal_handler
    defsig_general.o(.text) refers to sys_wrch.o(.text) for _ttywrch
    sys_wrch.o(.text) refers (Special) to use_no_semi.o(.text) for __I$use$semihosting
    sys_wrch.o(.text) refers (Special) to indicate_semi.o(.text) for __semihosting_library_function
    sys_wrch_hlt.o(.text) refers (Special) to use_no_semi.o(.text) for __I$use$semihosting
    sys_wrch_hlt.o(.text) refers (Special) to indicate_semi.o(.text) for __semihosting_library_function
    defsig.o(CL$$defsig) refers to defsig_rtmem_inner.o(.text) for __rt_SIGRTMEM_inner
    defsig_abrt_inner.o(.text) refers to defsig_general.o(.text) for __default_signal_display
    defsig_fpe_inner.o(.text) refers to defsig_general.o(.text) for __default_signal_display
    defsig_rtred_inner.o(.text) refers to defsig_general.o(.text) for __default_signal_display
    defsig_stak_inner.o(.text) refers to defsig_general.o(.text) for __default_signal_display
    defsig_pvfn_inner.o(.text) refers to defsig_general.o(.text) for __default_signal_display
    defsig_cppl_inner.o(.text) refers to defsig_general.o(.text) for __default_signal_display
    defsig_segv_inner.o(.text) refers to defsig_general.o(.text) for __default_signal_display
    defsig_other.o(.text) refers to defsig_general.o(.text) for __default_signal_display


==============================================================================

Removing Unused input sections from the image.

    Removing uart_test.o(.text), (0 bytes).
    Removing uart_test.o(.ARM.exidx.text.main), (8 bytes).
    Removing uart_test.o(.ARM.exidx.text.setup), (8 bytes).
    Removing uart_test.o(.ARM.use_no_argv), (4 bytes).
    Removing ecexti.o(.text), (0 bytes).
    Removing ecexti.o(.text.portNumber), (56 bytes).
    Removing ecexti.o(.ARM.exidx.text.portNumber), (8 bytes).
    Removing ecexti.o(.text.EXTI_init), (114 bytes).
    Removing ecexti.o(.ARM.exidx.text.EXTI_init), (8 bytes).
    Removing ecexti.o(.text.EXTI_enable), (22 bytes).
    Removing ecexti.o(.ARM.exidx.text.EXTI_enable), (8 bytes).
    Removing ecexti.o(.text.__NVIC_EnableIRQ), (16 bytes).
    Removing ecexti.o(.ARM.exidx.text.__NVIC_EnableIRQ), (8 bytes).
    Removing ecexti.o(.text.__NVIC_SetPriority), (14 bytes).
    Removing ecexti.o(.ARM.exidx.text.__NVIC_SetPriority), (8 bytes).
    Removing ecexti.o(.text.EXTI_disable), (24 bytes).
    Removing ecexti.o(.ARM.exidx.text.EXTI_disable), (8 bytes).
    Removing ecexti.o(.text.is_pending_EXTI), (20 bytes).
    Removing ecexti.o(.ARM.exidx.text.is_pending_EXTI), (8 bytes).
    Removing ecexti.o(.text.clear_pending_EXTI), (22 bytes).
    Removing ecexti.o(.ARM.exidx.text.clear_pending_EXTI), (8 bytes).
    Removing ecgpio.o(.text), (0 bytes).
    Removing ecgpio.o(.text.GPIO_init), (138 bytes).
    Removing ecgpio.o(.ARM.exidx.text.GPIO_init), (8 bytes).
    Removing ecgpio.o(.text.GPIO_mode), (34 bytes).
    Removing ecgpio.o(.ARM.exidx.text.GPIO_mode), (8 bytes).
    Removing ecgpio.o(.text.GPIO_write), (32 bytes).
    Removing ecgpio.o(.ARM.exidx.text.GPIO_write), (8 bytes).
    Removing ecgpio.o(.text.GPIO_read), (12 bytes).
    Removing ecgpio.o(.ARM.exidx.text.GPIO_read), (8 bytes).
    Removing ecgpio.o(.text.GPIO_ospeed), (34 bytes).
    Removing ecgpio.o(.ARM.exidx.text.GPIO_ospeed), (8 bytes).
    Removing ecgpio.o(.text.GPIO_otype), (32 bytes).
    Removing ecgpio.o(.ARM.exidx.text.GPIO_otype), (8 bytes).
    Removing ecgpio.o(.text.GPIO_pudr), (34 bytes).
    Removing ecgpio.o(.ARM.exidx.text.GPIO_pudr), (8 bytes).
    Removing ecgpio.o(.text.sevensegment_init), (338 bytes).
    Removing ecgpio.o(.ARM.exidx.text.sevensegment_init), (8 bytes).
    Removing ecgpio.o(.text.sevensegment_decode), (120 bytes).
    Removing ecgpio.o(.ARM.exidx.text.sevensegment_decode), (8 bytes).
    Removing ecgpio.o(.rodata..L__const.sevensegment_decode.number), (320 bytes).
    Removing ecpwm.o(.text), (0 bytes).
    Removing ecpwm.o(.text.PWM_init), (478 bytes).
    Removing ecpwm.o(.ARM.exidx.text.PWM_init), (8 bytes).
    Removing ecpwm.o(.text.PWM_pinmap), (262 bytes).
    Removing ecpwm.o(.ARM.exidx.text.PWM_pinmap), (8 bytes).
    Removing ecpwm.o(.text.PWM_period_ms), (10 bytes).
    Removing ecpwm.o(.ARM.exidx.text.PWM_period_ms), (8 bytes).
    Removing ecpwm.o(.text.PWM_period_us), (10 bytes).
    Removing ecpwm.o(.ARM.exidx.text.PWM_period_us), (8 bytes).
    Removing ecpwm.o(.text.PWM_pulsewidth_ms), (118 bytes).
    Removing ecpwm.o(.ARM.exidx.text.PWM_pulsewidth_ms), (8 bytes).
    Removing ecpwm.o(.text.PWM_duty), (76 bytes).
    Removing ecpwm.o(.ARM.exidx.text.PWM_duty), (8 bytes).
    Removing ecrcc.o(.text), (0 bytes).
    Removing ecrcc.o(.text.RCC_HSI_init), (50 bytes).
    Removing ecrcc.o(.ARM.exidx.text.RCC_HSI_init), (8 bytes).
    Removing ecrcc.o(.ARM.exidx.text.RCC_PLL_init), (8 bytes).
    Removing ecrcc.o(.text.RCC_GPIOA_enable), (18 bytes).
    Removing ecrcc.o(.ARM.exidx.text.RCC_GPIOA_enable), (8 bytes).
    Removing ecrcc.o(.text.RCC_GPIOB_enable), (18 bytes).
    Removing ecrcc.o(.ARM.exidx.text.RCC_GPIOB_enable), (8 bytes).
    Removing ecrcc.o(.text.RCC_GPIOC_enable), (18 bytes).
    Removing ecrcc.o(.ARM.exidx.text.RCC_GPIOC_enable), (8 bytes).
    Removing ecrcc.o(.text.RCC_GPIOD_enable), (18 bytes).
    Removing ecrcc.o(.ARM.exidx.text.RCC_GPIOD_enable), (8 bytes).
    Removing ecrcc.o(.text.RCC_GPIOE_enable), (18 bytes).
    Removing ecrcc.o(.ARM.exidx.text.RCC_GPIOE_enable), (8 bytes).
    Removing ecrcc.o(.text.RCC_GPIOH_enable), (18 bytes).
    Removing ecrcc.o(.ARM.exidx.text.RCC_GPIOH_enable), (8 bytes).
    Removing ecsystick.o(.text), (0 bytes).
    Removing ecsystick.o(.ARM.exidx.text.SysTick_init), (8 bytes).
    Removing ecsystick.o(.ARM.exidx.text.SysTick_disable), (8 bytes).
    Removing ecsystick.o(.ARM.exidx.text.__NVIC_SetPriority), (8 bytes).
    Removing ecsystick.o(.ARM.exidx.text.SysTick_enable), (8 bytes).
    Removing ecsystick.o(.ARM.exidx.text.delay_ms), (8 bytes).
    Removing ecsystick.o(.text.SysTick_val), (16 bytes).
    Removing ecsystick.o(.ARM.exidx.text.SysTick_val), (8 bytes).
    Removing ecsystick.o(.text.SysTick_reset), (14 bytes).
    Removing ecsystick.o(.ARM.exidx.text.SysTick_reset), (8 bytes).
    Removing ecsystick.o(.ARM.exidx.text.SysTick_Handler), (8 bytes).
    Removing ectim.o(.text), (0 bytes).
    Removing ectim.o(.text.TIM_init), (294 bytes).
    Removing ectim.o(.ARM.exidx.text.TIM_init), (8 bytes).
    Removing ectim.o(.text.TIM_period_ms), (24 bytes).
    Removing ectim.o(.ARM.exidx.text.TIM_period_ms), (8 bytes).
    Removing ectim.o(.text.TIM_period_us), (16 bytes).
    Removing ectim.o(.ARM.exidx.text.TIM_period_us), (8 bytes).
    Removing ectim.o(.text.TIM_INT_init), (176 bytes).
    Removing ectim.o(.ARM.exidx.text.TIM_INT_init), (8 bytes).
    Removing ectim.o(.text.__NVIC_EnableIRQ), (32 bytes).
    Removing ectim.o(.ARM.exidx.text.__NVIC_EnableIRQ), (8 bytes).
    Removing ectim.o(.text.__NVIC_SetPriority), (16 bytes).
    Removing ectim.o(.ARM.exidx.text.__NVIC_SetPriority), (8 bytes).
    Removing ectim.o(.text.TIM_INT_enable), (10 bytes).
    Removing ectim.o(.ARM.exidx.text.TIM_INT_enable), (8 bytes).
    Removing ectim.o(.text.TIM_INT_disable), (10 bytes).
    Removing ectim.o(.ARM.exidx.text.TIM_INT_disable), (8 bytes).
    Removing ectim.o(.text.is_UIF), (8 bytes).
    Removing ectim.o(.ARM.exidx.text.is_UIF), (8 bytes).
    Removing ectim.o(.text.clear_UIF), (10 bytes).
    Removing ectim.o(.ARM.exidx.text.clear_UIF), (8 bytes).
    Removing ecuart.o(.text), (0 bytes).
    Removing ecuart.o(.ARM.exidx.text.fputc), (8 bytes).
    Removing ecuart.o(.ARM.exidx.text.USART_write), (8 bytes).
    Removing ecuart.o(.ARM.exidx.text.UART2_init), (8 bytes).
    Removing ecuart.o(.ARM.exidx.text.__NVIC_SetPriority), (8 bytes).
    Removing ecuart.o(.ARM.exidx.text.__NVIC_EnableIRQ), (8 bytes).
    Removing ecuart.o(.text.USART_delay), (2 bytes).
    Removing ecuart.o(.ARM.exidx.text.USART_delay), (8 bytes).
    Removing ecuart.o(.bss.__stdin), (4 bytes).
    Removing system_stm32f4xx.o(.text), (0 bytes).
    Removing system_stm32f4xx.o(.ARM.exidx.text.SystemInit), (8 bytes).
    Removing system_stm32f4xx.o(.text.SystemCoreClockUpdate), (126 bytes).
    Removing system_stm32f4xx.o(.ARM.exidx.text.SystemCoreClockUpdate), (8 bytes).
    Removing system_stm32f4xx.o(.data.SystemCoreClock), (4 bytes).
    Removing system_stm32f4xx.o(.rodata.AHBPrescTable), (16 bytes).
    Removing system_stm32f4xx.o(.rodata.APBPrescTable), (8 bytes).

118 unused section(s) (total 3756 bytes) removed from the image.

==============================================================================

Image Symbol Table

    Local Symbols

    Symbol Name                              Value     Ov Type        Size  Object(Section)

    ../clib/angel/boardlib.s                 0x00000000   Number         0  boardinit1.o ABSOLUTE
    ../clib/angel/boardlib.s                 0x00000000   Number         0  boardinit2.o ABSOLUTE
    ../clib/angel/boardlib.s                 0x00000000   Number         0  boardinit3.o ABSOLUTE
    ../clib/angel/boardlib.s                 0x00000000   Number         0  boardshut.o ABSOLUTE
    ../clib/angel/handlers.s                 0x00000000   Number         0  __scatter_copy.o ABSOLUTE
    ../clib/angel/handlers.s                 0x00000000   Number         0  __scatter_zi.o ABSOLUTE
    ../clib/angel/kernel.s                   0x00000000   Number         0  __rtentry.o ABSOLUTE
    ../clib/angel/kernel.s                   0x00000000   Number         0  __rtentry2.o ABSOLUTE
    ../clib/angel/kernel.s                   0x00000000   Number         0  __rtentry4.o ABSOLUTE
    ../clib/angel/kernel.s                   0x00000000   Number         0  rtexit.o ABSOLUTE
    ../clib/angel/kernel.s                   0x00000000   Number         0  rtexit2.o ABSOLUTE
    ../clib/angel/rt.s                       0x00000000   Number         0  rt_raise.o ABSOLUTE
    ../clib/angel/scatter.s                  0x00000000   Number         0  __scatter.o ABSOLUTE
    ../clib/angel/startup.s                  0x00000000   Number         0  __main.o ABSOLUTE
    ../clib/angel/sys.s                      0x00000000   Number         0  sys_stackheap_outer.o ABSOLUTE
    ../clib/angel/sys.s                      0x00000000   Number         0  libspace.o ABSOLUTE
    ../clib/angel/sys.s                      0x00000000   Number         0  use_no_semi.o ABSOLUTE
    ../clib/angel/sys.s                      0x00000000   Number         0  indicate_semi.o ABSOLUTE
    ../clib/angel/sysapp.c                   0x00000000   Number         0  sys_exit.o ABSOLUTE
    ../clib/angel/sysapp.c                   0x00000000   Number         0  sys_exit_hlt.o ABSOLUTE
    ../clib/angel/sysapp.c                   0x00000000   Number         0  sys_command.o ABSOLUTE
    ../clib/angel/sysapp.c                   0x00000000   Number         0  sys_command_hlt.o ABSOLUTE
    ../clib/angel/sysapp.c                   0x00000000   Number         0  sys_wrch.o ABSOLUTE
    ../clib/angel/sysapp.c                   0x00000000   Number         0  sys_wrch_hlt.o ABSOLUTE
    ../clib/armsys.c                         0x00000000   Number         0  argv_veneer.o ABSOLUTE
    ../clib/armsys.c                         0x00000000   Number         0  argv_veneer.o ABSOLUTE
    ../clib/armsys.c                         0x00000000   Number         0  _get_argv_nomalloc.o ABSOLUTE
    ../clib/armsys.c                         0x00000000   Number         0  no_argv.o ABSOLUTE
    ../clib/heapalloc.c                      0x00000000   Number         0  hrguard.o ABSOLUTE
    ../clib/heapaux.c                        0x00000000   Number         0  heapauxi.o ABSOLUTE
    ../clib/libinit.s                        0x00000000   Number         0  libinit.o ABSOLUTE
    ../clib/libinit.s                        0x00000000   Number         0  libinit2.o ABSOLUTE
    ../clib/libinit.s                        0x00000000   Number         0  libshutdown.o ABSOLUTE
    ../clib/libinit.s                        0x00000000   Number         0  libshutdown2.o ABSOLUTE
    ../clib/printf.c                         0x00000000   Number         0  __2printf.o ABSOLUTE
    ../clib/printf.c                         0x00000000   Number         0  noretval__2printf.o ABSOLUTE
    ../clib/printf.c                         0x00000000   Number         0  __printf.o ABSOLUTE
    ../clib/printf.c                         0x00000000   Number         0  _printf_dec.o ABSOLUTE
    ../clib/printf.c                         0x00000000   Number         0  __printf_flags.o ABSOLUTE
    ../clib/printf.c                         0x00000000   Number         0  __printf_ss.o ABSOLUTE
    ../clib/printf.c                         0x00000000   Number         0  __printf_flags_ss.o ABSOLUTE
    ../clib/printf.c                         0x00000000   Number         0  __printf_wp.o ABSOLUTE
    ../clib/printf.c                         0x00000000   Number         0  __printf_flags_wp.o ABSOLUTE
    ../clib/printf.c                         0x00000000   Number         0  __printf_ss_wp.o ABSOLUTE
    ../clib/printf.c                         0x00000000   Number         0  __printf_flags_ss_wp.o ABSOLUTE
    ../clib/printf.c                         0x00000000   Number         0  _printf_intcommon.o ABSOLUTE
    ../clib/printf.c                         0x00000000   Number         0  _printf_char_file.o ABSOLUTE
    ../clib/printf.c                         0x00000000   Number         0  _printf_char_common.o ABSOLUTE
    ../clib/printf.c                         0x00000000   Number         0  __printf_nopercent.o ABSOLUTE
    ../clib/printf_percent.s                 0x00000000   Number         0  _printf_d.o ABSOLUTE
    ../clib/printf_percent.s                 0x00000000   Number         0  _printf_percent.o ABSOLUTE
    ../clib/printf_percent.s                 0x00000000   Number         0  _printf_percent_end.o ABSOLUTE
    ../clib/signal.c                         0x00000000   Number         0  defsig_rtmem_outer.o ABSOLUTE
    ../clib/signal.c                         0x00000000   Number         0  defsig_rtmem_formal.o ABSOLUTE
    ../clib/signal.c                         0x00000000   Number         0  defsig_exit.o ABSOLUTE
    ../clib/signal.c                         0x00000000   Number         0  defsig_rtmem_inner.o ABSOLUTE
    ../clib/signal.c                         0x00000000   Number         0  __raise.o ABSOLUTE
    ../clib/signal.c                         0x00000000   Number         0  defsig_general.o ABSOLUTE
    ../clib/signal.c                         0x00000000   Number         0  defsig_abrt_inner.o ABSOLUTE
    ../clib/signal.c                         0x00000000   Number         0  defsig_fpe_inner.o ABSOLUTE
    ../clib/signal.c                         0x00000000   Number         0  defsig_rtred_inner.o ABSOLUTE
    ../clib/signal.c                         0x00000000   Number         0  defsig_stak_inner.o ABSOLUTE
    ../clib/signal.c                         0x00000000   Number         0  defsig_pvfn_inner.o ABSOLUTE
    ../clib/signal.c                         0x00000000   Number         0  defsig_cppl_inner.o ABSOLUTE
    ../clib/signal.c                         0x00000000   Number         0  defsig_segv_inner.o ABSOLUTE
    ../clib/signal.c                         0x00000000   Number         0  defsig_other.o ABSOLUTE
    ../clib/signal.s                         0x00000000   Number         0  defsig.o ABSOLUTE
    ../clib/stdio.c                          0x00000000   Number         0  puts.o ABSOLUTE
    ../clib/stdio.c                          0x00000000   Number         0  ferror.o ABSOLUTE
    ../clib/stdio.c                          0x00000000   Number         0  ferror_locked.o ABSOLUTE
    ../clib/stdlib.c                         0x00000000   Number         0  exit.o ABSOLUTE
    ../fplib/daddsub.s                       0x00000000   Number         0  daddsub_clz.o ABSOLUTE
    ../fplib/dfixu.s                         0x00000000   Number         0  dfixu.o ABSOLUTE
    ../fplib/dflt.s                          0x00000000   Number         0  dflt_clz.o ABSOLUTE
    ../fplib/dmul.s                          0x00000000   Number         0  dmul.o ABSOLUTE
    ../fplib/dnaninf.s                       0x00000000   Number         0  dnaninf.o ABSOLUTE
    ../fplib/dretinf.s                       0x00000000   Number         0  dretinf.o ABSOLUTE
    ../fplib/fpinit.s                        0x00000000   Number         0  fpinit.o ABSOLUTE
    ../fplib/usenofp.s                       0x00000000   Number         0  usenofp.o ABSOLUTE
    RTE/Device/STM32F411RETx/startup_stm32f411xe.s 0x00000000   Number         0  startup_stm32f411xe.o ABSOLUTE
    UART_test.c                              0x00000000   Number         0  uart_test.o ABSOLUTE
    dc.s                                     0x00000000   Number         0  dc.o ABSOLUTE
    ecEXTI.c                                 0x00000000   Number         0  ecexti.o ABSOLUTE
    ecGPIO.c                                 0x00000000   Number         0  ecgpio.o ABSOLUTE
    ecPWM.c                                  0x00000000   Number         0  ecpwm.o ABSOLUTE
    ecRCC.c                                  0x00000000   Number         0  ecrcc.o ABSOLUTE
    ecSysTick.c                              0x00000000   Number         0  ecsystick.o ABSOLUTE
    ecTIM.c                                  0x00000000   Number         0  ectim.o ABSOLUTE
    ecUART.c                                 0x00000000   Number         0  ecuart.o ABSOLUTE
    system_stm32f4xx.c                       0x00000000   Number         0  system_stm32f4xx.o ABSOLUTE
    RESET                                    0x08000000   Section      408  startup_stm32f411xe.o(RESET)
    !!!main                                  0x08000198   Section        8  __main.o(!!!main)
    !!!scatter                               0x080001a0   Section       52  __scatter.o(!!!scatter)
    !!handler_copy                           0x080001d4   Section       26  __scatter_copy.o(!!handler_copy)
    !!handler_zi                             0x080001f0   Section       28  __scatter_zi.o(!!handler_zi)
    .ARM.Collect$$_printf_percent$$00000000  0x0800020c   Section        0  _printf_percent.o(.ARM.Collect$$_printf_percent$$00000000)
    .ARM.Collect$$_printf_percent$$00000009  0x0800020c   Section        6  _printf_d.o(.ARM.Collect$$_printf_percent$$00000009)
    .ARM.Collect$$_printf_percent$$00000017  0x08000212   Section        4  _printf_percent_end.o(.ARM.Collect$$_printf_percent$$00000017)
    .ARM.Collect$$libinit$$00000000          0x08000216   Section        2  libinit.o(.ARM.Collect$$libinit$$00000000)
    .ARM.Collect$$libinit$$00000001          0x08000218   Section        4  libinit2.o(.ARM.Collect$$libinit$$00000001)
    .ARM.Collect$$libinit$$00000004          0x0800021c   Section        0  libinit2.o(.ARM.Collect$$libinit$$00000004)
    .ARM.Collect$$libinit$$0000000A          0x0800021c   Section        0  libinit2.o(.ARM.Collect$$libinit$$0000000A)
    .ARM.Collect$$libinit$$0000000C          0x0800021c   Section        0  libinit2.o(.ARM.Collect$$libinit$$0000000C)
    .ARM.Collect$$libinit$$0000000E          0x0800021c   Section        0  libinit2.o(.ARM.Collect$$libinit$$0000000E)
    .ARM.Collect$$libinit$$00000011          0x0800021c   Section        0  libinit2.o(.ARM.Collect$$libinit$$00000011)
    .ARM.Collect$$libinit$$00000013          0x0800021c   Section        0  libinit2.o(.ARM.Collect$$libinit$$00000013)
    .ARM.Collect$$libinit$$00000015          0x0800021c   Section        0  libinit2.o(.ARM.Collect$$libinit$$00000015)
    .ARM.Collect$$libinit$$00000017          0x0800021c   Section        0  libinit2.o(.ARM.Collect$$libinit$$00000017)
    .ARM.Collect$$libinit$$00000019          0x0800021c   Section        0  libinit2.o(.ARM.Collect$$libinit$$00000019)
    .ARM.Collect$$libinit$$0000001B          0x0800021c   Section        0  libinit2.o(.ARM.Collect$$libinit$$0000001B)
    .ARM.Collect$$libinit$$0000001D          0x0800021c   Section        0  libinit2.o(.ARM.Collect$$libinit$$0000001D)
    .ARM.Collect$$libinit$$0000001F          0x0800021c   Section        0  libinit2.o(.ARM.Collect$$libinit$$0000001F)
    .ARM.Collect$$libinit$$00000021          0x0800021c   Section        0  libinit2.o(.ARM.Collect$$libinit$$00000021)
    .ARM.Collect$$libinit$$00000023          0x0800021c   Section        0  libinit2.o(.ARM.Collect$$libinit$$00000023)
    .ARM.Collect$$libinit$$00000025          0x0800021c   Section        0  libinit2.o(.ARM.Collect$$libinit$$00000025)
    .ARM.Collect$$libinit$$0000002C          0x0800021c   Section        0  libinit2.o(.ARM.Collect$$libinit$$0000002C)
    .ARM.Collect$$libinit$$0000002E          0x0800021c   Section        0  libinit2.o(.ARM.Collect$$libinit$$0000002E)
    .ARM.Collect$$libinit$$00000030          0x0800021c   Section        0  libinit2.o(.ARM.Collect$$libinit$$00000030)
    .ARM.Collect$$libinit$$00000032          0x0800021c   Section        0  libinit2.o(.ARM.Collect$$libinit$$00000032)
    .ARM.Collect$$libinit$$00000033          0x0800021c   Section        2  libinit2.o(.ARM.Collect$$libinit$$00000033)
    .ARM.Collect$$libshutdown$$00000000      0x0800021e   Section        2  libshutdown.o(.ARM.Collect$$libshutdown$$00000000)
    .ARM.Collect$$libshutdown$$00000002      0x08000220   Section        0  libshutdown2.o(.ARM.Collect$$libshutdown$$00000002)
    .ARM.Collect$$libshutdown$$00000004      0x08000220   Section        0  libshutdown2.o(.ARM.Collect$$libshutdown$$00000004)
    .ARM.Collect$$libshutdown$$00000007      0x08000220   Section        0  libshutdown2.o(.ARM.Collect$$libshutdown$$00000007)
    .ARM.Collect$$libshutdown$$0000000A      0x08000220   Section        0  libshutdown2.o(.ARM.Collect$$libshutdown$$0000000A)
    .ARM.Collect$$libshutdown$$0000000C      0x08000220   Section        0  libshutdown2.o(.ARM.Collect$$libshutdown$$0000000C)
    .ARM.Collect$$libshutdown$$0000000F      0x08000220   Section        0  libshutdown2.o(.ARM.Collect$$libshutdown$$0000000F)
    .ARM.Collect$$libshutdown$$00000010      0x08000220   Section        2  libshutdown2.o(.ARM.Collect$$libshutdown$$00000010)
    .ARM.Collect$$rtentry$$00000000          0x08000222   Section        0  __rtentry.o(.ARM.Collect$$rtentry$$00000000)
    .ARM.Collect$$rtentry$$00000002          0x08000222   Section        0  __rtentry2.o(.ARM.Collect$$rtentry$$00000002)
    .ARM.Collect$$rtentry$$00000004          0x08000222   Section        6  __rtentry4.o(.ARM.Collect$$rtentry$$00000004)
    .ARM.Collect$$rtentry$$00000009          0x08000228   Section        0  __rtentry2.o(.ARM.Collect$$rtentry$$00000009)
    .ARM.Collect$$rtentry$$0000000A          0x08000228   Section        4  __rtentry2.o(.ARM.Collect$$rtentry$$0000000A)
    .ARM.Collect$$rtentry$$0000000C          0x0800022c   Section        0  __rtentry2.o(.ARM.Collect$$rtentry$$0000000C)
    .ARM.Collect$$rtentry$$0000000D          0x0800022c   Section        8  __rtentry2.o(.ARM.Collect$$rtentry$$0000000D)
    .ARM.Collect$$rtexit$$00000000           0x08000234   Section        2  rtexit.o(.ARM.Collect$$rtexit$$00000000)
    .ARM.Collect$$rtexit$$00000002           0x08000236   Section        0  rtexit2.o(.ARM.Collect$$rtexit$$00000002)
    .ARM.Collect$$rtexit$$00000003           0x08000236   Section        4  rtexit2.o(.ARM.Collect$$rtexit$$00000003)
    .ARM.Collect$$rtexit$$00000004           0x0800023a   Section        6  rtexit2.o(.ARM.Collect$$rtexit$$00000004)
    $v0                                      0x08000240   Number         0  startup_stm32f411xe.o(.text)
    .text                                    0x08000240   Section       64  startup_stm32f411xe.o(.text)
    .text                                    0x08000280   Section        0  noretval__2printf.o(.text)
    .text                                    0x08000298   Section        0  __printf.o(.text)
    .text                                    0x08000300   Section        0  _printf_dec.o(.text)
    .text                                    0x08000378   Section        0  puts.o(.text)
    .text                                    0x080003a4   Section        0  heapauxi.o(.text)
    .text                                    0x080003aa   Section        0  _printf_intcommon.o(.text)
    .text                                    0x0800045c   Section        0  _printf_char_file.o(.text)
    _printf_input_char                       0x08000481   Thumb Code    10  _printf_char_common.o(.text)
    .text                                    0x08000480   Section        0  _printf_char_common.o(.text)
    .text                                    0x080004b0   Section        0  ferror.o(.text)
    .text                                    0x080004b8   Section       74  sys_stackheap_outer.o(.text)
    .text                                    0x08000502   Section        0  exit.o(.text)
    .text                                    0x08000514   Section        8  libspace.o(.text)
    .text                                    0x0800051c   Section        0  sys_exit.o(.text)
    .text                                    0x08000528   Section        2  use_no_semi.o(.text)
    .text                                    0x0800052a   Section        0  indicate_semi.o(.text)
    [Anonymous Symbol]                       0x0800052c   Section        0  ecrcc.o(.text.RCC_PLL_init)
    [Anonymous Symbol]                       0x0800060c   Section        0  ecsystick.o(.text.SysTick_Handler)
    [Anonymous Symbol]                       0x08000624   Section        0  ecsystick.o(.text.SysTick_disable)
    [Anonymous Symbol]                       0x08000638   Section        0  ecsystick.o(.text.SysTick_enable)
    [Anonymous Symbol]                       0x08000650   Section        0  ecsystick.o(.text.SysTick_init)
    [Anonymous Symbol]                       0x080006c8   Section        0  system_stm32f4xx.o(.text.SystemInit)
    [Anonymous Symbol]                       0x080006e4   Section        0  ecuart.o(.text.UART2_init)
    [Anonymous Symbol]                       0x080007a4   Section        0  ecuart.o(.text.USART_write)
    __NVIC_EnableIRQ                         0x080007d1   Thumb Code    14  ecuart.o(.text.__NVIC_EnableIRQ)
    [Anonymous Symbol]                       0x080007d0   Section        0  ecuart.o(.text.__NVIC_EnableIRQ)
    __NVIC_SetPriority                       0x080007e1   Thumb Code    14  ecsystick.o(.text.__NVIC_SetPriority)
    [Anonymous Symbol]                       0x080007e0   Section        0  ecsystick.o(.text.__NVIC_SetPriority)
    __NVIC_SetPriority                       0x080007f1   Thumb Code    14  ecuart.o(.text.__NVIC_SetPriority)
    [Anonymous Symbol]                       0x080007f0   Section        0  ecuart.o(.text.__NVIC_SetPriority)
    [Anonymous Symbol]                       0x08000800   Section        0  ecsystick.o(.text.delay_ms)
    [Anonymous Symbol]                       0x08000814   Section        0  ecuart.o(.text.fputc)
    [Anonymous Symbol]                       0x08000838   Section        0  uart_test.o(.text.main)
    [Anonymous Symbol]                       0x0800086c   Section        0  uart_test.o(.text.setup)
    $v0                                      0x08000894   Number         0  daddsub_clz.o(x$fpl$dadd)
    x$fpl$dadd                               0x08000894   Section      336  daddsub_clz.o(x$fpl$dadd)
    _dadd1                                   0x080008a5   Thumb Code     0  daddsub_clz.o(x$fpl$dadd)
    $v0                                      0x080009e4   Number         0  dfixu.o(x$fpl$dfixu)
    x$fpl$dfixu                              0x080009e4   Section       90  dfixu.o(x$fpl$dfixu)
    $v0                                      0x08000a3e   Number         0  dflt_clz.o(x$fpl$dfltu)
    x$fpl$dfltu                              0x08000a3e   Section       38  dflt_clz.o(x$fpl$dfltu)
    $v0                                      0x08000a64   Number         0  dmul.o(x$fpl$dmul)
    x$fpl$dmul                               0x08000a64   Section      340  dmul.o(x$fpl$dmul)
    $v0                                      0x08000bb8   Number         0  dnaninf.o(x$fpl$dnaninf)
    x$fpl$dnaninf                            0x08000bb8   Section      156  dnaninf.o(x$fpl$dnaninf)
    $v0                                      0x08000c54   Number         0  dretinf.o(x$fpl$dretinf)
    x$fpl$dretinf                            0x08000c54   Section       12  dretinf.o(x$fpl$dretinf)
    $v0                                      0x08000c60   Number         0  daddsub_clz.o(x$fpl$dsub)
    x$fpl$dsub                               0x08000c60   Section      476  daddsub_clz.o(x$fpl$dsub)
    _dsub1                                   0x08000c71   Thumb Code     0  daddsub_clz.o(x$fpl$dsub)
    $v0                                      0x08000e3c   Number         0  fpinit.o(x$fpl$fpinit)
    x$fpl$fpinit                             0x08000e3c   Section       26  fpinit.o(x$fpl$fpinit)
    x$fpl$usenofp                            0x08000e56   Section        0  usenofp.o(x$fpl$usenofp)
    .bss                                     0x20000008   Section       96  libspace.o(.bss)
    Heap_Mem                                 0x20000070   Data         512  startup_stm32f411xe.o(HEAP)
    HEAP                                     0x20000070   Section      512  startup_stm32f411xe.o(HEAP)
    Stack_Mem                                0x20000270   Data        1024  startup_stm32f411xe.o(STACK)
    STACK                                    0x20000270   Section     1024  startup_stm32f411xe.o(STACK)
    __initial_sp                             0x20000670   Data           0  startup_stm32f411xe.o(STACK)

    Global Symbols

    Symbol Name                              Value     Ov Type        Size  Object(Section)

    BuildAttributes$$THM_ISAv4$E$P$D$K$B$S$7EM$VFPi3$EXTD16$VFPS$VFMA$PE$A:L22UL41UL21$X:L11$S22US41US21$IEEE1$IW$~IW$USESV6$~STKCKD$USESV7$~SHL$OTIME$ROPI$EBA8$UX$STANDARDLIB$REQ8$PRES8$EABIv2 0x00000000   Number         0  anon$$obj.o ABSOLUTE
    __ARM_exceptions_init                     - Undefined Weak Reference
    __alloca_initialize                       - Undefined Weak Reference
    __arm_preinit_                            - Undefined Weak Reference
    __cpp_initialize__aeabi_                  - Undefined Weak Reference
    __cxa_finalize                            - Undefined Weak Reference
    __rt_locale                               - Undefined Weak Reference
    __sigvec_lookup                           - Undefined Weak Reference
    _atexit_init                              - Undefined Weak Reference
    _call_atexit_fns                          - Undefined Weak Reference
    _clock_init                               - Undefined Weak Reference
    _fp_trap_init                             - Undefined Weak Reference
    _fp_trap_shutdown                         - Undefined Weak Reference
    _get_lc_collate                           - Undefined Weak Reference
    _get_lc_ctype                             - Undefined Weak Reference
    _get_lc_monetary                          - Undefined Weak Reference
    _get_lc_numeric                           - Undefined Weak Reference
    _get_lc_time                              - Undefined Weak Reference
    _getenv_init                              - Undefined Weak Reference
    _handle_redirection                       - Undefined Weak Reference
    _init_alloc                               - Undefined Weak Reference
    _init_user_alloc                          - Undefined Weak Reference
    _initio                                   - Undefined Weak Reference
    _mutex_acquire                            - Undefined Weak Reference
    _mutex_release                            - Undefined Weak Reference
    _printf_post_padding                      - Undefined Weak Reference
    _printf_pre_padding                       - Undefined Weak Reference
    _printf_truncate_signed                   - Undefined Weak Reference
    _printf_truncate_unsigned                 - Undefined Weak Reference
    _rand_init                                - Undefined Weak Reference
    _signal_finish                            - Undefined Weak Reference
    _signal_init                              - Undefined Weak Reference
    _terminate_alloc                          - Undefined Weak Reference
    _terminate_user_alloc                     - Undefined Weak Reference
    _terminateio                              - Undefined Weak Reference
    __Vectors_Size                           0x00000198   Number         0  startup_stm32f411xe.o ABSOLUTE
    __Vectors                                0x08000000   Data           4  startup_stm32f411xe.o(RESET)
    __Vectors_End                            0x08000198   Data           0  startup_stm32f411xe.o(RESET)
    __main                                   0x08000199   Thumb Code     8  __main.o(!!!main)
    __scatterload                            0x080001a1   Thumb Code     0  __scatter.o(!!!scatter)
    __scatterload_rt2                        0x080001a1   Thumb Code    44  __scatter.o(!!!scatter)
    __scatterload_rt2_thumb_only             0x080001a1   Thumb Code     0  __scatter.o(!!!scatter)
    __scatterload_null                       0x080001af   Thumb Code     0  __scatter.o(!!!scatter)
    __scatterload_copy                       0x080001d5   Thumb Code    26  __scatter_copy.o(!!handler_copy)
    __scatterload_zeroinit                   0x080001f1   Thumb Code    28  __scatter_zi.o(!!handler_zi)
    _printf_d                                0x0800020d   Thumb Code     0  _printf_d.o(.ARM.Collect$$_printf_percent$$00000009)
    _printf_percent                          0x0800020d   Thumb Code     0  _printf_percent.o(.ARM.Collect$$_printf_percent$$00000000)
    _printf_percent_end                      0x08000213   Thumb Code     0  _printf_percent_end.o(.ARM.Collect$$_printf_percent$$00000017)
    __rt_lib_init                            0x08000217   Thumb Code     0  libinit.o(.ARM.Collect$$libinit$$00000000)
    __rt_lib_init_fp_1                       0x08000219   Thumb Code     0  libinit2.o(.ARM.Collect$$libinit$$00000001)
    __rt_lib_init_alloca_1                   0x0800021d   Thumb Code     0  libinit2.o(.ARM.Collect$$libinit$$0000002E)
    __rt_lib_init_argv_1                     0x0800021d   Thumb Code     0  libinit2.o(.ARM.Collect$$libinit$$0000002C)
    __rt_lib_init_atexit_1                   0x0800021d   Thumb Code     0  libinit2.o(.ARM.Collect$$libinit$$0000001B)
    __rt_lib_init_clock_1                    0x0800021d   Thumb Code     0  libinit2.o(.ARM.Collect$$libinit$$00000021)
    __rt_lib_init_cpp_1                      0x0800021d   Thumb Code     0  libinit2.o(.ARM.Collect$$libinit$$00000032)
    __rt_lib_init_exceptions_1               0x0800021d   Thumb Code     0  libinit2.o(.ARM.Collect$$libinit$$00000030)
    __rt_lib_init_fp_trap_1                  0x0800021d   Thumb Code     0  libinit2.o(.ARM.Collect$$libinit$$0000001F)
    __rt_lib_init_getenv_1                   0x0800021d   Thumb Code     0  libinit2.o(.ARM.Collect$$libinit$$00000023)
    __rt_lib_init_heap_1                     0x0800021d   Thumb Code     0  libinit2.o(.ARM.Collect$$libinit$$0000000A)
    __rt_lib_init_lc_collate_1               0x0800021d   Thumb Code     0  libinit2.o(.ARM.Collect$$libinit$$00000011)
    __rt_lib_init_lc_ctype_1                 0x0800021d   Thumb Code     0  libinit2.o(.ARM.Collect$$libinit$$00000013)
    __rt_lib_init_lc_monetary_1              0x0800021d   Thumb Code     0  libinit2.o(.ARM.Collect$$libinit$$00000015)
    __rt_lib_init_lc_numeric_1               0x0800021d   Thumb Code     0  libinit2.o(.ARM.Collect$$libinit$$00000017)
    __rt_lib_init_lc_time_1                  0x0800021d   Thumb Code     0  libinit2.o(.ARM.Collect$$libinit$$00000019)
    __rt_lib_init_preinit_1                  0x0800021d   Thumb Code     0  libinit2.o(.ARM.Collect$$libinit$$00000004)
    __rt_lib_init_rand_1                     0x0800021d   Thumb Code     0  libinit2.o(.ARM.Collect$$libinit$$0000000E)
    __rt_lib_init_return                     0x0800021d   Thumb Code     0  libinit2.o(.ARM.Collect$$libinit$$00000033)
    __rt_lib_init_signal_1                   0x0800021d   Thumb Code     0  libinit2.o(.ARM.Collect$$libinit$$0000001D)
    __rt_lib_init_stdio_1                    0x0800021d   Thumb Code     0  libinit2.o(.ARM.Collect$$libinit$$00000025)
    __rt_lib_init_user_alloc_1               0x0800021d   Thumb Code     0  libinit2.o(.ARM.Collect$$libinit$$0000000C)
    __rt_lib_shutdown                        0x0800021f   Thumb Code     0  libshutdown.o(.ARM.Collect$$libshutdown$$00000000)
    __rt_lib_shutdown_cpp_1                  0x08000221   Thumb Code     0  libshutdown2.o(.ARM.Collect$$libshutdown$$00000002)
    __rt_lib_shutdown_fp_trap_1              0x08000221   Thumb Code     0  libshutdown2.o(.ARM.Collect$$libshutdown$$00000007)
    __rt_lib_shutdown_heap_1                 0x08000221   Thumb Code     0  libshutdown2.o(.ARM.Collect$$libshutdown$$0000000F)
    __rt_lib_shutdown_return                 0x08000221   Thumb Code     0  libshutdown2.o(.ARM.Collect$$libshutdown$$00000010)
    __rt_lib_shutdown_signal_1               0x08000221   Thumb Code     0  libshutdown2.o(.ARM.Collect$$libshutdown$$0000000A)
    __rt_lib_shutdown_stdio_1                0x08000221   Thumb Code     0  libshutdown2.o(.ARM.Collect$$libshutdown$$00000004)
    __rt_lib_shutdown_user_alloc_1           0x08000221   Thumb Code     0  libshutdown2.o(.ARM.Collect$$libshutdown$$0000000C)
    __rt_entry                               0x08000223   Thumb Code     0  __rtentry.o(.ARM.Collect$$rtentry$$00000000)
    __rt_entry_presh_1                       0x08000223   Thumb Code     0  __rtentry2.o(.ARM.Collect$$rtentry$$00000002)
    __rt_entry_sh                            0x08000223   Thumb Code     0  __rtentry4.o(.ARM.Collect$$rtentry$$00000004)
    __rt_entry_li                            0x08000229   Thumb Code     0  __rtentry2.o(.ARM.Collect$$rtentry$$0000000A)
    __rt_entry_postsh_1                      0x08000229   Thumb Code     0  __rtentry2.o(.ARM.Collect$$rtentry$$00000009)
    __rt_entry_main                          0x0800022d   Thumb Code     0  __rtentry2.o(.ARM.Collect$$rtentry$$0000000D)
    __rt_entry_postli_1                      0x0800022d   Thumb Code     0  __rtentry2.o(.ARM.Collect$$rtentry$$0000000C)
    __rt_exit                                0x08000235   Thumb Code     0  rtexit.o(.ARM.Collect$$rtexit$$00000000)
    __rt_exit_ls                             0x08000237   Thumb Code     0  rtexit2.o(.ARM.Collect$$rtexit$$00000003)
    __rt_exit_prels_1                        0x08000237   Thumb Code     0  rtexit2.o(.ARM.Collect$$rtexit$$00000002)
    __rt_exit_exit                           0x0800023b   Thumb Code     0  rtexit2.o(.ARM.Collect$$rtexit$$00000004)
    Reset_Handler                            0x08000241   Thumb Code     8  startup_stm32f411xe.o(.text)
    NMI_Handler                              0x08000249   Thumb Code     2  startup_stm32f411xe.o(.text)
    HardFault_Handler                        0x0800024b   Thumb Code     2  startup_stm32f411xe.o(.text)
    MemManage_Handler                        0x0800024d   Thumb Code     2  startup_stm32f411xe.o(.text)
    BusFault_Handler                         0x0800024f   Thumb Code     2  startup_stm32f411xe.o(.text)
    UsageFault_Handler                       0x08000251   Thumb Code     2  startup_stm32f411xe.o(.text)
    SVC_Handler                              0x08000253   Thumb Code     2  startup_stm32f411xe.o(.text)
    DebugMon_Handler                         0x08000255   Thumb Code     2  startup_stm32f411xe.o(.text)
    PendSV_Handler                           0x08000257   Thumb Code     2  startup_stm32f411xe.o(.text)
    ADC_IRQHandler                           0x0800025b   Thumb Code     0  startup_stm32f411xe.o(.text)
    DMA1_Stream0_IRQHandler                  0x0800025b   Thumb Code     0  startup_stm32f411xe.o(.text)
    DMA1_Stream1_IRQHandler                  0x0800025b   Thumb Code     0  startup_stm32f411xe.o(.text)
    DMA1_Stream2_IRQHandler                  0x0800025b   Thumb Code     0  startup_stm32f411xe.o(.text)
    DMA1_Stream3_IRQHandler                  0x0800025b   Thumb Code     0  startup_stm32f411xe.o(.text)
    DMA1_Stream4_IRQHandler                  0x0800025b   Thumb Code     0  startup_stm32f411xe.o(.text)
    DMA1_Stream5_IRQHandler                  0x0800025b   Thumb Code     0  startup_stm32f411xe.o(.text)
    DMA1_Stream6_IRQHandler                  0x0800025b   Thumb Code     0  startup_stm32f411xe.o(.text)
    DMA1_Stream7_IRQHandler                  0x0800025b   Thumb Code     0  startup_stm32f411xe.o(.text)
    DMA2_Stream0_IRQHandler                  0x0800025b   Thumb Code     0  startup_stm32f411xe.o(.text)
    DMA2_Stream1_IRQHandler                  0x0800025b   Thumb Code     0  startup_stm32f411xe.o(.text)
    DMA2_Stream2_IRQHandler                  0x0800025b   Thumb Code     0  startup_stm32f411xe.o(.text)
    DMA2_Stream3_IRQHandler                  0x0800025b   Thumb Code     0  startup_stm32f411xe.o(.text)
    DMA2_Stream4_IRQHandler                  0x0800025b   Thumb Code     0  startup_stm32f411xe.o(.text)
    DMA2_Stream5_IRQHandler                  0x0800025b   Thumb Code     0  startup_stm32f411xe.o(.text)
    DMA2_Stream6_IRQHandler                  0x0800025b   Thumb Code     0  startup_stm32f411xe.o(.text)
    DMA2_Stream7_IRQHandler                  0x0800025b   Thumb Code     0  startup_stm32f411xe.o(.text)
    EXTI0_IRQHandler                         0x0800025b   Thumb Code     0  startup_stm32f411xe.o(.text)
    EXTI15_10_IRQHandler                     0x0800025b   Thumb Code     0  startup_stm32f411xe.o(.text)
    EXTI1_IRQHandler                         0x0800025b   Thumb Code     0  startup_stm32f411xe.o(.text)
    EXTI2_IRQHandler                         0x0800025b   Thumb Code     0  startup_stm32f411xe.o(.text)
    EXTI3_IRQHandler                         0x0800025b   Thumb Code     0  startup_stm32f411xe.o(.text)
    EXTI4_IRQHandler                         0x0800025b   Thumb Code     0  startup_stm32f411xe.o(.text)
    EXTI9_5_IRQHandler                       0x0800025b   Thumb Code     0  startup_stm32f411xe.o(.text)
    FLASH_IRQHandler                         0x0800025b   Thumb Code     0  startup_stm32f411xe.o(.text)
    FPU_IRQHandler                           0x0800025b   Thumb Code     0  startup_stm32f411xe.o(.text)
    I2C1_ER_IRQHandler                       0x0800025b   Thumb Code     0  startup_stm32f411xe.o(.text)
    I2C1_EV_IRQHandler                       0x0800025b   Thumb Code     0  startup_stm32f411xe.o(.text)
    I2C2_ER_IRQHandler                       0x0800025b   Thumb Code     0  startup_stm32f411xe.o(.text)
    I2C2_EV_IRQHandler                       0x0800025b   Thumb Code     0  startup_stm32f411xe.o(.text)
    I2C3_ER_IRQHandler                       0x0800025b   Thumb Code     0  startup_stm32f411xe.o(.text)
    I2C3_EV_IRQHandler                       0x0800025b   Thumb Code     0  startup_stm32f411xe.o(.text)
    OTG_FS_IRQHandler                        0x0800025b   Thumb Code     0  startup_stm32f411xe.o(.text)
    OTG_FS_WKUP_IRQHandler                   0x0800025b   Thumb Code     0  startup_stm32f411xe.o(.text)
    PVD_IRQHandler                           0x0800025b   Thumb Code     0  startup_stm32f411xe.o(.text)
    RCC_IRQHandler                           0x0800025b   Thumb Code     0  startup_stm32f411xe.o(.text)
    RTC_Alarm_IRQHandler                     0x0800025b   Thumb Code     0  startup_stm32f411xe.o(.text)
    RTC_WKUP_IRQHandler                      0x0800025b   Thumb Code     0  startup_stm32f411xe.o(.text)
    SDIO_IRQHandler                          0x0800025b   Thumb Code     0  startup_stm32f411xe.o(.text)
    SPI1_IRQHandler                          0x0800025b   Thumb Code     0  startup_stm32f411xe.o(.text)
    SPI2_IRQHandler                          0x0800025b   Thumb Code     0  startup_stm32f411xe.o(.text)
    SPI3_IRQHandler                          0x0800025b   Thumb Code     0  startup_stm32f411xe.o(.text)
    SPI4_IRQHandler                          0x0800025b   Thumb Code     0  startup_stm32f411xe.o(.text)
    SPI5_IRQHandler                          0x0800025b   Thumb Code     0  startup_stm32f411xe.o(.text)
    TAMP_STAMP_IRQHandler                    0x0800025b   Thumb Code     0  startup_stm32f411xe.o(.text)
    TIM1_BRK_TIM9_IRQHandler                 0x0800025b   Thumb Code     0  startup_stm32f411xe.o(.text)
    TIM1_CC_IRQHandler                       0x0800025b   Thumb Code     0  startup_stm32f411xe.o(.text)
    TIM1_TRG_COM_TIM11_IRQHandler            0x0800025b   Thumb Code     0  startup_stm32f411xe.o(.text)
    TIM1_UP_TIM10_IRQHandler                 0x0800025b   Thumb Code     0  startup_stm32f411xe.o(.text)
    TIM2_IRQHandler                          0x0800025b   Thumb Code     0  startup_stm32f411xe.o(.text)
    TIM3_IRQHandler                          0x0800025b   Thumb Code     0  startup_stm32f411xe.o(.text)
    TIM4_IRQHandler                          0x0800025b   Thumb Code     0  startup_stm32f411xe.o(.text)
    TIM5_IRQHandler                          0x0800025b   Thumb Code     0  startup_stm32f411xe.o(.text)
    USART1_IRQHandler                        0x0800025b   Thumb Code     0  startup_stm32f411xe.o(.text)
    USART2_IRQHandler                        0x0800025b   Thumb Code     0  startup_stm32f411xe.o(.text)
    USART6_IRQHandler                        0x0800025b   Thumb Code     0  startup_stm32f411xe.o(.text)
    WWDG_IRQHandler                          0x0800025b   Thumb Code     0  startup_stm32f411xe.o(.text)
    __user_initial_stackheap                 0x0800025d   Thumb Code     0  startup_stm32f411xe.o(.text)
    __2printf                                0x08000281   Thumb Code    20  noretval__2printf.o(.text)
    __printf                                 0x08000299   Thumb Code   104  __printf.o(.text)
    _printf_int_dec                          0x08000301   Thumb Code   104  _printf_dec.o(.text)
    puts                                     0x08000379   Thumb Code    40  puts.o(.text)
    __use_two_region_memory                  0x080003a5   Thumb Code     2  heapauxi.o(.text)
    __rt_heap_escrow$2region                 0x080003a7   Thumb Code     2  heapauxi.o(.text)
    __rt_heap_expand$2region                 0x080003a9   Thumb Code     2  heapauxi.o(.text)
    _printf_int_common                       0x080003ab   Thumb Code   178  _printf_intcommon.o(.text)
    _printf_char_file                        0x0800045d   Thumb Code    32  _printf_char_file.o(.text)
    _printf_char_common                      0x0800048b   Thumb Code    32  _printf_char_common.o(.text)
    ferror                                   0x080004b1   Thumb Code     8  ferror.o(.text)
    __user_setup_stackheap                   0x080004b9   Thumb Code    74  sys_stackheap_outer.o(.text)
    exit                                     0x08000503   Thumb Code    18  exit.o(.text)
    __user_libspace                          0x08000515   Thumb Code     8  libspace.o(.text)
    __user_perproc_libspace                  0x08000515   Thumb Code     0  libspace.o(.text)
    __user_perthread_libspace                0x08000515   Thumb Code     0  libspace.o(.text)
    _sys_exit                                0x0800051d   Thumb Code     8  sys_exit.o(.text)
    __I$use$semihosting                      0x08000529   Thumb Code     0  use_no_semi.o(.text)
    __use_no_semihosting_swi                 0x08000529   Thumb Code     2  use_no_semi.o(.text)
    __semihosting_library_function           0x0800052b   Thumb Code     0  indicate_semi.o(.text)
    RCC_PLL_init                             0x0800052d   Thumb Code   222  ecrcc.o(.text.RCC_PLL_init)
    SysTick_Handler                          0x0800060d   Thumb Code    24  ecsystick.o(.text.SysTick_Handler)
    SysTick_disable                          0x08000625   Thumb Code    18  ecsystick.o(.text.SysTick_disable)
    SysTick_enable                           0x08000639   Thumb Code    18  ecsystick.o(.text.SysTick_enable)
    SysTick_init                             0x08000651   Thumb Code   120  ecsystick.o(.text.SysTick_init)
    SystemInit                               0x080006c9   Thumb Code    26  system_stm32f4xx.o(.text.SystemInit)
    UART2_init                               0x080006e5   Thumb Code   192  ecuart.o(.text.UART2_init)
    USART_write                              0x080007a5   Thumb Code    44  ecuart.o(.text.USART_write)
    delay_ms                                 0x08000801   Thumb Code    20  ecsystick.o(.text.delay_ms)
    fputc                                    0x08000815   Thumb Code    34  ecuart.o(.text.fputc)
    main                                     0x08000839   Thumb Code    28  uart_test.o(.text.main)
    setup                                    0x0800086d   Thumb Code    24  uart_test.o(.text.setup)
    __aeabi_dadd                             0x08000895   Thumb Code     0  daddsub_clz.o(x$fpl$dadd)
    _dadd                                    0x08000895   Thumb Code   332  daddsub_clz.o(x$fpl$dadd)
    __aeabi_d2uiz                            0x080009e5   Thumb Code     0  dfixu.o(x$fpl$dfixu)
    _dfixu                                   0x080009e5   Thumb Code    90  dfixu.o(x$fpl$dfixu)
    __aeabi_ui2d                             0x08000a3f   Thumb Code     0  dflt_clz.o(x$fpl$dfltu)
    _dfltu                                   0x08000a3f   Thumb Code    38  dflt_clz.o(x$fpl$dfltu)
    __aeabi_dmul                             0x08000a65   Thumb Code     0  dmul.o(x$fpl$dmul)
    _dmul                                    0x08000a65   Thumb Code   332  dmul.o(x$fpl$dmul)
    __fpl_dnaninf                            0x08000bb9   Thumb Code   156  dnaninf.o(x$fpl$dnaninf)
    __fpl_dretinf                            0x08000c55   Thumb Code    12  dretinf.o(x$fpl$dretinf)
    __aeabi_dsub                             0x08000c61   Thumb Code     0  daddsub_clz.o(x$fpl$dsub)
    _dsub                                    0x08000c61   Thumb Code   472  daddsub_clz.o(x$fpl$dsub)
    _fp_init                                 0x08000e3d   Thumb Code    26  fpinit.o(x$fpl$fpinit)
    __fplib_config_fpu_vfp                   0x08000e55   Thumb Code     0  fpinit.o(x$fpl$fpinit)
    __fplib_config_pureend_doubles           0x08000e55   Thumb Code     0  fpinit.o(x$fpl$fpinit)
    __I$use$fp                               0x08000e56   Number         0  usenofp.o(x$fpl$usenofp)
    Region$$Table$$Base                      0x08000e58   Number         0  anon$$obj.o(Region$$Table)
    Region$$Table$$Limit                     0x08000e78   Number         0  anon$$obj.o(Region$$Table)
    EC_SYSCLK                                0x20000000   Data           4  ecrcc.o(.data.EC_SYSCLK)
    __libspace_start                         0x20000008   Data          96  libspace.o(.bss)
    TimeDelay                                0x20000068   Data           4  ecsystick.o(.bss.TimeDelay)
    __temporary_stack_top$libspace           0x20000068   Data           0  libspace.o(.bss)
    __stdout                                 0x2000006c   Data           4  ecuart.o(.bss.__stdout)



==============================================================================

Memory Map of the image

  Image Entry point : 0x08000199

  Load Region LR_IROM1 (Base: 0x08000000, Size: 0x00000e80, Max: 0x00080000, ABSOLUTE)

    Execution Region ER_IROM1 (Exec base: 0x08000000, Load base: 0x08000000, Size: 0x00000e78, Max: 0x00080000, ABSOLUTE)

    Exec Addr    Load Addr    Size         Type   Attr      Idx    E Section Name        Object

    0x08000000   0x08000000   0x00000198   Data   RO          185    RESET               startup_stm32f411xe.o
    0x08000198   0x08000198   0x00000008   Code   RO          243  * !!!main             c_w.l(__main.o)
    0x080001a0   0x080001a0   0x00000034   Code   RO          442    !!!scatter          c_w.l(__scatter.o)
    0x080001d4   0x080001d4   0x0000001a   Code   RO          444    !!handler_copy      c_w.l(__scatter_copy.o)
    0x080001ee   0x080001ee   0x00000002   PAD
    0x080001f0   0x080001f0   0x0000001c   Code   RO          446    !!handler_zi        c_w.l(__scatter_zi.o)
    0x0800020c   0x0800020c   0x00000000   Code   RO          238    .ARM.Collect$$_printf_percent$$00000000  c_w.l(_printf_percent.o)
    0x0800020c   0x0800020c   0x00000006   Code   RO          237    .ARM.Collect$$_printf_percent$$00000009  c_w.l(_printf_d.o)
    0x08000212   0x08000212   0x00000004   Code   RO          268    .ARM.Collect$$_printf_percent$$00000017  c_w.l(_printf_percent_end.o)
    0x08000216   0x08000216   0x00000002   Code   RO          306    .ARM.Collect$$libinit$$00000000  c_w.l(libinit.o)
    0x08000218   0x08000218   0x00000004   Code   RO          312    .ARM.Collect$$libinit$$00000001  c_w.l(libinit2.o)
    0x0800021c   0x0800021c   0x00000000   Code   RO          315    .ARM.Collect$$libinit$$00000004  c_w.l(libinit2.o)
    0x0800021c   0x0800021c   0x00000000   Code   RO          318    .ARM.Collect$$libinit$$0000000A  c_w.l(libinit2.o)
    0x0800021c   0x0800021c   0x00000000   Code   RO          320    .ARM.Collect$$libinit$$0000000C  c_w.l(libinit2.o)
    0x0800021c   0x0800021c   0x00000000   Code   RO          322    .ARM.Collect$$libinit$$0000000E  c_w.l(libinit2.o)
    0x0800021c   0x0800021c   0x00000000   Code   RO          325    .ARM.Collect$$libinit$$00000011  c_w.l(libinit2.o)
    0x0800021c   0x0800021c   0x00000000   Code   RO          327    .ARM.Collect$$libinit$$00000013  c_w.l(libinit2.o)
    0x0800021c   0x0800021c   0x00000000   Code   RO          329    .ARM.Collect$$libinit$$00000015  c_w.l(libinit2.o)
    0x0800021c   0x0800021c   0x00000000   Code   RO          331    .ARM.Collect$$libinit$$00000017  c_w.l(libinit2.o)
    0x0800021c   0x0800021c   0x00000000   Code   RO          333    .ARM.Collect$$libinit$$00000019  c_w.l(libinit2.o)
    0x0800021c   0x0800021c   0x00000000   Code   RO          335    .ARM.Collect$$libinit$$0000001B  c_w.l(libinit2.o)
    0x0800021c   0x0800021c   0x00000000   Code   RO          337    .ARM.Collect$$libinit$$0000001D  c_w.l(libinit2.o)
    0x0800021c   0x0800021c   0x00000000   Code   RO          339    .ARM.Collect$$libinit$$0000001F  c_w.l(libinit2.o)
    0x0800021c   0x0800021c   0x00000000   Code   RO          341    .ARM.Collect$$libinit$$00000021  c_w.l(libinit2.o)
    0x0800021c   0x0800021c   0x00000000   Code   RO          343    .ARM.Collect$$libinit$$00000023  c_w.l(libinit2.o)
    0x0800021c   0x0800021c   0x00000000   Code   RO          345    .ARM.Collect$$libinit$$00000025  c_w.l(libinit2.o)
    0x0800021c   0x0800021c   0x00000000   Code   RO          349    .ARM.Collect$$libinit$$0000002C  c_w.l(libinit2.o)
    0x0800021c   0x0800021c   0x00000000   Code   RO          351    .ARM.Collect$$libinit$$0000002E  c_w.l(libinit2.o)
    0x0800021c   0x0800021c   0x00000000   Code   RO          353    .ARM.Collect$$libinit$$00000030  c_w.l(libinit2.o)
    0x0800021c   0x0800021c   0x00000000   Code   RO          355    .ARM.Collect$$libinit$$00000032  c_w.l(libinit2.o)
    0x0800021c   0x0800021c   0x00000002   Code   RO          356    .ARM.Collect$$libinit$$00000033  c_w.l(libinit2.o)
    0x0800021e   0x0800021e   0x00000002   Code   RO          378    .ARM.Collect$$libshutdown$$00000000  c_w.l(libshutdown.o)
    0x08000220   0x08000220   0x00000000   Code   RO          393    .ARM.Collect$$libshutdown$$00000002  c_w.l(libshutdown2.o)
    0x08000220   0x08000220   0x00000000   Code   RO          395    .ARM.Collect$$libshutdown$$00000004  c_w.l(libshutdown2.o)
    0x08000220   0x08000220   0x00000000   Code   RO          398    .ARM.Collect$$libshutdown$$00000007  c_w.l(libshutdown2.o)
    0x08000220   0x08000220   0x00000000   Code   RO          401    .ARM.Collect$$libshutdown$$0000000A  c_w.l(libshutdown2.o)
    0x08000220   0x08000220   0x00000000   Code   RO          403    .ARM.Collect$$libshutdown$$0000000C  c_w.l(libshutdown2.o)
    0x08000220   0x08000220   0x00000000   Code   RO          406    .ARM.Collect$$libshutdown$$0000000F  c_w.l(libshutdown2.o)
    0x08000220   0x08000220   0x00000002   Code   RO          407    .ARM.Collect$$libshutdown$$00000010  c_w.l(libshutdown2.o)
    0x08000222   0x08000222   0x00000000   Code   RO          263    .ARM.Collect$$rtentry$$00000000  c_w.l(__rtentry.o)
    0x08000222   0x08000222   0x00000000   Code   RO          275    .ARM.Collect$$rtentry$$00000002  c_w.l(__rtentry2.o)
    0x08000222   0x08000222   0x00000006   Code   RO          287    .ARM.Collect$$rtentry$$00000004  c_w.l(__rtentry4.o)
    0x08000228   0x08000228   0x00000000   Code   RO          277    .ARM.Collect$$rtentry$$00000009  c_w.l(__rtentry2.o)
    0x08000228   0x08000228   0x00000004   Code   RO          278    .ARM.Collect$$rtentry$$0000000A  c_w.l(__rtentry2.o)
    0x0800022c   0x0800022c   0x00000000   Code   RO          280    .ARM.Collect$$rtentry$$0000000C  c_w.l(__rtentry2.o)
    0x0800022c   0x0800022c   0x00000008   Code   RO          281    .ARM.Collect$$rtentry$$0000000D  c_w.l(__rtentry2.o)
    0x08000234   0x08000234   0x00000002   Code   RO          310    .ARM.Collect$$rtexit$$00000000  c_w.l(rtexit.o)
    0x08000236   0x08000236   0x00000000   Code   RO          358    .ARM.Collect$$rtexit$$00000002  c_w.l(rtexit2.o)
    0x08000236   0x08000236   0x00000004   Code   RO          359    .ARM.Collect$$rtexit$$00000003  c_w.l(rtexit2.o)
    0x0800023a   0x0800023a   0x00000006   Code   RO          360    .ARM.Collect$$rtexit$$00000004  c_w.l(rtexit2.o)
    0x08000240   0x08000240   0x00000040   Code   RO          186    .text               startup_stm32f411xe.o
    0x08000280   0x08000280   0x00000018   Code   RO          211    .text               c_w.l(noretval__2printf.o)
    0x08000298   0x08000298   0x00000068   Code   RO          213    .text               c_w.l(__printf.o)
    0x08000300   0x08000300   0x00000078   Code   RO          215    .text               c_w.l(_printf_dec.o)
    0x08000378   0x08000378   0x0000002c   Code   RO          239    .text               c_w.l(puts.o)
    0x080003a4   0x080003a4   0x00000006   Code   RO          241    .text               c_w.l(heapauxi.o)
    0x080003aa   0x080003aa   0x000000b2   Code   RO          264    .text               c_w.l(_printf_intcommon.o)
    0x0800045c   0x0800045c   0x00000024   Code   RO          266    .text               c_w.l(_printf_char_file.o)
    0x08000480   0x08000480   0x00000030   Code   RO          289    .text               c_w.l(_printf_char_common.o)
    0x080004b0   0x080004b0   0x00000008   Code   RO          291    .text               c_w.l(ferror.o)
    0x080004b8   0x080004b8   0x0000004a   Code   RO          295    .text               c_w.l(sys_stackheap_outer.o)
    0x08000502   0x08000502   0x00000012   Code   RO          299    .text               c_w.l(exit.o)
    0x08000514   0x08000514   0x00000008   Code   RO          307    .text               c_w.l(libspace.o)
    0x0800051c   0x0800051c   0x0000000c   Code   RO          368    .text               c_w.l(sys_exit.o)
    0x08000528   0x08000528   0x00000002   Code   RO          383    .text               c_w.l(use_no_semi.o)
    0x0800052a   0x0800052a   0x00000000   Code   RO          385    .text               c_w.l(indicate_semi.o)
    0x0800052a   0x0800052a   0x00000002   PAD
    0x0800052c   0x0800052c   0x000000de   Code   RO           87    .text.RCC_PLL_init  ecrcc.o
    0x0800060a   0x0800060a   0x00000002   PAD
    0x0800060c   0x0800060c   0x00000018   Code   RO          123    .text.SysTick_Handler  ecsystick.o
    0x08000624   0x08000624   0x00000012   Code   RO          111    .text.SysTick_disable  ecsystick.o
    0x08000636   0x08000636   0x00000002   PAD
    0x08000638   0x08000638   0x00000012   Code   RO          115    .text.SysTick_enable  ecsystick.o
    0x0800064a   0x0800064a   0x00000006   PAD
    0x08000650   0x08000650   0x00000078   Code   RO          109    .text.SysTick_init  ecsystick.o
    0x080006c8   0x080006c8   0x0000001a   Code   RO          193    .text.SystemInit    system_stm32f4xx.o
    0x080006e2   0x080006e2   0x00000002   PAD
    0x080006e4   0x080006e4   0x000000c0   Code   RO          166    .text.UART2_init    ecuart.o
    0x080007a4   0x080007a4   0x0000002c   Code   RO          164    .text.USART_write   ecuart.o
    0x080007d0   0x080007d0   0x0000000e   Code   RO          170    .text.__NVIC_EnableIRQ  ecuart.o
    0x080007de   0x080007de   0x00000002   PAD
    0x080007e0   0x080007e0   0x0000000e   Code   RO          113    .text.__NVIC_SetPriority  ecsystick.o
    0x080007ee   0x080007ee   0x00000002   PAD
    0x080007f0   0x080007f0   0x0000000e   Code   RO          168    .text.__NVIC_SetPriority  ecuart.o
    0x080007fe   0x080007fe   0x00000002   PAD
    0x08000800   0x08000800   0x00000014   Code   RO          117    .text.delay_ms      ecsystick.o
    0x08000814   0x08000814   0x00000022   Code   RO          162    .text.fputc         ecuart.o
    0x08000836   0x08000836   0x00000002   PAD
    0x08000838   0x08000838   0x00000034   Code   RO            2    .text.main          uart_test.o
    0x0800086c   0x0800086c   0x00000028   Code   RO            4    .text.setup         uart_test.o
    0x08000894   0x08000894   0x00000150   Code   RO          245    x$fpl$dadd          fz_wm.l(daddsub_clz.o)
    0x080009e4   0x080009e4   0x0000005a   Code   RO          251    x$fpl$dfixu         fz_wm.l(dfixu.o)
    0x08000a3e   0x08000a3e   0x00000026   Code   RO          255    x$fpl$dfltu         fz_wm.l(dflt_clz.o)
    0x08000a64   0x08000a64   0x00000154   Code   RO          261    x$fpl$dmul          fz_wm.l(dmul.o)
    0x08000bb8   0x08000bb8   0x0000009c   Code   RO          269    x$fpl$dnaninf       fz_wm.l(dnaninf.o)
    0x08000c54   0x08000c54   0x0000000c   Code   RO          271    x$fpl$dretinf       fz_wm.l(dretinf.o)
    0x08000c60   0x08000c60   0x000001dc   Code   RO          247    x$fpl$dsub          fz_wm.l(daddsub_clz.o)
    0x08000e3c   0x08000e3c   0x0000001a   Code   RO          366    x$fpl$fpinit        fz_wm.l(fpinit.o)
    0x08000e56   0x08000e56   0x00000000   Code   RO          273    x$fpl$usenofp       fz_wm.l(usenofp.o)
    0x08000e56   0x08000e56   0x00000002   PAD
    0x08000e58   0x08000e58   0x00000020   Data   RO          441    Region$$Table       anon$$obj.o


    Execution Region RW_IRAM1 (Exec base: 0x20000000, Load base: 0x08000e78, Size: 0x00000670, Max: 0x00020000, ABSOLUTE)

    Exec Addr    Load Addr    Size         Type   Attr      Idx    E Section Name        Object

    0x20000000   0x08000e78   0x00000004   Data   RW          101    .data.EC_SYSCLK     ecrcc.o
    0x20000004   0x08000e7c   0x00000004   PAD
    0x20000008        -       0x00000060   Zero   RW          308    .bss                c_w.l(libspace.o)
    0x20000068        -       0x00000004   Zero   RW          125    .bss.TimeDelay      ecsystick.o
    0x2000006c        -       0x00000004   Zero   RW          174    .bss.__stdout       ecuart.o
    0x20000070        -       0x00000200   Zero   RW          184    HEAP                startup_stm32f411xe.o
    0x20000270        -       0x00000400   Zero   RW          183    STACK               startup_stm32f411xe.o


==============================================================================

Image component sizes


      Code (inc. data)   RO Data    RW Data    ZI Data      Debug   Object Name

       222          0          0          4          0       2391   ecrcc.o
       214         24          0          0          4       4465   ecsystick.o
       298          0          0          0          4       5793   ecuart.o
        64         26        408          0       1536        908   startup_stm32f411xe.o
        26          0          0          0          0       2844   system_stm32f4xx.o
        92         40          0          0          0        620   uart_test.o

    ----------------------------------------------------------------------
       936         90        440          4       1548      17021   Object Totals
         0          0         32          0          0          0   (incl. Generated)
        20          0          0          0          4          0   (incl. Padding)

    ----------------------------------------------------------------------

      Code (inc. data)   RO Data    RW Data    ZI Data      Debug   Library Member Name

         8          0          0          0          0         68   __main.o
       104          0          0          0          0         84   __printf.o
         0          0          0          0          0          0   __rtentry.o
        12          0          0          0          0          0   __rtentry2.o
         6          0          0          0          0          0   __rtentry4.o
        52          8          0          0          0          0   __scatter.o
        26          0          0          0          0          0   __scatter_copy.o
        28          0          0          0          0          0   __scatter_zi.o
        48          6          0          0          0         96   _printf_char_common.o
        36          4          0          0          0         80   _printf_char_file.o
         6          0          0          0          0          0   _printf_d.o
       120         16          0          0          0         92   _printf_dec.o
       178          0          0          0          0         88   _printf_intcommon.o
         0          0          0          0          0          0   _printf_percent.o
         4          0          0          0          0          0   _printf_percent_end.o
        18          0          0          0          0         80   exit.o
         8          0          0          0          0         68   ferror.o
         6          0          0          0          0        152   heapauxi.o
         0          0          0          0          0          0   indicate_semi.o
         2          0          0          0          0          0   libinit.o
         6          0          0          0          0          0   libinit2.o
         2          0          0          0          0          0   libshutdown.o
         2          0          0          0          0          0   libshutdown2.o
         8          4          0          0         96         68   libspace.o
        24          4          0          0          0         84   noretval__2printf.o
        44          4          0          0          0         84   puts.o
         2          0          0          0          0          0   rtexit.o
        10          0          0          0          0          0   rtexit2.o
        12          4          0          0          0         68   sys_exit.o
        74          0          0          0          0         80   sys_stackheap_outer.o
         2          0          0          0          0         68   use_no_semi.o
       812         16          0          0          0        392   daddsub_clz.o
        90          4          0          0          0        140   dfixu.o
        38          0          0          0          0        116   dflt_clz.o
       340         12          0          0          0        152   dmul.o
       156          4          0          0          0        140   dnaninf.o
        12          0          0          0          0        116   dretinf.o
        26          0          0          0          0        116   fpinit.o
         0          0          0          0          0          0   usenofp.o

    ----------------------------------------------------------------------
      2328         86          0          0         96       2432   Library Totals
         6          0          0          0          0          0   (incl. Padding)

    ----------------------------------------------------------------------

      Code (inc. data)   RO Data    RW Data    ZI Data      Debug   Library Name

       848         50          0          0         96       1260   c_w.l
      1474         36          0          0          0       1172   fz_wm.l

    ----------------------------------------------------------------------
      2328         86          0          0         96       2432   Library Totals

    ----------------------------------------------------------------------

==============================================================================


      Code (inc. data)   RO Data    RW Data    ZI Data      Debug   

      3264        176        440          4       1644      18101   Grand Totals
      3264        176        440          4       1644      18101   ELF Image Totals
      3264        176        440          4          0          0   ROM Totals

==============================================================================

    Total RO  Size (Code + RO Data)                 3704 (   3.62kB)
    Total RW  Size (RW Data + ZI Data)              1648 (   1.61kB)
    Total ROM Size (Code + RO Data + RW Data)       3708 (   3.62kB)

==============================================================================

