Component: ARM Compiler 6.16 Tool: armlink [5dfeaa00]

==============================================================================

Section Cross References

    main.o(.text) refers (Special) to _printf_f.o(.ARM.Collect$$_printf_percent$$00000003) for _printf_f
    main.o(.text) refers (Special) to printf1.o(x$fpl$printf1) for _printf_fp_dec
    main.o(.text) refers (Special) to _printf_percent.o(.ARM.Collect$$_printf_percent$$00000000) for _printf_percent
    main.o(.text.main) refers (Special) to _printf_f.o(.ARM.Collect$$_printf_percent$$00000003) for _printf_f
    main.o(.text.main) refers (Special) to printf1.o(x$fpl$printf1) for _printf_fp_dec
    main.o(.text.main) refers (Special) to _printf_percent.o(.ARM.Collect$$_printf_percent$$00000000) for _printf_percent
    main.o(.text.main) refers to ecrcc.o(.text.RCC_PLL_init) for RCC_PLL_init
    main.o(.text.main) refers to ecuart.o(.text.UART2_init) for UART2_init
    main.o(.text.main) refers to ecgpio.o(.text.GPIO_init) for GPIO_init
    main.o(.text.main) refers to ectim.o(.text.TIM_init) for TIM_init
    main.o(.text.main) refers to ectim.o(.text.TIM_period_ms) for TIM_period_ms
    main.o(.text.main) refers to ectim.o(.text.TIM_INT_enable) for TIM_INT_enable
    main.o(.text.main) refers to main.o(.text.__NVIC_SetPriority) for __NVIC_SetPriority
    main.o(.text.main) refers to main.o(.text.__NVIC_EnableIRQ) for __NVIC_EnableIRQ
    main.o(.text.main) refers to main.o(.bss.pflag) for pflag
    main.o(.text.main) refers to main.o(.bss.ovf_cnt) for ovf_cnt
    main.o(.text.main) refers to main.o(.bss.CCR_prev) for CCR_prev
    main.o(.text.main) refers to main.o(.bss.period) for period
    main.o(.text.main) refers to main.o(.bss.CCR_now) for CCR_now
    main.o(.text.main) refers to dflt_clz.o(x$fpl$dfltu) for __aeabi_ui2d
    main.o(.text.main) refers to daddsub_clz.o(x$fpl$dadd) for __aeabi_dadd
    main.o(.text.main) refers to daddsub_clz.o(x$fpl$dsub) for __aeabi_dsub
    main.o(.text.main) refers to ddiv.o(x$fpl$ddiv) for __aeabi_ddiv
    main.o(.text.main) refers to noretval__2printf.o(.text) for __2printf
    main.o(.ARM.exidx.text.main) refers (Special) to _printf_f.o(.ARM.Collect$$_printf_percent$$00000003) for _printf_f
    main.o(.ARM.exidx.text.main) refers (Special) to printf1.o(x$fpl$printf1) for _printf_fp_dec
    main.o(.ARM.exidx.text.main) refers (Special) to _printf_percent.o(.ARM.Collect$$_printf_percent$$00000000) for _printf_percent
    main.o(.ARM.exidx.text.main) refers to main.o(.text.main) for [Anonymous Symbol]
    main.o(.text.__NVIC_SetPriority) refers (Special) to _printf_f.o(.ARM.Collect$$_printf_percent$$00000003) for _printf_f
    main.o(.text.__NVIC_SetPriority) refers (Special) to printf1.o(x$fpl$printf1) for _printf_fp_dec
    main.o(.text.__NVIC_SetPriority) refers (Special) to _printf_percent.o(.ARM.Collect$$_printf_percent$$00000000) for _printf_percent
    main.o(.ARM.exidx.text.__NVIC_SetPriority) refers (Special) to _printf_f.o(.ARM.Collect$$_printf_percent$$00000003) for _printf_f
    main.o(.ARM.exidx.text.__NVIC_SetPriority) refers (Special) to printf1.o(x$fpl$printf1) for _printf_fp_dec
    main.o(.ARM.exidx.text.__NVIC_SetPriority) refers (Special) to _printf_percent.o(.ARM.Collect$$_printf_percent$$00000000) for _printf_percent
    main.o(.ARM.exidx.text.__NVIC_SetPriority) refers to main.o(.text.__NVIC_SetPriority) for [Anonymous Symbol]
    main.o(.text.__NVIC_EnableIRQ) refers (Special) to _printf_f.o(.ARM.Collect$$_printf_percent$$00000003) for _printf_f
    main.o(.text.__NVIC_EnableIRQ) refers (Special) to printf1.o(x$fpl$printf1) for _printf_fp_dec
    main.o(.text.__NVIC_EnableIRQ) refers (Special) to _printf_percent.o(.ARM.Collect$$_printf_percent$$00000000) for _printf_percent
    main.o(.ARM.exidx.text.__NVIC_EnableIRQ) refers (Special) to _printf_f.o(.ARM.Collect$$_printf_percent$$00000003) for _printf_f
    main.o(.ARM.exidx.text.__NVIC_EnableIRQ) refers (Special) to printf1.o(x$fpl$printf1) for _printf_fp_dec
    main.o(.ARM.exidx.text.__NVIC_EnableIRQ) refers (Special) to _printf_percent.o(.ARM.Collect$$_printf_percent$$00000000) for _printf_percent
    main.o(.ARM.exidx.text.__NVIC_EnableIRQ) refers to main.o(.text.__NVIC_EnableIRQ) for [Anonymous Symbol]
    main.o(.text.TIM2_IRQHandler) refers (Special) to _printf_f.o(.ARM.Collect$$_printf_percent$$00000003) for _printf_f
    main.o(.text.TIM2_IRQHandler) refers (Special) to printf1.o(x$fpl$printf1) for _printf_fp_dec
    main.o(.text.TIM2_IRQHandler) refers (Special) to _printf_percent.o(.ARM.Collect$$_printf_percent$$00000000) for _printf_percent
    main.o(.text.TIM2_IRQHandler) refers to main.o(.bss.ovf_cnt) for ovf_cnt
    main.o(.text.TIM2_IRQHandler) refers to main.o(.bss.CCR_now) for CCR_now
    main.o(.text.TIM2_IRQHandler) refers to main.o(.bss.CCR_prev) for CCR_prev
    main.o(.text.TIM2_IRQHandler) refers to dflt_clz.o(x$fpl$dfltu) for __aeabi_ui2d
[...]
    _printf_fp_dec_accurate.o(.text) refers to fpclassify.o(i.__ARM_fpclassify) for __ARM_fpclassify
    _printf_fp_dec_accurate.o(.text) refers to _printf_fp_infnan.o(.text) for _printf_fp_infnan
    _printf_fp_dec_accurate.o(.text) refers to rt_locale_intlibspace.o(.text) for __rt_locale
    _printf_char_file.o(.text) refers to _printf_char_common.o(.text) for _printf_char_common
    _printf_char_file.o(.text) refers to ferror.o(.text) for ferror
    _printf_char_file.o(.text) refers to ecuart.o(.text.fputc) for fputc
    dnaninf.o(x$fpl$dnaninf) refers (Special) to usenofp.o(x$fpl$usenofp) for __I$use$fp
    dretinf.o(x$fpl$dretinf) refers (Special) to usenofp.o(x$fpl$usenofp) for __I$use$fp
    __rtentry2.o(.ARM.Collect$$rtentry$$00000008) refers to boardinit2.o(.text) for _platform_post_stackheap_init
    __rtentry2.o(.ARM.Collect$$rtentry$$0000000A) refers to libinit.o(.ARM.Collect$$libinit$$00000000) for __rt_lib_init
    __rtentry2.o(.ARM.Collect$$rtentry$$0000000B) refers to boardinit3.o(.text) for _platform_post_lib_init
    __rtentry2.o(.ARM.Collect$$rtentry$$0000000D) refers to main.o(.text.main) for main
    __rtentry2.o(.ARM.Collect$$rtentry$$0000000D) refers to exit.o(.text) for exit
    __rtentry2.o(.ARM.exidx) refers to __rtentry2.o(.ARM.Collect$$rtentry$$00000001) for .ARM.Collect$$rtentry$$00000001
    __rtentry2.o(.ARM.exidx) refers to __rtentry2.o(.ARM.Collect$$rtentry$$00000008) for .ARM.Collect$$rtentry$$00000008
    __rtentry2.o(.ARM.exidx) refers to __rtentry2.o(.ARM.Collect$$rtentry$$0000000A) for .ARM.Collect$$rtentry$$0000000A
    __rtentry2.o(.ARM.exidx) refers to __rtentry2.o(.ARM.Collect$$rtentry$$0000000B) for .ARM.Collect$$rtentry$$0000000B
    __rtentry2.o(.ARM.exidx) refers to __rtentry2.o(.ARM.Collect$$rtentry$$0000000D) for .ARM.Collect$$rtentry$$0000000D
    __rtentry4.o(.ARM.Collect$$rtentry$$00000004) refers to sys_stackheap_outer.o(.text) for __user_setup_stackheap
    __rtentry4.o(.ARM.exidx) refers to __rtentry4.o(.ARM.Collect$$rtentry$$00000004) for .ARM.Collect$$rtentry$$00000004
    rt_locale.o(.text) refers to rt_locale.o(.bss) for __rt_locale_data
    rt_locale_intlibspace.o(.text) refers to libspace.o(.bss) for __libspace_start
    _printf_char_common.o(.text) refers to __printf.o(.text) for __printf
    bigflt0.o(.text) refers (Special) to usenofp.o(x$fpl$usenofp) for __I$use$fp
    bigflt0.o(.text) refers to btod.o(CL$$btod_emul) for _btod_emul
    bigflt0.o(.text) refers to btod.o(CL$$btod_ediv) for _btod_ediv
    bigflt0.o(.text) refers to bigflt0.o(.constdata) for .constdata
    bigflt0.o(.constdata) refers (Special) to usenofp.o(x$fpl$usenofp) for __I$use$fp
    btod.o(CL$$btod_d2e) refers (Special) to usenofp.o(x$fpl$usenofp) for __I$use$fp
    btod.o(CL$$btod_d2e) refers to btod.o(CL$$btod_d2e_norm_op1) for _d2e_norm_op1
    btod.o(CL$$btod_d2e_norm_op1) refers (Special) to usenofp.o(x$fpl$usenofp) for __I$use$fp
    btod.o(CL$$btod_d2e_norm_op1) refers to btod.o(CL$$btod_d2e_denorm_low) for _d2e_denorm_low
    btod.o(CL$$btod_d2e_denorm_low) refers (Special) to usenofp.o(x$fpl$usenofp) for __I$use$fp
    btod.o(CL$$btod_emul) refers (Special) to usenofp.o(x$fpl$usenofp) for __I$use$fp
    btod.o(CL$$btod_emul) refers to btod.o(CL$$btod_mult_common) for __btod_mult_common
    btod.o(CL$$btod_emul) refers to btod.o(CL$$btod_e2e) for _e2e
    btod.o(CL$$btod_ediv) refers (Special) to usenofp.o(x$fpl$usenofp) for __I$use$fp
    btod.o(CL$$btod_ediv) refers to btod.o(CL$$btod_div_common) for __btod_div_common
    btod.o(CL$$btod_ediv) refers to btod.o(CL$$btod_e2e) for _e2e
    btod.o(CL$$btod_emuld) refers (Special) to usenofp.o(x$fpl$usenofp) for __I$use$fp
    btod.o(CL$$btod_emuld) refers to btod.o(CL$$btod_mult_common) for __btod_mult_common
    btod.o(CL$$btod_emuld) refers to btod.o(CL$$btod_e2d) for _e2d
    btod.o(CL$$btod_edivd) refers (Special) to usenofp.o(x$fpl$usenofp) for __I$use$fp
    btod.o(CL$$btod_edivd) refers to btod.o(CL$$btod_div_common) for __btod_div_common
    btod.o(CL$$btod_edivd) refers to btod.o(CL$$btod_e2d) for _e2d
    btod.o(CL$$btod_e2e) refers (Special) to usenofp.o(x$fpl$usenofp) for __I$use$fp
    btod.o(CL$$btod_e2d) refers (Special) to usenofp.o(x$fpl$usenofp) for __I$use$fp
    btod.o(CL$$btod_e2d) refers to btod.o(CL$$btod_e2e) for _e2e
    btod.o(CL$$btod_mult_common) refers (Special) to usenofp.o(x$fpl$usenofp) for __I$use$fp
    btod.o(CL$$btod_div_common) refers (Special) to usenofp.o(x$fpl$usenofp) for __I$use$fp
    btod_accurate.o(.text) refers to btod_accurate_common.o(.text) for _btod_common
    lc_numeric_c.o(locale$$data) refers (Special) to libinit2.o(.ARM.Collect$$libinit$$00000016) for __rt_lib_init_lc_numeric_2
    lc_numeric_c.o(locale$$code) refers (Special) to libinit2.o(.ARM.Collect$$libinit$$00000016) for __rt_lib_init_lc_numeric_2
    lc_numeric_c.o(locale$$code) refers to strcmpv7em.o(.text) for strcmp
    lc_numeric_c.o(locale$$code) refers to lc_numeric_c.o(locale$$data) for __lcnum_c_name
    istatus.o(x$fpl$ieeestatus) refers (Special) to usenofp.o(x$fpl$usenofp) for __I$use$fp
    fpclassify.o(i.__ARM_fpclassify) refers (Special) to usenofp.o(x$fpl$usenofp) for __I$use$fp
    libspace.o(.text) refers to libspace.o(.bss) for __libspace_start
    sys_stackheap_outer.o(.text) refers to libspace.o(.text) for __user_perproc_libspace
    sys_stackheap_outer.o(.text) refers to startup_stm32f411xe.o(.text) for __user_initial_stackheap
    btod_accurate_common.o(.text) refers to llushr.o(.text) for __aeabi_llsr
    exit.o(.text) refers to rtexit.o(.ARM.Collect$$rtexit$$00000000) for __rt_exit
    libinit.o(.ARM.Collect$$libinit$$00000000) refers (Special) to libinit2.o(.ARM.Collect$$libinit$$0000002E) for __rt_lib_init_alloca_1
    libinit.o(.ARM.Collect$$libinit$$00000000) refers (Special) to libinit2.o(.ARM.Collect$$libinit$$0000002C) for __rt_lib_init_argv_1
    libinit.o(.ARM.Collect$$libinit$$00000000) refers (Special) to libinit2.o(.ARM.Collect$$libinit$$0000001B) for __rt_lib_init_atexit_1
    libinit.o(.ARM.Collect$$libinit$$00000000) refers (Special) to libinit2.o(.ARM.Collect$$libinit$$00000021) for __rt_lib_init_clock_1
    libinit.o(.ARM.Collect$$libinit$$00000000) refers (Special) to libinit2.o(.ARM.Collect$$libinit$$00000032) for __rt_lib_init_cpp_1
    libinit.o(.ARM.Collect$$libinit$$00000000) refers (Special) to libinit2.o(.ARM.Collect$$libinit$$00000030) for __rt_lib_init_exceptions_1
    libinit.o(.ARM.Collect$$libinit$$00000000) refers (Special) to libinit2.o(.ARM.Collect$$libinit$$00000001) for __rt_lib_init_fp_1
    libinit.o(.ARM.Collect$$libinit$$00000000) refers (Special) to libinit2.o(.ARM.Collect$$libinit$$0000001F) for __rt_lib_init_fp_trap_1
    libinit.o(.ARM.Collect$$libinit$$00000000) refers (Special) to libinit2.o(.ARM.Collect$$libinit$$00000023) for __rt_lib_init_getenv_1
    libinit.o(.ARM.Collect$$libinit$$00000000) refers (Special) to libinit2.o(.ARM.Collect$$libinit$$0000000A) for __rt_lib_init_heap_1
    libinit.o(.ARM.Collect$$libinit$$00000000) refers (Special) to libinit2.o(.ARM.Collect$$libinit$$00000011) for __rt_lib_init_lc_collate_1
    libinit.o(.ARM.Collect$$libinit$$00000000) refers (Special) to libinit2.o(.ARM.Collect$$libinit$$00000013) for __rt_lib_init_lc_ctype_1
    libinit.o(.ARM.Collect$$libinit$$00000000) refers (Special) to libinit2.o(.ARM.Collect$$libinit$$00000015) for __rt_lib_init_lc_monetary_1
    libinit.o(.ARM.Collect$$libinit$$00000000) refers (Special) to libinit2.o(.ARM.Collect$$libinit$$00000017) for __rt_lib_init_lc_numeric_1
    libinit.o(.ARM.Collect$$libinit$$00000000) refers (Special) to libinit2.o(.ARM.Collect$$libinit$$00000019) for __rt_lib_init_lc_time_1
    libinit.o(.ARM.Collect$$libinit$$00000000) refers (Special) to libinit2.o(.ARM.Collect$$libinit$$00000004) for __rt_lib_init_preinit_1
    libinit.o(.ARM.Collect$$libinit$$00000000) refers (Special) to libinit2.o(.ARM.Collect$$libinit$$0000000E) for __rt_lib_init_rand_1
    libinit.o(.ARM.Collect$$libinit$$00000000) refers (Special) to libinit2.o(.ARM.Collect$$libinit$$00000033) for __rt_lib_init_return
    libinit.o(.ARM.Collect$$libinit$$00000000) refers (Special) to libinit2.o(.ARM.Collect$$libinit$$0000001D) for __rt_lib_init_signal_1
    libinit.o(.ARM.Collect$$libinit$$00000000) refers (Special) to libinit2.o(.ARM.Collect$$libinit$$00000025) for __rt_lib_init_stdio_1
    libinit.o(.ARM.Collect$$libinit$$00000000) refers (Special) to libinit2.o(.ARM.Collect$$libinit$$0000000C) for __rt_lib_init_user_alloc_1
    libinit2.o(.ARM.Collect$$libinit$$00000001) refers to fpinit.o(x$fpl$fpinit) for _fp_init
    libinit2.o(.ARM.Collect$$libinit$$0000000F) refers (Weak) to rt_locale_intlibspace.o(.text) for __rt_locale
    libinit2.o(.ARM.Collect$$libinit$$00000010) refers to libinit2.o(.ARM.Collect$$libinit$$0000000F) for .ARM.Collect$$libinit$$0000000F
    libinit2.o(.ARM.Collect$$libinit$$00000012) refers to libinit2.o(.ARM.Collect$$libinit$$0000000F) for .ARM.Collect$$libinit$$0000000F
    libinit2.o(.ARM.Collect$$libinit$$00000014) refers to libinit2.o(.ARM.Collect$$libinit$$0000000F) for .ARM.Collect$$libinit$$0000000F
    libinit2.o(.ARM.Collect$$libinit$$00000016) refers to libinit2.o(.ARM.Collect$$libinit$$0000000F) for .ARM.Collect$$libinit$$0000000F
    libinit2.o(.ARM.Collect$$libinit$$00000016) refers (Weak) to lc_numeric_c.o(locale$$code) for _get_lc_numeric
    libinit2.o(.ARM.Collect$$libinit$$00000018) refers to libinit2.o(.ARM.Collect$$libinit$$0000000F) for .ARM.Collect$$libinit$$0000000F
    libinit2.o(.ARM.Collect$$libinit$$00000026) refers to argv_veneer.o(.emb_text) for __ARM_argv_veneer
    libinit2.o(.ARM.Collect$$libinit$$00000027) refers to argv_veneer.o(.emb_text) for __ARM_argv_veneer
    rtexit.o(.ARM.Collect$$rtexit$$00000000) refers (Special) to rtexit2.o(.ARM.Collect$$rtexit$$00000004) for __rt_exit_exit
    rtexit.o(.ARM.Collect$$rtexit$$00000000) refers (Special) to rtexit2.o(.ARM.Collect$$rtexit$$00000003) for __rt_exit_ls
    rtexit.o(.ARM.Collect$$rtexit$$00000000) refers (Special) to rtexit2.o(.ARM.Collect$$rtexit$$00000002) for __rt_exit_prels_1
    rtexit.o(.ARM.exidx) refers (Special) to rtexit2.o(.ARM.Collect$$rtexit$$00000004) for __rt_exit_exit
    rtexit.o(.ARM.exidx) refers (Special) to rtexit2.o(.ARM.Collect$$rtexit$$00000003) for __rt_exit_ls
    rtexit.o(.ARM.exidx) refers (Special) to rtexit2.o(.ARM.Collect$$rtexit$$00000002) for __rt_exit_prels_1
    rtexit.o(.ARM.exidx) refers to rtexit.o(.ARM.Collect$$rtexit$$00000000) for .ARM.Collect$$rtexit$$00000000
    argv_veneer.o(.emb_text) refers to no_argv.o(.text) for __ARM_get_argv
    rtexit2.o(.ARM.Collect$$rtexit$$00000003) refers to libshutdown.o(.ARM.Collect$$libshutdown$$00000000) for __rt_lib_shutdown
    rtexit2.o(.ARM.Collect$$rtexit$$00000004) refers to sys_exit.o(.text) for _sys_exit
    rtexit2.o(.ARM.exidx) refers to rtexit2.o(.ARM.Collect$$rtexit$$00000001) for .ARM.Collect$$rtexit$$00000001
    rtexit2.o(.ARM.exidx) refers to rtexit2.o(.ARM.Collect$$rtexit$$00000003) for .ARM.Collect$$rtexit$$00000003
    rtexit2.o(.ARM.exidx) refers to rtexit2.o(.ARM.Collect$$rtexit$$00000004) for .ARM.Collect$$rtexit$$00000004
    _get_argv_nomalloc.o(.text) refers (Special) to hrguard.o(.text) for __heap_region$guard
    _get_argv_nomalloc.o(.text) refers to defsig_rtmem_outer.o(.text) for __rt_SIGRTMEM
    _get_argv_nomalloc.o(.text) refers to sys_command.o(.text) for _sys_command_string
    sys_command.o(.text) refers (Special) to use_no_semi.o(.text) for __I$use$semihosting
    sys_command.o(.text) refers (Special) to indicate_semi.o(.text) for __semihosting_library_function
    sys_exit.o(.text) refers (Special) to use_no_semi.o(.text) for __I$use$semihosting
    sys_exit.o(.text) refers (Special) to indicate_semi.o(.text) for __semihosting_library_function
    sys_command_hlt.o(.text) refers (Special) to use_no_semi.o(.text) for __I$use$semihosting
    sys_command_hlt.o(.text) refers (Special) to indicate_semi.o(.text) for __semihosting_library_function
    sys_exit_hlt.o(.text) refers (Special) to use_no_semi.o(.text) for __I$use$semihosting
    sys_exit_hlt.o(.text) refers (Special) to indicate_semi.o(.text) for __semihosting_library_function
    defsig_rtmem_outer.o(.text) refers to defsig_rtmem_inner.o(.text) for __rt_SIGRTMEM_inner
    defsig_rtmem_outer.o(.text) refers to defsig_exit.o(.text) for __sig_exit
    defsig_rtmem_formal.o(.text) refers to rt_raise.o(.text) for __rt_raise
    libshutdown.o(.ARM.Collect$$libshutdown$$00000000) refers (Special) to libshutdown2.o(.ARM.Collect$$libshutdown$$00000002) for __rt_lib_shutdown_cpp_1
    libshutdown.o(.ARM.Collect$$libshutdown$$00000000) refers (Special) to libshutdown2.o(.ARM.Collect$$libshutdown$$00000007) for __rt_lib_shutdown_fp_trap_1
    libshutdown.o(.ARM.Collect$$libshutdown$$00000000) refers (Special) to libshutdown2.o(.ARM.Collect$$libshutdown$$0000000F) for __rt_lib_shutdown_heap_1
    libshutdown.o(.ARM.Collect$$libshutdown$$00000000) refers (Special) to libshutdown2.o(.ARM.Collect$$libshutdown$$00000010) for __rt_lib_shutdown_return
    libshutdown.o(.ARM.Collect$$libshutdown$$00000000) refers (Special) to libshutdown2.o(.ARM.Collect$$libshutdown$$0000000A) for __rt_lib_shutdown_signal_1
    libshutdown.o(.ARM.Collect$$libshutdown$$00000000) refers (Special) to libshutdown2.o(.ARM.Collect$$libshutdown$$00000004) for __rt_lib_shutdown_stdio_1
    libshutdown.o(.ARM.Collect$$libshutdown$$00000000) refers (Special) to libshutdown2.o(.ARM.Collect$$libshutdown$$0000000C) for __rt_lib_shutdown_user_alloc_1
    rt_raise.o(.text) refers to __raise.o(.text) for __raise
    rt_raise.o(.text) refers to sys_exit.o(.text) for _sys_exit
    defsig_exit.o(.text) refers to sys_exit.o(.text) for _sys_exit
    defsig_rtmem_inner.o(.text) refers to defsig_general.o(.text) for __default_signal_display
    __raise.o(.text) refers to defsig.o(CL$$defsig) for __default_signal_handler
    defsig_general.o(.text) refers to sys_wrch.o(.text) for _ttywrch
    sys_wrch.o(.text) refers (Special) to use_no_semi.o(.text) for __I$use$semihosting
    sys_wrch.o(.text) refers (Special) to indicate_semi.o(.text) for __semihosting_library_function
    sys_wrch_hlt.o(.text) refers (Special) to use_no_semi.o(.text) for __I$use$semihosting
    sys_wrch_hlt.o(.text) refers (Special) to indicate_semi.o(.text) for __semihosting_library_function
    defsig.o(CL$$defsig) refers to defsig_rtmem_inner.o(.text) for __rt_SIGRTMEM_inner
    defsig_abrt_inner.o(.text) refers to defsig_general.o(.text) for __default_signal_display
    defsig_fpe_inner.o(.text) refers to defsig_general.o(.text) for __default_signal_display
    defsig_rtred_inner.o(.text) refers to defsig_general.o(.text) for __default_signal_display
    defsig_stak_inner.o(.text) refers to defsig_general.o(.text) for __default_signal_display
    defsig_pvfn_inner.o(.text) refers to defsig_general.o(.text) for __default_signal_display
    defsig_cppl_inner.o(.text) refers to defsig_general.o(.text) for __default_signal_display
    defsig_segv_inner.o(.text) refers to defsig_general.o(.text) for __default_signal_display
    defsig_other.o(.text) refers to defsig_general.o(.text) for __default_signal_display


==============================================================================

Removing Unused input sections from the image.

    Removing main.o(.text), (0 bytes).
    Removing main.o(.ARM.exidx.text.main), (8 bytes).
    Removing main.o(.ARM.exidx.text.__NVIC_SetPriority), (8 bytes).
    Removing main.o(.ARM.exidx.text.__NVIC_EnableIRQ), (8 bytes).
    Removing main.o(.ARM.exidx.text.TIM2_IRQHandler), (8 bytes).
    Removing main.o(.data.ccr2), (4 bytes).
    Removing main.o(.ARM.use_no_argv), (4 bytes).
    Removing ecexti.o(.text), (0 bytes).
    Removing ecexti.o(.text.portNumber), (56 bytes).
    Removing ecexti.o(.ARM.exidx.text.portNumber), (8 bytes).
    Removing ecexti.o(.text.EXTI_init), (184 bytes).
    Removing ecexti.o(.ARM.exidx.text.EXTI_init), (8 bytes).
    Removing ecexti.o(.text.EXTI_enable), (22 bytes).
    Removing ecexti.o(.ARM.exidx.text.EXTI_enable), (8 bytes).
    Removing ecexti.o(.text.__NVIC_EnableIRQ), (32 bytes).
    Removing ecexti.o(.ARM.exidx.text.__NVIC_EnableIRQ), (8 bytes).
    Removing ecexti.o(.text.__NVIC_SetPriority), (16 bytes).
    Removing ecexti.o(.ARM.exidx.text.__NVIC_SetPriority), (8 bytes).
    Removing ecexti.o(.text.EXTI_disable), (24 bytes).
    Removing ecexti.o(.ARM.exidx.text.EXTI_disable), (8 bytes).
    Removing ecexti.o(.text.is_pending_EXTI), (20 bytes).
    Removing ecexti.o(.ARM.exidx.text.is_pending_EXTI), (8 bytes).
    Removing ecexti.o(.text.clear_pending_EXTI), (22 bytes).
    Removing ecexti.o(.ARM.exidx.text.clear_pending_EXTI), (8 bytes).
    Removing ecgpio.o(.text), (0 bytes).
    Removing ecgpio.o(.ARM.exidx.text.GPIO_init), (8 bytes).
    Removing ecgpio.o(.ARM.exidx.text.GPIO_mode), (8 bytes).
    Removing ecgpio.o(.text.GPIO_write), (32 bytes).
    Removing ecgpio.o(.ARM.exidx.text.GPIO_write), (8 bytes).
    Removing ecgpio.o(.text.GPIO_read), (12 bytes).
    Removing ecgpio.o(.ARM.exidx.text.GPIO_read), (8 bytes).
    Removing ecgpio.o(.text.GPIO_ospeed), (34 bytes).
    Removing ecgpio.o(.ARM.exidx.text.GPIO_ospeed), (8 bytes).
    Removing ecgpio.o(.text.GPIO_otype), (32 bytes).
    Removing ecgpio.o(.ARM.exidx.text.GPIO_otype), (8 bytes).
    Removing ecgpio.o(.text.GPIO_pudr), (34 bytes).
    Removing ecgpio.o(.ARM.exidx.text.GPIO_pudr), (8 bytes).
    Removing ecgpio.o(.text.sevensegment_init), (338 bytes).
    Removing ecgpio.o(.ARM.exidx.text.sevensegment_init), (8 bytes).
    Removing ecgpio.o(.text.sevensegment_decode), (120 bytes).
    Removing ecgpio.o(.ARM.exidx.text.sevensegment_decode), (8 bytes).
    Removing ecgpio.o(.rodata..L__const.sevensegment_decode.number), (320 bytes).
    Removing ecpwm.o(.text), (0 bytes).
    Removing ecpwm.o(.text.PWM_init), (450 bytes).
    Removing ecpwm.o(.ARM.exidx.text.PWM_init), (8 bytes).
    Removing ecpwm.o(.text.PWM_pinmap), (262 bytes).
    Removing ecpwm.o(.ARM.exidx.text.PWM_pinmap), (8 bytes).
    Removing ecpwm.o(.text.PWM_period_ms), (10 bytes).
    Removing ecpwm.o(.ARM.exidx.text.PWM_period_ms), (8 bytes).
    Removing ecpwm.o(.text.PWM_period_us), (10 bytes).
    Removing ecpwm.o(.ARM.exidx.text.PWM_period_us), (8 bytes).
    Removing ecpwm.o(.text.PWM_pulsewidth_ms), (118 bytes).
    Removing ecpwm.o(.ARM.exidx.text.PWM_pulsewidth_ms), (8 bytes).
    Removing ecpwm.o(.text.PWM_duty), (76 bytes).
    Removing ecpwm.o(.ARM.exidx.text.PWM_duty), (8 bytes).
    Removing ecrcc.o(.text), (0 bytes).
    Removing ecrcc.o(.text.RCC_HSI_init), (50 bytes).
    Removing ecrcc.o(.ARM.exidx.text.RCC_HSI_init), (8 bytes).
    Removing ecrcc.o(.ARM.exidx.text.RCC_PLL_init), (8 bytes).
    Removing ecrcc.o(.ARM.exidx.text.RCC_GPIOA_enable), (8 bytes).
    Removing ecrcc.o(.ARM.exidx.text.RCC_GPIOB_enable), (8 bytes).
    Removing ecrcc.o(.ARM.exidx.text.RCC_GPIOC_enable), (8 bytes).
    Removing ecrcc.o(.ARM.exidx.text.RCC_GPIOD_enable), (8 bytes).
    Removing ecrcc.o(.text.RCC_GPIOE_enable), (18 bytes).
    Removing ecrcc.o(.ARM.exidx.text.RCC_GPIOE_enable), (8 bytes).
    Removing ecrcc.o(.text.RCC_GPIOH_enable), (18 bytes).
    Removing ecrcc.o(.ARM.exidx.text.RCC_GPIOH_enable), (8 bytes).
    Removing ecsystick.o(.text), (0 bytes).
    Removing ecsystick.o(.text.SysTick_init), (48 bytes).
    Removing ecsystick.o(.ARM.exidx.text.SysTick_init), (8 bytes).
    Removing ecsystick.o(.text.SysTick_disable), (18 bytes).
    Removing ecsystick.o(.ARM.exidx.text.SysTick_disable), (8 bytes).
    Removing ecsystick.o(.text.__NVIC_SetPriority), (14 bytes).
    Removing ecsystick.o(.ARM.exidx.text.__NVIC_SetPriority), (8 bytes).
    Removing ecsystick.o(.text.SysTick_enable), (18 bytes).
    Removing ecsystick.o(.ARM.exidx.text.SysTick_enable), (8 bytes).
    Removing ecsystick.o(.text.delay_ms), (24 bytes).
    Removing ecsystick.o(.ARM.exidx.text.delay_ms), (8 bytes).
    Removing ecsystick.o(.text.delay_us), (20 bytes).
    Removing ecsystick.o(.ARM.exidx.text.delay_us), (8 bytes).
    Removing ecsystick.o(.text.SysTick_val), (16 bytes).
    Removing ecsystick.o(.ARM.exidx.text.SysTick_val), (8 bytes).
    Removing ecsystick.o(.text.SysTick_reset), (14 bytes).
    Removing ecsystick.o(.ARM.exidx.text.SysTick_reset), (8 bytes).
    Removing ecsystick.o(.ARM.exidx.text.SysTick_Handler), (8 bytes).
    Removing ectim.o(.text), (0 bytes).
    Removing ectim.o(.ARM.exidx.text.TIM_init), (8 bytes).
    Removing ectim.o(.ARM.exidx.text.TIM_period_ms), (8 bytes).
    Removing ectim.o(.text.TIM_period_us), (72 bytes).
    Removing ectim.o(.ARM.exidx.text.TIM_period_us), (8 bytes).
    Removing ectim.o(.text.TIM_INT_init), (176 bytes).
    Removing ectim.o(.ARM.exidx.text.TIM_INT_init), (8 bytes).
    Removing ectim.o(.text.__NVIC_EnableIRQ), (32 bytes).
    Removing ectim.o(.ARM.exidx.text.__NVIC_EnableIRQ), (8 bytes).
    Removing ectim.o(.text.__NVIC_SetPriority), (16 bytes).
    Removing ectim.o(.ARM.exidx.text.__NVIC_SetPriority), (8 bytes).
    Removing ectim.o(.ARM.exidx.text.TIM_INT_enable), (8 bytes).
    Removing ectim.o(.text.TIM_INT_disable), (10 bytes).
    Removing ectim.o(.ARM.exidx.text.TIM_INT_disable), (8 bytes).
    Removing ectim.o(.text.is_UIF), (8 bytes).
    Removing ectim.o(.ARM.exidx.text.is_UIF), (8 bytes).
    Removing ectim.o(.text.clear_UIF), (10 bytes).
    Removing ectim.o(.ARM.exidx.text.clear_UIF), (8 bytes).
    Removing ecuart.o(.text), (0 bytes).
    Removing ecuart.o(.ARM.exidx.text.fputc), (8 bytes).
    Removing ecuart.o(.ARM.exidx.text.USART_write), (8 bytes).
    Removing ecuart.o(.ARM.exidx.text.UART2_init), (8 bytes).
    Removing ecuart.o(.ARM.exidx.text.__NVIC_SetPriority), (8 bytes).
    Removing ecuart.o(.ARM.exidx.text.__NVIC_EnableIRQ), (8 bytes).
    Removing ecuart.o(.text.USART_delay), (2 bytes).
    Removing ecuart.o(.ARM.exidx.text.USART_delay), (8 bytes).
    Removing ecuart.o(.bss.__stdin), (4 bytes).
    Removing system_stm32f4xx.o(.text), (0 bytes).
    Removing system_stm32f4xx.o(.ARM.exidx.text.SystemInit), (8 bytes).
    Removing system_stm32f4xx.o(.text.SystemCoreClockUpdate), (126 bytes).
    Removing system_stm32f4xx.o(.ARM.exidx.text.SystemCoreClockUpdate), (8 bytes).
    Removing system_stm32f4xx.o(.data.SystemCoreClock), (4 bytes).
    Removing system_stm32f4xx.o(.rodata.AHBPrescTable), (16 bytes).
    Removing system_stm32f4xx.o(.rodata.APBPrescTable), (8 bytes).

119 unused section(s) (total 3470 bytes) removed from the image.

==============================================================================

Image Symbol Table

    Local Symbols

    Symbol Name                              Value     Ov Type        Size  Object(Section)

    ../clib/angel/boardlib.s                 0x00000000   Number         0  boardinit1.o ABSOLUTE
    ../clib/angel/boardlib.s                 0x00000000   Number         0  boardinit2.o ABSOLUTE
    ../clib/angel/boardlib.s                 0x00000000   Number         0  boardinit3.o ABSOLUTE
    ../clib/angel/boardlib.s                 0x00000000   Number         0  boardshut.o ABSOLUTE
    ../clib/angel/handlers.s                 0x00000000   Number         0  __scatter_copy.o ABSOLUTE
    ../clib/angel/handlers.s                 0x00000000   Number         0  __scatter_zi.o ABSOLUTE
    ../clib/angel/kernel.s                   0x00000000   Number         0  __rtentry.o ABSOLUTE
    ../clib/angel/kernel.s                   0x00000000   Number         0  __rtentry2.o ABSOLUTE
    ../clib/angel/kernel.s                   0x00000000   Number         0  __rtentry4.o ABSOLUTE
    ../clib/angel/kernel.s                   0x00000000   Number         0  rtexit.o ABSOLUTE
    ../clib/angel/kernel.s                   0x00000000   Number         0  rtexit2.o ABSOLUTE
    ../clib/angel/rt.s                       0x00000000   Number         0  rt_locale.o ABSOLUTE
    ../clib/angel/rt.s                       0x00000000   Number         0  rt_locale_intlibspace.o ABSOLUTE
    ../clib/angel/rt.s                       0x00000000   Number         0  rt_raise.o ABSOLUTE
    ../clib/angel/scatter.s                  0x00000000   Number         0  __scatter.o ABSOLUTE
    ../clib/angel/startup.s                  0x00000000   Number         0  __main.o ABSOLUTE
    ../clib/angel/sys.s                      0x00000000   Number         0  libspace.o ABSOLUTE
    ../clib/angel/sys.s                      0x00000000   Number         0  sys_stackheap_outer.o ABSOLUTE
    ../clib/angel/sys.s                      0x00000000   Number         0  use_no_semi.o ABSOLUTE
    ../clib/angel/sys.s                      0x00000000   Number         0  indicate_semi.o ABSOLUTE
    ../clib/angel/sysapp.c                   0x00000000   Number         0  sys_command.o ABSOLUTE
    ../clib/angel/sysapp.c                   0x00000000   Number         0  sys_exit.o ABSOLUTE
    ../clib/angel/sysapp.c                   0x00000000   Number         0  sys_command_hlt.o ABSOLUTE
    ../clib/angel/sysapp.c                   0x00000000   Number         0  sys_exit_hlt.o ABSOLUTE
    ../clib/angel/sysapp.c                   0x00000000   Number         0  sys_wrch.o ABSOLUTE
    ../clib/angel/sysapp.c                   0x00000000   Number         0  sys_wrch_hlt.o ABSOLUTE
    ../clib/armsys.c                         0x00000000   Number         0  argv_veneer.o ABSOLUTE
    ../clib/armsys.c                         0x00000000   Number         0  argv_veneer.o ABSOLUTE
    ../clib/armsys.c                         0x00000000   Number         0  _get_argv_nomalloc.o ABSOLUTE
    ../clib/armsys.c                         0x00000000   Number         0  no_argv.o ABSOLUTE
    ../clib/bigflt.c                         0x00000000   Number         0  bigflt0.o ABSOLUTE
    ../clib/btod.s                           0x00000000   Number         0  btod.o ABSOLUTE
    ../clib/btod_accurate.c                  0x00000000   Number         0  btod_accurate.o ABSOLUTE
    ../clib/btod_accurate.c                  0x00000000   Number         0  btod_accurate_common.o ABSOLUTE
    ../clib/heapalloc.c                      0x00000000   Number         0  hrguard.o ABSOLUTE
    ../clib/heapaux.c                        0x00000000   Number         0  heapauxi.o ABSOLUTE
    ../clib/libinit.s                        0x00000000   Number         0  libinit.o ABSOLUTE
    ../clib/libinit.s                        0x00000000   Number         0  libinit2.o ABSOLUTE
    ../clib/libinit.s                        0x00000000   Number         0  libshutdown.o ABSOLUTE
    ../clib/libinit.s                        0x00000000   Number         0  libshutdown2.o ABSOLUTE
    ../clib/locale.s                         0x00000000   Number         0  lc_numeric_c.o ABSOLUTE
    ../clib/longlong.s                       0x00000000   Number         0  lludiv10.o ABSOLUTE
    ../clib/longlong.s                       0x00000000   Number         0  llushr.o ABSOLUTE
    ../clib/memcpset.s                       0x00000000   Number         0  strcmpv7em.o ABSOLUTE
    ../clib/printf.c                         0x00000000   Number         0  __2printf.o ABSOLUTE
    ../clib/printf.c                         0x00000000   Number         0  noretval__2printf.o ABSOLUTE
    ../clib/printf.c                         0x00000000   Number         0  __printf.o ABSOLUTE
    ../clib/printf.c                         0x00000000   Number         0  __printf_flags.o ABSOLUTE
    ../clib/printf.c                         0x00000000   Number         0  __printf_ss.o ABSOLUTE
    ../clib/printf.c                         0x00000000   Number         0  __printf_flags_ss.o ABSOLUTE
    ../clib/printf.c                         0x00000000   Number         0  __printf_wp.o ABSOLUTE
    ../clib/printf.c                         0x00000000   Number         0  __printf_flags_wp.o ABSOLUTE
    ../clib/printf.c                         0x00000000   Number         0  __printf_ss_wp.o ABSOLUTE
    ../clib/printf.c                         0x00000000   Number         0  __printf_flags_ss_wp.o ABSOLUTE
    ../clib/printf.c                         0x00000000   Number         0  _printf_fp_dec.o ABSOLUTE
    ../clib/printf.c                         0x00000000   Number         0  _printf_fp_dec_accurate.o ABSOLUTE
    ../clib/printf.c                         0x00000000   Number         0  _printf_char_file.o ABSOLUTE
    ../clib/printf.c                         0x00000000   Number         0  _printf_char_common.o ABSOLUTE
    ../clib/printf.c                         0x00000000   Number         0  _printf_fp_infnan.o ABSOLUTE
    ../clib/printf.c                         0x00000000   Number         0  __printf_nopercent.o ABSOLUTE
    ../clib/printf_percent.s                 0x00000000   Number         0  _printf_f.o ABSOLUTE
    ../clib/printf_percent.s                 0x00000000   Number         0  _printf_percent.o ABSOLUTE
    ../clib/printf_percent.s                 0x00000000   Number         0  _printf_percent_end.o ABSOLUTE
    ../clib/signal.c                         0x00000000   Number         0  defsig_rtmem_outer.o ABSOLUTE
    ../clib/signal.c                         0x00000000   Number         0  defsig_rtmem_formal.o ABSOLUTE
    ../clib/signal.c                         0x00000000   Number         0  defsig_exit.o ABSOLUTE
    ../clib/signal.c                         0x00000000   Number         0  defsig_rtmem_inner.o ABSOLUTE
    ../clib/signal.c                         0x00000000   Number         0  __raise.o ABSOLUTE
    ../clib/signal.c                         0x00000000   Number         0  defsig_general.o ABSOLUTE
    ../clib/signal.c                         0x00000000   Number         0  defsig_abrt_inner.o ABSOLUTE
    ../clib/signal.c                         0x00000000   Number         0  defsig_fpe_inner.o ABSOLUTE
    ../clib/signal.c                         0x00000000   Number         0  defsig_rtred_inner.o ABSOLUTE
    ../clib/signal.c                         0x00000000   Number         0  defsig_stak_inner.o ABSOLUTE
    ../clib/signal.c                         0x00000000   Number         0  defsig_pvfn_inner.o ABSOLUTE
    ../clib/signal.c                         0x00000000   Number         0  defsig_cppl_inner.o ABSOLUTE
    ../clib/signal.c                         0x00000000   Number         0  defsig_segv_inner.o ABSOLUTE
    ../clib/signal.c                         0x00000000   Number         0  defsig_other.o ABSOLUTE
    ../clib/signal.s                         0x00000000   Number         0  defsig.o ABSOLUTE
    ../clib/stdio.c                          0x00000000   Number         0  ferror.o ABSOLUTE
    ../clib/stdio.c                          0x00000000   Number         0  ferror_locked.o ABSOLUTE
    ../clib/stdlib.c                         0x00000000   Number         0  exit.o ABSOLUTE
    ../fplib/daddsub.s                       0x00000000   Number         0  daddsub_clz.o ABSOLUTE
    ../fplib/ddiv.s                          0x00000000   Number         0  ddiv.o ABSOLUTE
    ../fplib/dfix.s                          0x00000000   Number         0  dfix.o ABSOLUTE
    ../fplib/dflt.s                          0x00000000   Number         0  dflt_clz.o ABSOLUTE
    ../fplib/dmul.s                          0x00000000   Number         0  dmul.o ABSOLUTE
    ../fplib/dnaninf.s                       0x00000000   Number         0  dnaninf.o ABSOLUTE
    ../fplib/dretinf.s                       0x00000000   Number         0  dretinf.o ABSOLUTE
    ../fplib/fpinit.s                        0x00000000   Number         0  fpinit.o ABSOLUTE
    ../fplib/istatus.s                       0x00000000   Number         0  istatus.o ABSOLUTE
    ../fplib/printf1.s                       0x00000000   Number         0  printf1.o ABSOLUTE
    ../fplib/usenofp.s                       0x00000000   Number         0  usenofp.o ABSOLUTE
    ../mathlib/fpclassify.c                  0x00000000   Number         0  fpclassify.o ABSOLUTE
    RTE/Device/STM32F411RETx/startup_stm32f411xe.s 0x00000000   Number         0  startup_stm32f411xe.o ABSOLUTE
    dc.s                                     0x00000000   Number         0  dc.o ABSOLUTE
    ecEXTI.c                                 0x00000000   Number         0  ecexti.o ABSOLUTE
    ecGPIO.c                                 0x00000000   Number         0  ecgpio.o ABSOLUTE
    ecPWM.c                                  0x00000000   Number         0  ecpwm.o ABSOLUTE
    ecRCC.c                                  0x00000000   Number         0  ecrcc.o ABSOLUTE
    ecSysTick.c                              0x00000000   Number         0  ecsystick.o ABSOLUTE
    ecTIM.c                                  0x00000000   Number         0  ectim.o ABSOLUTE
    ecUART.c                                 0x00000000   Number         0  ecuart.o ABSOLUTE
    main.c                                   0x00000000   Number         0  main.o ABSOLUTE
    system_stm32f4xx.c                       0x00000000   Number         0  system_stm32f4xx.o ABSOLUTE
    RESET                                    0x08000000   Section      408  startup_stm32f411xe.o(RESET)
    !!!main                                  0x08000198   Section        8  __main.o(!!!main)
    !!!scatter                               0x080001a0   Section       52  __scatter.o(!!!scatter)
    !!handler_copy                           0x080001d4   Section       26  __scatter_copy.o(!!handler_copy)
    !!handler_zi                             0x080001f0   Section       28  __scatter_zi.o(!!handler_zi)
    .ARM.Collect$$_printf_percent$$00000000  0x0800020c   Section        0  _printf_percent.o(.ARM.Collect$$_printf_percent$$00000000)
    .ARM.Collect$$_printf_percent$$00000003  0x0800020c   Section        6  _printf_f.o(.ARM.Collect$$_printf_percent$$00000003)
    .ARM.Collect$$_printf_percent$$00000017  0x08000212   Section        4  _printf_percent_end.o(.ARM.Collect$$_printf_percent$$00000017)
    .ARM.Collect$$libinit$$00000000          0x08000216   Section        2  libinit.o(.ARM.Collect$$libinit$$00000000)
    .ARM.Collect$$libinit$$00000001          0x08000218   Section        4  libinit2.o(.ARM.Collect$$libinit$$00000001)
    .ARM.Collect$$libinit$$00000004          0x0800021c   Section        0  libinit2.o(.ARM.Collect$$libinit$$00000004)
    .ARM.Collect$$libinit$$0000000A          0x0800021c   Section        0  libinit2.o(.ARM.Collect$$libinit$$0000000A)
    .ARM.Collect$$libinit$$0000000C          0x0800021c   Section        0  libinit2.o(.ARM.Collect$$libinit$$0000000C)
    .ARM.Collect$$libinit$$0000000E          0x0800021c   Section        0  libinit2.o(.ARM.Collect$$libinit$$0000000E)
    .ARM.Collect$$libinit$$0000000F          0x0800021c   Section        6  libinit2.o(.ARM.Collect$$libinit$$0000000F)
    .ARM.Collect$$libinit$$00000011          0x08000222   Section        0  libinit2.o(.ARM.Collect$$libinit$$00000011)
    .ARM.Collect$$libinit$$00000013          0x08000222   Section        0  libinit2.o(.ARM.Collect$$libinit$$00000013)
    .ARM.Collect$$libinit$$00000015          0x08000222   Section        0  libinit2.o(.ARM.Collect$$libinit$$00000015)
    .ARM.Collect$$libinit$$00000016          0x08000222   Section       10  libinit2.o(.ARM.Collect$$libinit$$00000016)
    .ARM.Collect$$libinit$$00000017          0x0800022c   Section        0  libinit2.o(.ARM.Collect$$libinit$$00000017)
    .ARM.Collect$$libinit$$00000019          0x0800022c   Section        0  libinit2.o(.ARM.Collect$$libinit$$00000019)
    .ARM.Collect$$libinit$$0000001B          0x0800022c   Section        0  libinit2.o(.ARM.Collect$$libinit$$0000001B)
    .ARM.Collect$$libinit$$0000001D          0x0800022c   Section        0  libinit2.o(.ARM.Collect$$libinit$$0000001D)
    .ARM.Collect$$libinit$$0000001F          0x0800022c   Section        0  libinit2.o(.ARM.Collect$$libinit$$0000001F)
    .ARM.Collect$$libinit$$00000021          0x0800022c   Section        0  libinit2.o(.ARM.Collect$$libinit$$00000021)
    .ARM.Collect$$libinit$$00000023          0x0800022c   Section        0  libinit2.o(.ARM.Collect$$libinit$$00000023)
    .ARM.Collect$$libinit$$00000025          0x0800022c   Section        0  libinit2.o(.ARM.Collect$$libinit$$00000025)
    .ARM.Collect$$libinit$$0000002C          0x0800022c   Section        0  libinit2.o(.ARM.Collect$$libinit$$0000002C)
    .ARM.Collect$$libinit$$0000002E          0x0800022c   Section        0  libinit2.o(.ARM.Collect$$libinit$$0000002E)
    .ARM.Collect$$libinit$$00000030          0x0800022c   Section        0  libinit2.o(.ARM.Collect$$libinit$$00000030)
    .ARM.Collect$$libinit$$00000032          0x0800022c   Section        0  libinit2.o(.ARM.Collect$$libinit$$00000032)
    .ARM.Collect$$libinit$$00000033          0x0800022c   Section        2  libinit2.o(.ARM.Collect$$libinit$$00000033)
    .ARM.Collect$$libshutdown$$00000000      0x0800022e   Section        2  libshutdown.o(.ARM.Collect$$libshutdown$$00000000)
    .ARM.Collect$$libshutdown$$00000002      0x08000230   Section        0  libshutdown2.o(.ARM.Collect$$libshutdown$$00000002)
    .ARM.Collect$$libshutdown$$00000004      0x08000230   Section        0  libshutdown2.o(.ARM.Collect$$libshutdown$$00000004)
    .ARM.Collect$$libshutdown$$00000007      0x08000230   Section        0  libshutdown2.o(.ARM.Collect$$libshutdown$$00000007)
    .ARM.Collect$$libshutdown$$0000000A      0x08000230   Section        0  libshutdown2.o(.ARM.Collect$$libshutdown$$0000000A)
    .ARM.Collect$$libshutdown$$0000000C      0x08000230   Section        0  libshutdown2.o(.ARM.Collect$$libshutdown$$0000000C)
    .ARM.Collect$$libshutdown$$0000000F      0x08000230   Section        0  libshutdown2.o(.ARM.Collect$$libshutdown$$0000000F)
    .ARM.Collect$$libshutdown$$00000010      0x08000230   Section        2  libshutdown2.o(.ARM.Collect$$libshutdown$$00000010)
    .ARM.Collect$$rtentry$$00000000          0x08000232   Section        0  __rtentry.o(.ARM.Collect$$rtentry$$00000000)
    .ARM.Collect$$rtentry$$00000002          0x08000232   Section        0  __rtentry2.o(.ARM.Collect$$rtentry$$00000002)
    .ARM.Collect$$rtentry$$00000004          0x08000232   Section        6  __rtentry4.o(.ARM.Collect$$rtentry$$00000004)
    .ARM.Collect$$rtentry$$00000009          0x08000238   Section        0  __rtentry2.o(.ARM.Collect$$rtentry$$00000009)
    .ARM.Collect$$rtentry$$0000000A          0x08000238   Section        4  __rtentry2.o(.ARM.Collect$$rtentry$$0000000A)
    .ARM.Collect$$rtentry$$0000000C          0x0800023c   Section        0  __rtentry2.o(.ARM.Collect$$rtentry$$0000000C)
    .ARM.Collect$$rtentry$$0000000D          0x0800023c   Section        8  __rtentry2.o(.ARM.Collect$$rtentry$$0000000D)
    .ARM.Collect$$rtexit$$00000000           0x08000244   Section        2  rtexit.o(.ARM.Collect$$rtexit$$00000000)
    .ARM.Collect$$rtexit$$00000002           0x08000246   Section        0  rtexit2.o(.ARM.Collect$$rtexit$$00000002)
    .ARM.Collect$$rtexit$$00000003           0x08000246   Section        4  rtexit2.o(.ARM.Collect$$rtexit$$00000003)
    .ARM.Collect$$rtexit$$00000004           0x0800024a   Section        6  rtexit2.o(.ARM.Collect$$rtexit$$00000004)
    $v0                                      0x08000250   Number         0  startup_stm32f411xe.o(.text)
    .text                                    0x08000250   Section       64  startup_stm32f411xe.o(.text)
    .text                                    0x08000290   Section        0  noretval__2printf.o(.text)
    .text                                    0x080002a8   Section        0  __printf.o(.text)
    .text                                    0x08000310   Section        0  heapauxi.o(.text)
    _fp_digits                               0x08000317   Thumb Code   432  _printf_fp_dec.o(.text)
    .text                                    0x08000316   Section        0  _printf_fp_dec.o(.text)
    .text                                    0x08000734   Section        0  _printf_char_file.o(.text)
    .text                                    0x08000758   Section        8  rt_locale_intlibspace.o(.text)
    .text                                    0x08000760   Section      138  lludiv10.o(.text)
    _printf_input_char                       0x080007ed   Thumb Code    10  _printf_char_common.o(.text)
    .text                                    0x080007ec   Section        0  _printf_char_common.o(.text)
    .text                                    0x0800081c   Section        0  _printf_fp_infnan.o(.text)
    .text                                    0x0800089c   Section        0  bigflt0.o(.text)
    .text                                    0x08000980   Section        0  ferror.o(.text)
    .text                                    0x08000988   Section        8  libspace.o(.text)
    .text                                    0x08000990   Section       74  sys_stackheap_outer.o(.text)
    .text                                    0x080009da   Section        0  exit.o(.text)
    .text                                    0x080009f0   Section      124  strcmpv7em.o(.text)
    .text                                    0x08000a6c   Section        0  sys_exit.o(.text)
    .text                                    0x08000a78   Section        2  use_no_semi.o(.text)
    .text                                    0x08000a7a   Section        0  indicate_semi.o(.text)
    [Anonymous Symbol]                       0x08000a7c   Section        0  ecgpio.o(.text.GPIO_init)
    [Anonymous Symbol]                       0x08000b08   Section        0  ecgpio.o(.text.GPIO_mode)
    [Anonymous Symbol]                       0x08000b2c   Section        0  ecrcc.o(.text.RCC_GPIOA_enable)
    [Anonymous Symbol]                       0x08000b40   Section        0  ecrcc.o(.text.RCC_GPIOB_enable)
    [Anonymous Symbol]                       0x08000b54   Section        0  ecrcc.o(.text.RCC_GPIOC_enable)
    [Anonymous Symbol]                       0x08000b68   Section        0  ecrcc.o(.text.RCC_GPIOD_enable)
    [Anonymous Symbol]                       0x08000b7c   Section        0  ecrcc.o(.text.RCC_PLL_init)
    [Anonymous Symbol]                       0x08000c5c   Section        0  ecsystick.o(.text.SysTick_Handler)
    [Anonymous Symbol]                       0x08000c74   Section        0  system_stm32f4xx.o(.text.SystemInit)
    [Anonymous Symbol]                       0x08000c90   Section        0  main.o(.text.TIM2_IRQHandler)
    [Anonymous Symbol]                       0x08000d04   Section        0  ectim.o(.text.TIM_INT_enable)
    [Anonymous Symbol]                       0x08000d10   Section        0  ectim.o(.text.TIM_init)
    [Anonymous Symbol]                       0x08000e38   Section        0  ectim.o(.text.TIM_period_ms)
    [Anonymous Symbol]                       0x08000e74   Section        0  ecuart.o(.text.UART2_init)
    [Anonymous Symbol]                       0x08000f34   Section        0  ecuart.o(.text.USART_write)
    __NVIC_EnableIRQ                         0x08000f61   Thumb Code    16  main.o(.text.__NVIC_EnableIRQ)
    [Anonymous Symbol]                       0x08000f60   Section        0  main.o(.text.__NVIC_EnableIRQ)
    __NVIC_EnableIRQ                         0x08000f71   Thumb Code    14  ecuart.o(.text.__NVIC_EnableIRQ)
    [Anonymous Symbol]                       0x08000f70   Section        0  ecuart.o(.text.__NVIC_EnableIRQ)
    __NVIC_SetPriority                       0x08000f81   Thumb Code    14  main.o(.text.__NVIC_SetPriority)
    [Anonymous Symbol]                       0x08000f80   Section        0  main.o(.text.__NVIC_SetPriority)
    __NVIC_SetPriority                       0x08000f91   Thumb Code    14  ecuart.o(.text.__NVIC_SetPriority)
    [Anonymous Symbol]                       0x08000f90   Section        0  ecuart.o(.text.__NVIC_SetPriority)
    [Anonymous Symbol]                       0x08000fa0   Section        0  ecuart.o(.text.fputc)
    [Anonymous Symbol]                       0x08000fc8   Section        0  main.o(.text.main)
    CL$$btod_d2e                             0x0800113c   Section       62  btod.o(CL$$btod_d2e)
    CL$$btod_d2e_denorm_low                  0x0800117a   Section       70  btod.o(CL$$btod_d2e_denorm_low)
    CL$$btod_d2e_norm_op1                    0x080011c0   Section       96  btod.o(CL$$btod_d2e_norm_op1)
    CL$$btod_div_common                      0x08001220   Section      824  btod.o(CL$$btod_div_common)
    CL$$btod_e2e                             0x08001558   Section      220  btod.o(CL$$btod_e2e)
    CL$$btod_ediv                            0x08001634   Section       42  btod.o(CL$$btod_ediv)
    CL$$btod_emul                            0x0800165e   Section       42  btod.o(CL$$btod_emul)
    CL$$btod_mult_common                     0x08001688   Section      580  btod.o(CL$$btod_mult_common)
    i.__ARM_fpclassify                       0x080018cc   Section        0  fpclassify.o(i.__ARM_fpclassify)
    locale$$code                             0x080018fc   Section       44  lc_numeric_c.o(locale$$code)
    $v0                                      0x08001928   Number         0  daddsub_clz.o(x$fpl$dadd)
    x$fpl$dadd                               0x08001928   Section      336  daddsub_clz.o(x$fpl$dadd)
    _dadd1                                   0x08001939   Thumb Code     0  daddsub_clz.o(x$fpl$dadd)
    $v0                                      0x08001a78   Number         0  ddiv.o(x$fpl$ddiv)
    x$fpl$ddiv                               0x08001a78   Section      692  ddiv.o(x$fpl$ddiv)
    ddiv_entry                               0x08001a7f   Thumb Code     0  ddiv.o(x$fpl$ddiv)
    $v0                                      0x08001d2c   Number         0  dflt_clz.o(x$fpl$dfltu)
    x$fpl$dfltu                              0x08001d2c   Section       38  dflt_clz.o(x$fpl$dfltu)
    $v0                                      0x08001d52   Number         0  dnaninf.o(x$fpl$dnaninf)
    x$fpl$dnaninf                            0x08001d52   Section      156  dnaninf.o(x$fpl$dnaninf)
    $v0                                      0x08001dee   Number         0  dretinf.o(x$fpl$dretinf)
    x$fpl$dretinf                            0x08001dee   Section       12  dretinf.o(x$fpl$dretinf)
    $v0                                      0x08001dfc   Number         0  daddsub_clz.o(x$fpl$dsub)
    x$fpl$dsub                               0x08001dfc   Section      476  daddsub_clz.o(x$fpl$dsub)
    _dsub1                                   0x08001e0d   Thumb Code     0  daddsub_clz.o(x$fpl$dsub)
    $v0                                      0x08001fd8   Number         0  fpinit.o(x$fpl$fpinit)
    x$fpl$fpinit                             0x08001fd8   Section       26  fpinit.o(x$fpl$fpinit)
    $v0                                      0x08001ff2   Number         0  printf1.o(x$fpl$printf1)
    x$fpl$printf1                            0x08001ff2   Section        4  printf1.o(x$fpl$printf1)
    x$fpl$usenofp                            0x08001ff6   Section        0  usenofp.o(x$fpl$usenofp)
    tenpwrs_x                                0x08001ff8   Data          60  bigflt0.o(.constdata)
    .constdata                               0x08001ff8   Section      148  bigflt0.o(.constdata)
    tenpwrs_i                                0x08002034   Data          64  bigflt0.o(.constdata)
    locale$$data                             0x080020ac   Section       28  lc_numeric_c.o(locale$$data)
    __lcnum_c_name                           0x080020b0   Data           2  lc_numeric_c.o(locale$$data)
    __lcnum_c_start                          0x080020b8   Data           0  lc_numeric_c.o(locale$$data)
    __lcnum_c_point                          0x080020c4   Data           0  lc_numeric_c.o(locale$$data)
    __lcnum_c_thousands                      0x080020c6   Data           0  lc_numeric_c.o(locale$$data)
    __lcnum_c_grouping                       0x080020c7   Data           0  lc_numeric_c.o(locale$$data)
    __lcnum_c_end                            0x080020c8   Data           0  lc_numeric_c.o(locale$$data)
    .bss                                     0x20000008   Section       96  libspace.o(.bss)
    Heap_Mem                                 0x20000098   Data         512  startup_stm32f411xe.o(HEAP)
    HEAP                                     0x20000098   Section      512  startup_stm32f411xe.o(HEAP)
    Stack_Mem                                0x20000298   Data        1024  startup_stm32f411xe.o(STACK)
    STACK                                    0x20000298   Section     1024  startup_stm32f411xe.o(STACK)
    __initial_sp                             0x20000698   Data           0  startup_stm32f411xe.o(STACK)

    Global Symbols

    Symbol Name                              Value     Ov Type        Size  Object(Section)

    BuildAttributes$$THM_ISAv4$E$P$D$K$B$S$7EM$VFPi3$EXTD16$VFPS$VFMA$PE$A:L22UL41UL21$X:L11$S22US41US21$IEEE1$IW$~IW$USESV6$~STKCKD$USESV7$~SHL$OTIME$ROPI$IEEEJ$EBA8$UX$STANDARDLIB$REQ8$PRES8$EABIv2 0x00000000   Number         0  anon$$obj.o ABSOLUTE
    __ARM_exceptions_init                     - Undefined Weak Reference
    __alloca_initialize                       - Undefined Weak Reference
    __arm_preinit_                            - Undefined Weak Reference
    __cpp_initialize__aeabi_                  - Undefined Weak Reference
    __cxa_finalize                            - Undefined Weak Reference
    __sigvec_lookup                           - Undefined Weak Reference
    _atexit_init                              - Undefined Weak Reference
    _call_atexit_fns                          - Undefined Weak Reference
    _clock_init                               - Undefined Weak Reference
    _fp_trap_init                             - Undefined Weak Reference
    _fp_trap_shutdown                         - Undefined Weak Reference
    _get_lc_collate                           - Undefined Weak Reference
    _get_lc_ctype                             - Undefined Weak Reference
    _get_lc_monetary                          - Undefined Weak Reference
    _get_lc_time                              - Undefined Weak Reference
    _getenv_init                              - Undefined Weak Reference
    _handle_redirection                       - Undefined Weak Reference
    _init_alloc                               - Undefined Weak Reference
    _init_user_alloc                          - Undefined Weak Reference
    _initio                                   - Undefined Weak Reference
    _mutex_acquire                            - Undefined Weak Reference
    _mutex_release                            - Undefined Weak Reference
    _printf_post_padding                      - Undefined Weak Reference
    _printf_pre_padding                       - Undefined Weak Reference
    _rand_init                                - Undefined Weak Reference
    _signal_finish                            - Undefined Weak Reference
    _signal_init                              - Undefined Weak Reference
    _terminate_alloc                          - Undefined Weak Reference
    _terminate_user_alloc                     - Undefined Weak Reference
    _terminateio                              - Undefined Weak Reference
    __Vectors_Size                           0x00000198   Number         0  startup_stm32f411xe.o ABSOLUTE
    __Vectors                                0x08000000   Data           4  startup_stm32f411xe.o(RESET)
    __Vectors_End                            0x08000198   Data           0  startup_stm32f411xe.o(RESET)
    __main                                   0x08000199   Thumb Code     8  __main.o(!!!main)
    __scatterload                            0x080001a1   Thumb Code     0  __scatter.o(!!!scatter)
    __scatterload_rt2                        0x080001a1   Thumb Code    44  __scatter.o(!!!scatter)
    __scatterload_rt2_thumb_only             0x080001a1   Thumb Code     0  __scatter.o(!!!scatter)
    __scatterload_null                       0x080001af   Thumb Code     0  __scatter.o(!!!scatter)
    __scatterload_copy                       0x080001d5   Thumb Code    26  __scatter_copy.o(!!handler_copy)
    __scatterload_zeroinit                   0x080001f1   Thumb Code    28  __scatter_zi.o(!!handler_zi)
    _printf_f                                0x0800020d   Thumb Code     0  _printf_f.o(.ARM.Collect$$_printf_percent$$00000003)
    _printf_percent                          0x0800020d   Thumb Code     0  _printf_percent.o(.ARM.Collect$$_printf_percent$$00000000)
    _printf_percent_end                      0x08000213   Thumb Code     0  _printf_percent_end.o(.ARM.Collect$$_printf_percent$$00000017)
    __rt_lib_init                            0x08000217   Thumb Code     0  libinit.o(.ARM.Collect$$libinit$$00000000)
    __rt_lib_init_fp_1                       0x08000219   Thumb Code     0  libinit2.o(.ARM.Collect$$libinit$$00000001)
    __rt_lib_init_heap_1                     0x0800021d   Thumb Code     0  libinit2.o(.ARM.Collect$$libinit$$0000000A)
    __rt_lib_init_lc_common                  0x0800021d   Thumb Code     0  libinit2.o(.ARM.Collect$$libinit$$0000000F)
    __rt_lib_init_preinit_1                  0x0800021d   Thumb Code     0  libinit2.o(.ARM.Collect$$libinit$$00000004)
    __rt_lib_init_rand_1                     0x0800021d   Thumb Code     0  libinit2.o(.ARM.Collect$$libinit$$0000000E)
    __rt_lib_init_user_alloc_1               0x0800021d   Thumb Code     0  libinit2.o(.ARM.Collect$$libinit$$0000000C)
    __rt_lib_init_lc_collate_1               0x08000223   Thumb Code     0  libinit2.o(.ARM.Collect$$libinit$$00000011)
    __rt_lib_init_lc_ctype_1                 0x08000223   Thumb Code     0  libinit2.o(.ARM.Collect$$libinit$$00000013)
    __rt_lib_init_lc_monetary_1              0x08000223   Thumb Code     0  libinit2.o(.ARM.Collect$$libinit$$00000015)
    __rt_lib_init_lc_numeric_2               0x08000223   Thumb Code     0  libinit2.o(.ARM.Collect$$libinit$$00000016)
    __rt_lib_init_alloca_1                   0x0800022d   Thumb Code     0  libinit2.o(.ARM.Collect$$libinit$$0000002E)
    __rt_lib_init_argv_1                     0x0800022d   Thumb Code     0  libinit2.o(.ARM.Collect$$libinit$$0000002C)
    __rt_lib_init_atexit_1                   0x0800022d   Thumb Code     0  libinit2.o(.ARM.Collect$$libinit$$0000001B)
    __rt_lib_init_clock_1                    0x0800022d   Thumb Code     0  libinit2.o(.ARM.Collect$$libinit$$00000021)
    __rt_lib_init_cpp_1                      0x0800022d   Thumb Code     0  libinit2.o(.ARM.Collect$$libinit$$00000032)
    __rt_lib_init_exceptions_1               0x0800022d   Thumb Code     0  libinit2.o(.ARM.Collect$$libinit$$00000030)
    __rt_lib_init_fp_trap_1                  0x0800022d   Thumb Code     0  libinit2.o(.ARM.Collect$$libinit$$0000001F)
    __rt_lib_init_getenv_1                   0x0800022d   Thumb Code     0  libinit2.o(.ARM.Collect$$libinit$$00000023)
    __rt_lib_init_lc_numeric_1               0x0800022d   Thumb Code     0  libinit2.o(.ARM.Collect$$libinit$$00000017)
    __rt_lib_init_lc_time_1                  0x0800022d   Thumb Code     0  libinit2.o(.ARM.Collect$$libinit$$00000019)
    __rt_lib_init_return                     0x0800022d   Thumb Code     0  libinit2.o(.ARM.Collect$$libinit$$00000033)
    __rt_lib_init_signal_1                   0x0800022d   Thumb Code     0  libinit2.o(.ARM.Collect$$libinit$$0000001D)
    __rt_lib_init_stdio_1                    0x0800022d   Thumb Code     0  libinit2.o(.ARM.Collect$$libinit$$00000025)
    __rt_lib_shutdown                        0x0800022f   Thumb Code     0  libshutdown.o(.ARM.Collect$$libshutdown$$00000000)
    __rt_lib_shutdown_cpp_1                  0x08000231   Thumb Code     0  libshutdown2.o(.ARM.Collect$$libshutdown$$00000002)
    __rt_lib_shutdown_fp_trap_1              0x08000231   Thumb Code     0  libshutdown2.o(.ARM.Collect$$libshutdown$$00000007)
    __rt_lib_shutdown_heap_1                 0x08000231   Thumb Code     0  libshutdown2.o(.ARM.Collect$$libshutdown$$0000000F)
    __rt_lib_shutdown_return                 0x08000231   Thumb Code     0  libshutdown2.o(.ARM.Collect$$libshutdown$$00000010)
    __rt_lib_shutdown_signal_1               0x08000231   Thumb Code     0  libshutdown2.o(.ARM.Collect$$libshutdown$$0000000A)
    __rt_lib_shutdown_stdio_1                0x08000231   Thumb Code     0  libshutdown2.o(.ARM.Collect$$libshutdown$$00000004)
    __rt_lib_shutdown_user_alloc_1           0x08000231   Thumb Code     0  libshutdown2.o(.ARM.Collect$$libshutdown$$0000000C)
    __rt_entry                               0x08000233   Thumb Code     0  __rtentry.o(.ARM.Collect$$rtentry$$00000000)
    __rt_entry_presh_1                       0x08000233   Thumb Code     0  __rtentry2.o(.ARM.Collect$$rtentry$$00000002)
    __rt_entry_sh                            0x08000233   Thumb Code     0  __rtentry4.o(.ARM.Collect$$rtentry$$00000004)
    __rt_entry_li                            0x08000239   Thumb Code     0  __rtentry2.o(.ARM.Collect$$rtentry$$0000000A)
    __rt_entry_postsh_1                      0x08000239   Thumb Code     0  __rtentry2.o(.ARM.Collect$$rtentry$$00000009)
    __rt_entry_main                          0x0800023d   Thumb Code     0  __rtentry2.o(.ARM.Collect$$rtentry$$0000000D)
    __rt_entry_postli_1                      0x0800023d   Thumb Code     0  __rtentry2.o(.ARM.Collect$$rtentry$$0000000C)
    __rt_exit                                0x08000245   Thumb Code     0  rtexit.o(.ARM.Collect$$rtexit$$00000000)
    __rt_exit_ls                             0x08000247   Thumb Code     0  rtexit2.o(.ARM.Collect$$rtexit$$00000003)
    __rt_exit_prels_1                        0x08000247   Thumb Code     0  rtexit2.o(.ARM.Collect$$rtexit$$00000002)
    __rt_exit_exit                           0x0800024b   Thumb Code     0  rtexit2.o(.ARM.Collect$$rtexit$$00000004)
    Reset_Handler                            0x08000251   Thumb Code     8  startup_stm32f411xe.o(.text)
    NMI_Handler                              0x08000259   Thumb Code     2  startup_stm32f411xe.o(.text)
    HardFault_Handler                        0x0800025b   Thumb Code     2  startup_stm32f411xe.o(.text)
    MemManage_Handler                        0x0800025d   Thumb Code     2  startup_stm32f411xe.o(.text)
    BusFault_Handler                         0x0800025f   Thumb Code     2  startup_stm32f411xe.o(.text)
    UsageFault_Handler                       0x08000261   Thumb Code     2  startup_stm32f411xe.o(.text)
    SVC_Handler                              0x08000263   Thumb Code     2  startup_stm32f411xe.o(.text)
    DebugMon_Handler                         0x08000265   Thumb Code     2  startup_stm32f411xe.o(.text)
    PendSV_Handler                           0x08000267   Thumb Code     2  startup_stm32f411xe.o(.text)
    ADC_IRQHandler                           0x0800026b   Thumb Code     0  startup_stm32f411xe.o(.text)
    DMA1_Stream0_IRQHandler                  0x0800026b   Thumb Code     0  startup_stm32f411xe.o(.text)
    DMA1_Stream1_IRQHandler                  0x0800026b   Thumb Code     0  startup_stm32f411xe.o(.text)
    DMA1_Stream2_IRQHandler                  0x0800026b   Thumb Code     0  startup_stm32f411xe.o(.text)
    DMA1_Stream3_IRQHandler                  0x0800026b   Thumb Code     0  startup_stm32f411xe.o(.text)
    DMA1_Stream4_IRQHandler                  0x0800026b   Thumb Code     0  startup_stm32f411xe.o(.text)
    DMA1_Stream5_IRQHandler                  0x0800026b   Thumb Code     0  startup_stm32f411xe.o(.text)
    DMA1_Stream6_IRQHandler                  0x0800026b   Thumb Code     0  startup_stm32f411xe.o(.text)
    DMA1_Stream7_IRQHandler                  0x0800026b   Thumb Code     0  startup_stm32f411xe.o(.text)
    DMA2_Stream0_IRQHandler                  0x0800026b   Thumb Code     0  startup_stm32f411xe.o(.text)
    DMA2_Stream1_IRQHandler                  0x0800026b   Thumb Code     0  startup_stm32f411xe.o(.text)
    DMA2_Stream2_IRQHandler                  0x0800026b   Thumb Code     0  startup_stm32f411xe.o(.text)
    DMA2_Stream3_IRQHandler                  0x0800026b   Thumb Code     0  startup_stm32f411xe.o(.text)
    DMA2_Stream4_IRQHandler                  0x0800026b   Thumb Code     0  startup_stm32f411xe.o(.text)
    DMA2_Stream5_IRQHandler                  0x0800026b   Thumb Code     0  startup_stm32f411xe.o(.text)
    DMA2_Stream6_IRQHandler                  0x0800026b   Thumb Code     0  startup_stm32f411xe.o(.text)
    DMA2_Stream7_IRQHandler                  0x0800026b   Thumb Code     0  startup_stm32f411xe.o(.text)
    EXTI0_IRQHandler                         0x0800026b   Thumb Code     0  startup_stm32f411xe.o(.text)
    EXTI15_10_IRQHandler                     0x0800026b   Thumb Code     0  startup_stm32f411xe.o(.text)
    EXTI1_IRQHandler                         0x0800026b   Thumb Code     0  startup_stm32f411xe.o(.text)
    EXTI2_IRQHandler                         0x0800026b   Thumb Code     0  startup_stm32f411xe.o(.text)
    EXTI3_IRQHandler                         0x0800026b   Thumb Code     0  startup_stm32f411xe.o(.text)
    EXTI4_IRQHandler                         0x0800026b   Thumb Code     0  startup_stm32f411xe.o(.text)
    EXTI9_5_IRQHandler                       0x0800026b   Thumb Code     0  startup_stm32f411xe.o(.text)
    FLASH_IRQHandler                         0x0800026b   Thumb Code     0  startup_stm32f411xe.o(.text)
    FPU_IRQHandler                           0x0800026b   Thumb Code     0  startup_stm32f411xe.o(.text)
    I2C1_ER_IRQHandler                       0x0800026b   Thumb Code     0  startup_stm32f411xe.o(.text)
    I2C1_EV_IRQHandler                       0x0800026b   Thumb Code     0  startup_stm32f411xe.o(.text)
    I2C2_ER_IRQHandler                       0x0800026b   Thumb Code     0  startup_stm32f411xe.o(.text)
    I2C2_EV_IRQHandler                       0x0800026b   Thumb Code     0  startup_stm32f411xe.o(.text)
    I2C3_ER_IRQHandler                       0x0800026b   Thumb Code     0  startup_stm32f411xe.o(.text)
    I2C3_EV_IRQHandler                       0x0800026b   Thumb Code     0  startup_stm32f411xe.o(.text)
    OTG_FS_IRQHandler                        0x0800026b   Thumb Code     0  startup_stm32f411xe.o(.text)
    OTG_FS_WKUP_IRQHandler                   0x0800026b   Thumb Code     0  startup_stm32f411xe.o(.text)
    PVD_IRQHandler                           0x0800026b   Thumb Code     0  startup_stm32f411xe.o(.text)
    RCC_IRQHandler                           0x0800026b   Thumb Code     0  startup_stm32f411xe.o(.text)
    RTC_Alarm_IRQHandler                     0x0800026b   Thumb Code     0  startup_stm32f411xe.o(.text)
    RTC_WKUP_IRQHandler                      0x0800026b   Thumb Code     0  startup_stm32f411xe.o(.text)
    SDIO_IRQHandler                          0x0800026b   Thumb Code     0  startup_stm32f411xe.o(.text)
    SPI1_IRQHandler                          0x0800026b   Thumb Code     0  startup_stm32f411xe.o(.text)
    SPI2_IRQHandler                          0x0800026b   Thumb Code     0  startup_stm32f411xe.o(.text)
    SPI3_IRQHandler                          0x0800026b   Thumb Code     0  startup_stm32f411xe.o(.text)
    SPI4_IRQHandler                          0x0800026b   Thumb Code     0  startup_stm32f411xe.o(.text)
    SPI5_IRQHandler                          0x0800026b   Thumb Code     0  startup_stm32f411xe.o(.text)
    TAMP_STAMP_IRQHandler                    0x0800026b   Thumb Code     0  startup_stm32f411xe.o(.text)
    TIM1_BRK_TIM9_IRQHandler                 0x0800026b   Thumb Code     0  startup_stm32f411xe.o(.text)
    TIM1_CC_IRQHandler                       0x0800026b   Thumb Code     0  startup_stm32f411xe.o(.text)
    TIM1_TRG_COM_TIM11_IRQHandler            0x0800026b   Thumb Code     0  startup_stm32f411xe.o(.text)
    TIM1_UP_TIM10_IRQHandler                 0x0800026b   Thumb Code     0  startup_stm32f411xe.o(.text)
    TIM3_IRQHandler                          0x0800026b   Thumb Code     0  startup_stm32f411xe.o(.text)
    TIM4_IRQHandler                          0x0800026b   Thumb Code     0  startup_stm32f411xe.o(.text)
    TIM5_IRQHandler                          0x0800026b   Thumb Code     0  startup_stm32f411xe.o(.text)
    USART1_IRQHandler                        0x0800026b   Thumb Code     0  startup_stm32f411xe.o(.text)
    USART2_IRQHandler                        0x0800026b   Thumb Code     0  startup_stm32f411xe.o(.text)
    USART6_IRQHandler                        0x0800026b   Thumb Code     0  startup_stm32f411xe.o(.text)
    WWDG_IRQHandler                          0x0800026b   Thumb Code     0  startup_stm32f411xe.o(.text)
    __user_initial_stackheap                 0x0800026d   Thumb Code     0  startup_stm32f411xe.o(.text)
    __2printf                                0x08000291   Thumb Code    20  noretval__2printf.o(.text)
    __printf                                 0x080002a9   Thumb Code   104  __printf.o(.text)
    __use_two_region_memory                  0x08000311   Thumb Code     2  heapauxi.o(.text)
    __rt_heap_escrow$2region                 0x08000313   Thumb Code     2  heapauxi.o(.text)
    __rt_heap_expand$2region                 0x08000315   Thumb Code     2  heapauxi.o(.text)
    _printf_fp_dec_real                      0x080004c7   Thumb Code   620  _printf_fp_dec.o(.text)
    _printf_char_file                        0x08000735   Thumb Code    32  _printf_char_file.o(.text)
    __rt_locale                              0x08000759   Thumb Code     8  rt_locale_intlibspace.o(.text)
    _ll_udiv10                               0x08000761   Thumb Code   138  lludiv10.o(.text)
    _printf_char_common                      0x080007f7   Thumb Code    32  _printf_char_common.o(.text)
    _printf_fp_infnan                        0x0800081d   Thumb Code   112  _printf_fp_infnan.o(.text)
    _btod_etento                             0x0800089d   Thumb Code   224  bigflt0.o(.text)
    ferror                                   0x08000981   Thumb Code     8  ferror.o(.text)
    __user_libspace                          0x08000989   Thumb Code     8  libspace.o(.text)
    __user_perproc_libspace                  0x08000989   Thumb Code     0  libspace.o(.text)
    __user_perthread_libspace                0x08000989   Thumb Code     0  libspace.o(.text)
    __user_setup_stackheap                   0x08000991   Thumb Code    74  sys_stackheap_outer.o(.text)
    exit                                     0x080009db   Thumb Code    18  exit.o(.text)
    strcmp                                   0x080009f1   Thumb Code   124  strcmpv7em.o(.text)
    _sys_exit                                0x08000a6d   Thumb Code     8  sys_exit.o(.text)
    __I$use$semihosting                      0x08000a79   Thumb Code     0  use_no_semi.o(.text)
    __use_no_semihosting_swi                 0x08000a79   Thumb Code     2  use_no_semi.o(.text)
    __semihosting_library_function           0x08000a7b   Thumb Code     0  indicate_semi.o(.text)
    GPIO_init                                0x08000a7d   Thumb Code   138  ecgpio.o(.text.GPIO_init)
    GPIO_mode                                0x08000b09   Thumb Code    34  ecgpio.o(.text.GPIO_mode)
    RCC_GPIOA_enable                         0x08000b2d   Thumb Code    18  ecrcc.o(.text.RCC_GPIOA_enable)
    RCC_GPIOB_enable                         0x08000b41   Thumb Code    18  ecrcc.o(.text.RCC_GPIOB_enable)
    RCC_GPIOC_enable                         0x08000b55   Thumb Code    18  ecrcc.o(.text.RCC_GPIOC_enable)
    RCC_GPIOD_enable                         0x08000b69   Thumb Code    18  ecrcc.o(.text.RCC_GPIOD_enable)
    RCC_PLL_init                             0x08000b7d   Thumb Code   222  ecrcc.o(.text.RCC_PLL_init)
    SysTick_Handler                          0x08000c5d   Thumb Code    24  ecsystick.o(.text.SysTick_Handler)
    SystemInit                               0x08000c75   Thumb Code    26  system_stm32f4xx.o(.text.SystemInit)
    TIM2_IRQHandler                          0x08000c91   Thumb Code   114  main.o(.text.TIM2_IRQHandler)
    TIM_INT_enable                           0x08000d05   Thumb Code    10  ectim.o(.text.TIM_INT_enable)
    TIM_init                                 0x08000d11   Thumb Code   294  ectim.o(.text.TIM_init)
    TIM_period_ms                            0x08000e39   Thumb Code    58  ectim.o(.text.TIM_period_ms)
    UART2_init                               0x08000e75   Thumb Code   192  ecuart.o(.text.UART2_init)
    USART_write                              0x08000f35   Thumb Code    44  ecuart.o(.text.USART_write)
    fputc                                    0x08000fa1   Thumb Code    34  ecuart.o(.text.fputc)
    main                                     0x08000fc9   Thumb Code   352  main.o(.text.main)
    _btod_d2e                                0x0800113d   Thumb Code    62  btod.o(CL$$btod_d2e)
    _d2e_denorm_low                          0x0800117b   Thumb Code    70  btod.o(CL$$btod_d2e_denorm_low)
    _d2e_norm_op1                            0x080011c1   Thumb Code    96  btod.o(CL$$btod_d2e_norm_op1)
    __btod_div_common                        0x08001221   Thumb Code   696  btod.o(CL$$btod_div_common)
    _e2e                                     0x08001559   Thumb Code   220  btod.o(CL$$btod_e2e)
    _btod_ediv                               0x08001635   Thumb Code    42  btod.o(CL$$btod_ediv)
    _btod_emul                               0x0800165f   Thumb Code    42  btod.o(CL$$btod_emul)
    __btod_mult_common                       0x08001689   Thumb Code   580  btod.o(CL$$btod_mult_common)
    __ARM_fpclassify                         0x080018cd   Thumb Code    48  fpclassify.o(i.__ARM_fpclassify)
    _get_lc_numeric                          0x080018fd   Thumb Code    44  lc_numeric_c.o(locale$$code)
    __aeabi_dadd                             0x08001929   Thumb Code     0  daddsub_clz.o(x$fpl$dadd)
    _dadd                                    0x08001929   Thumb Code   332  daddsub_clz.o(x$fpl$dadd)
    __aeabi_ddiv                             0x08001a79   Thumb Code     0  ddiv.o(x$fpl$ddiv)
    _ddiv                                    0x08001a79   Thumb Code   556  ddiv.o(x$fpl$ddiv)
    __aeabi_ui2d                             0x08001d2d   Thumb Code     0  dflt_clz.o(x$fpl$dfltu)
    _dfltu                                   0x08001d2d   Thumb Code    38  dflt_clz.o(x$fpl$dfltu)
    __fpl_dnaninf                            0x08001d53   Thumb Code   156  dnaninf.o(x$fpl$dnaninf)
    __fpl_dretinf                            0x08001def   Thumb Code    12  dretinf.o(x$fpl$dretinf)
    __aeabi_dsub                             0x08001dfd   Thumb Code     0  daddsub_clz.o(x$fpl$dsub)
    _dsub                                    0x08001dfd   Thumb Code   472  daddsub_clz.o(x$fpl$dsub)
    _fp_init                                 0x08001fd9   Thumb Code    26  fpinit.o(x$fpl$fpinit)
    __fplib_config_fpu_vfp                   0x08001ff1   Thumb Code     0  fpinit.o(x$fpl$fpinit)
    __fplib_config_pureend_doubles           0x08001ff1   Thumb Code     0  fpinit.o(x$fpl$fpinit)
    _printf_fp_dec                           0x08001ff3   Thumb Code     4  printf1.o(x$fpl$printf1)
    __I$use$fp                               0x08001ff6   Number         0  usenofp.o(x$fpl$usenofp)
    Region$$Table$$Base                      0x0800208c   Number         0  anon$$obj.o(Region$$Table)
    Region$$Table$$Limit                     0x080020ac   Number         0  anon$$obj.o(Region$$Table)
    EC_SYSCLK                                0x20000000   Data           4  ecrcc.o(.data.EC_SYSCLK)
    __libspace_start                         0x20000008   Data          96  libspace.o(.bss)
    CCR_now                                  0x20000068   Data           8  main.o(.bss.CCR_now)
    __temporary_stack_top$libspace           0x20000068   Data           0  libspace.o(.bss)
    CCR_prev                                 0x20000070   Data           8  main.o(.bss.CCR_prev)
    TimeDelay                                0x20000078   Data           4  ecsystick.o(.bss.TimeDelay)
    __stdout                                 0x2000007c   Data           4  ecuart.o(.bss.__stdout)
    ovf_cnt                                  0x20000080   Data           4  main.o(.bss.ovf_cnt)
    period                                   0x20000088   Data           8  main.o(.bss.period)
    pflag                                    0x20000090   Data           4  main.o(.bss.pflag)



==============================================================================

Memory Map of the image

  Image Entry point : 0x08000199

  Load Region LR_IROM1 (Base: 0x08000000, Size: 0x000020d0, Max: 0x00080000, ABSOLUTE)

    Execution Region ER_IROM1 (Exec base: 0x08000000, Load base: 0x08000000, Size: 0x000020c8, Max: 0x00080000, ABSOLUTE)

    Exec Addr    Load Addr    Size         Type   Attr      Idx    E Section Name        Object

    0x08000000   0x08000000   0x00000198   Data   RO          197    RESET               startup_stm32f411xe.o
    0x08000198   0x08000198   0x00000008   Code   RO          251  * !!!main             c_w.l(__main.o)
    0x080001a0   0x080001a0   0x00000034   Code   RO          507    !!!scatter          c_w.l(__scatter.o)
    0x080001d4   0x080001d4   0x0000001a   Code   RO          509    !!handler_copy      c_w.l(__scatter_copy.o)
    0x080001ee   0x080001ee   0x00000002   PAD
    0x080001f0   0x080001f0   0x0000001c   Code   RO          511    !!handler_zi        c_w.l(__scatter_zi.o)
    0x0800020c   0x0800020c   0x00000000   Code   RO          248    .ARM.Collect$$_printf_percent$$00000000  c_w.l(_printf_percent.o)
    0x0800020c   0x0800020c   0x00000006   Code   RO          247    .ARM.Collect$$_printf_percent$$00000003  c_w.l(_printf_f.o)
    0x08000212   0x08000212   0x00000004   Code   RO          284    .ARM.Collect$$_printf_percent$$00000017  c_w.l(_printf_percent_end.o)
    0x08000216   0x08000216   0x00000002   Code   RO          372    .ARM.Collect$$libinit$$00000000  c_w.l(libinit.o)
    0x08000218   0x08000218   0x00000004   Code   RO          373    .ARM.Collect$$libinit$$00000001  c_w.l(libinit2.o)
    0x0800021c   0x0800021c   0x00000000   Code   RO          376    .ARM.Collect$$libinit$$00000004  c_w.l(libinit2.o)
    0x0800021c   0x0800021c   0x00000000   Code   RO          379    .ARM.Collect$$libinit$$0000000A  c_w.l(libinit2.o)
    0x0800021c   0x0800021c   0x00000000   Code   RO          381    .ARM.Collect$$libinit$$0000000C  c_w.l(libinit2.o)
    0x0800021c   0x0800021c   0x00000000   Code   RO          383    .ARM.Collect$$libinit$$0000000E  c_w.l(libinit2.o)
    0x0800021c   0x0800021c   0x00000006   Code   RO          384    .ARM.Collect$$libinit$$0000000F  c_w.l(libinit2.o)
    0x08000222   0x08000222   0x00000000   Code   RO          386    .ARM.Collect$$libinit$$00000011  c_w.l(libinit2.o)
    0x08000222   0x08000222   0x00000000   Code   RO          388    .ARM.Collect$$libinit$$00000013  c_w.l(libinit2.o)
    0x08000222   0x08000222   0x00000000   Code   RO          390    .ARM.Collect$$libinit$$00000015  c_w.l(libinit2.o)
    0x08000222   0x08000222   0x0000000a   Code   RO          391    .ARM.Collect$$libinit$$00000016  c_w.l(libinit2.o)
    0x0800022c   0x0800022c   0x00000000   Code   RO          392    .ARM.Collect$$libinit$$00000017  c_w.l(libinit2.o)
    0x0800022c   0x0800022c   0x00000000   Code   RO          394    .ARM.Collect$$libinit$$00000019  c_w.l(libinit2.o)
    0x0800022c   0x0800022c   0x00000000   Code   RO          396    .ARM.Collect$$libinit$$0000001B  c_w.l(libinit2.o)
    0x0800022c   0x0800022c   0x00000000   Code   RO          398    .ARM.Collect$$libinit$$0000001D  c_w.l(libinit2.o)
    0x0800022c   0x0800022c   0x00000000   Code   RO          400    .ARM.Collect$$libinit$$0000001F  c_w.l(libinit2.o)
    0x0800022c   0x0800022c   0x00000000   Code   RO          402    .ARM.Collect$$libinit$$00000021  c_w.l(libinit2.o)
    0x0800022c   0x0800022c   0x00000000   Code   RO          404    .ARM.Collect$$libinit$$00000023  c_w.l(libinit2.o)
    0x0800022c   0x0800022c   0x00000000   Code   RO          406    .ARM.Collect$$libinit$$00000025  c_w.l(libinit2.o)
    0x0800022c   0x0800022c   0x00000000   Code   RO          410    .ARM.Collect$$libinit$$0000002C  c_w.l(libinit2.o)
    0x0800022c   0x0800022c   0x00000000   Code   RO          412    .ARM.Collect$$libinit$$0000002E  c_w.l(libinit2.o)
    0x0800022c   0x0800022c   0x00000000   Code   RO          414    .ARM.Collect$$libinit$$00000030  c_w.l(libinit2.o)
    0x0800022c   0x0800022c   0x00000000   Code   RO          416    .ARM.Collect$$libinit$$00000032  c_w.l(libinit2.o)
    0x0800022c   0x0800022c   0x00000002   Code   RO          417    .ARM.Collect$$libinit$$00000033  c_w.l(libinit2.o)
    0x0800022e   0x0800022e   0x00000002   Code   RO          453    .ARM.Collect$$libshutdown$$00000000  c_w.l(libshutdown.o)
    0x08000230   0x08000230   0x00000000   Code   RO          464    .ARM.Collect$$libshutdown$$00000002  c_w.l(libshutdown2.o)
    0x08000230   0x08000230   0x00000000   Code   RO          466    .ARM.Collect$$libshutdown$$00000004  c_w.l(libshutdown2.o)
    0x08000230   0x08000230   0x00000000   Code   RO          469    .ARM.Collect$$libshutdown$$00000007  c_w.l(libshutdown2.o)
    0x08000230   0x08000230   0x00000000   Code   RO          472    .ARM.Collect$$libshutdown$$0000000A  c_w.l(libshutdown2.o)
    0x08000230   0x08000230   0x00000000   Code   RO          474    .ARM.Collect$$libshutdown$$0000000C  c_w.l(libshutdown2.o)
    0x08000230   0x08000230   0x00000000   Code   RO          477    .ARM.Collect$$libshutdown$$0000000F  c_w.l(libshutdown2.o)
    0x08000230   0x08000230   0x00000002   Code   RO          478    .ARM.Collect$$libshutdown$$00000010  c_w.l(libshutdown2.o)
    0x08000232   0x08000232   0x00000000   Code   RO          277    .ARM.Collect$$rtentry$$00000000  c_w.l(__rtentry.o)
    0x08000232   0x08000232   0x00000000   Code   RO          291    .ARM.Collect$$rtentry$$00000002  c_w.l(__rtentry2.o)
    0x08000232   0x08000232   0x00000006   Code   RO          303    .ARM.Collect$$rtentry$$00000004  c_w.l(__rtentry4.o)
    0x08000238   0x08000238   0x00000000   Code   RO          293    .ARM.Collect$$rtentry$$00000009  c_w.l(__rtentry2.o)
    0x08000238   0x08000238   0x00000004   Code   RO          294    .ARM.Collect$$rtentry$$0000000A  c_w.l(__rtentry2.o)
    0x0800023c   0x0800023c   0x00000000   Code   RO          296    .ARM.Collect$$rtentry$$0000000C  c_w.l(__rtentry2.o)
    0x0800023c   0x0800023c   0x00000008   Code   RO          297    .ARM.Collect$$rtentry$$0000000D  c_w.l(__rtentry2.o)
    0x08000244   0x08000244   0x00000002   Code   RO          418    .ARM.Collect$$rtexit$$00000000  c_w.l(rtexit.o)
    0x08000246   0x08000246   0x00000000   Code   RO          427    .ARM.Collect$$rtexit$$00000002  c_w.l(rtexit2.o)
    0x08000246   0x08000246   0x00000004   Code   RO          428    .ARM.Collect$$rtexit$$00000003  c_w.l(rtexit2.o)
    0x0800024a   0x0800024a   0x00000006   Code   RO          429    .ARM.Collect$$rtexit$$00000004  c_w.l(rtexit2.o)
    0x08000250   0x08000250   0x00000040   Code   RO          198    .text               startup_stm32f411xe.o
    0x08000290   0x08000290   0x00000018   Code   RO          223    .text               c_w.l(noretval__2printf.o)
    0x080002a8   0x080002a8   0x00000068   Code   RO          225    .text               c_w.l(__printf.o)
    0x08000310   0x08000310   0x00000006   Code   RO          249    .text               c_w.l(heapauxi.o)
    0x08000316   0x08000316   0x0000041c   Code   RO          278    .text               c_w.l(_printf_fp_dec.o)
    0x08000732   0x08000732   0x00000002   PAD
    0x08000734   0x08000734   0x00000024   Code   RO          282    .text               c_w.l(_printf_char_file.o)
    0x08000758   0x08000758   0x00000008   Code   RO          308    .text               c_w.l(rt_locale_intlibspace.o)
    0x08000760   0x08000760   0x0000008a   Code   RO          310    .text               c_w.l(lludiv10.o)
    0x080007ea   0x080007ea   0x00000002   PAD
    0x080007ec   0x080007ec   0x00000030   Code   RO          312    .text               c_w.l(_printf_char_common.o)
    0x0800081c   0x0800081c   0x00000080   Code   RO          314    .text               c_w.l(_printf_fp_infnan.o)
    0x0800089c   0x0800089c   0x000000e4   Code   RO          316    .text               c_w.l(bigflt0.o)
    0x08000980   0x08000980   0x00000008   Code   RO          343    .text               c_w.l(ferror.o)
    0x08000988   0x08000988   0x00000008   Code   RO          354    .text               c_w.l(libspace.o)
    0x08000990   0x08000990   0x0000004a   Code   RO          357    .text               c_w.l(sys_stackheap_outer.o)
    0x080009da   0x080009da   0x00000012   Code   RO          363    .text               c_w.l(exit.o)
    0x080009ec   0x080009ec   0x00000004   PAD
    0x080009f0   0x080009f0   0x0000007c   Code   RO          365    .text               c_w.l(strcmpv7em.o)
    0x08000a6c   0x08000a6c   0x0000000c   Code   RO          439    .text               c_w.l(sys_exit.o)
    0x08000a78   0x08000a78   0x00000002   Code   RO          454    .text               c_w.l(use_no_semi.o)
    0x08000a7a   0x08000a7a   0x00000000   Code   RO          456    .text               c_w.l(indicate_semi.o)
    0x08000a7a   0x08000a7a   0x00000002   PAD
    0x08000a7c   0x08000a7c   0x0000008a   Code   RO           48    .text.GPIO_init     ecgpio.o
    0x08000b06   0x08000b06   0x00000002   PAD
    0x08000b08   0x08000b08   0x00000022   Code   RO           50    .text.GPIO_mode     ecgpio.o
    0x08000b2a   0x08000b2a   0x00000002   PAD
    0x08000b2c   0x08000b2c   0x00000012   Code   RO           99    .text.RCC_GPIOA_enable  ecrcc.o
    0x08000b3e   0x08000b3e   0x00000002   PAD
    0x08000b40   0x08000b40   0x00000012   Code   RO          101    .text.RCC_GPIOB_enable  ecrcc.o
    0x08000b52   0x08000b52   0x00000002   PAD
    0x08000b54   0x08000b54   0x00000012   Code   RO          103    .text.RCC_GPIOC_enable  ecrcc.o
    0x08000b66   0x08000b66   0x00000002   PAD
    0x08000b68   0x08000b68   0x00000012   Code   RO          105    .text.RCC_GPIOD_enable  ecrcc.o
    0x08000b7a   0x08000b7a   0x00000002   PAD
    0x08000b7c   0x08000b7c   0x000000de   Code   RO           97    .text.RCC_PLL_init  ecrcc.o
    0x08000c5a   0x08000c5a   0x00000002   PAD
    0x08000c5c   0x08000c5c   0x00000018   Code   RO          135    .text.SysTick_Handler  ecsystick.o
    0x08000c74   0x08000c74   0x0000001a   Code   RO          205    .text.SystemInit    system_stm32f4xx.o
    0x08000c8e   0x08000c8e   0x00000002   PAD
    0x08000c90   0x08000c90   0x00000072   Code   RO            8    .text.TIM2_IRQHandler  main.o
    0x08000d02   0x08000d02   0x00000002   PAD
    0x08000d04   0x08000d04   0x0000000a   Code   RO          158    .text.TIM_INT_enable  ectim.o
    0x08000d0e   0x08000d0e   0x00000002   PAD
    0x08000d10   0x08000d10   0x00000126   Code   RO          146    .text.TIM_init      ectim.o
    0x08000e36   0x08000e36   0x00000002   PAD
    0x08000e38   0x08000e38   0x0000003a   Code   RO          148    .text.TIM_period_ms  ectim.o
    0x08000e72   0x08000e72   0x00000002   PAD
    0x08000e74   0x08000e74   0x000000c0   Code   RO          178    .text.UART2_init    ecuart.o
    0x08000f34   0x08000f34   0x0000002c   Code   RO          176    .text.USART_write   ecuart.o
    0x08000f60   0x08000f60   0x00000010   Code   RO            6    .text.__NVIC_EnableIRQ  main.o
    0x08000f70   0x08000f70   0x0000000e   Code   RO          182    .text.__NVIC_EnableIRQ  ecuart.o
    0x08000f7e   0x08000f7e   0x00000002   PAD
    0x08000f80   0x08000f80   0x0000000e   Code   RO            4    .text.__NVIC_SetPriority  main.o
    0x08000f8e   0x08000f8e   0x00000002   PAD
    0x08000f90   0x08000f90   0x0000000e   Code   RO          180    .text.__NVIC_SetPriority  ecuart.o
    0x08000f9e   0x08000f9e   0x00000002   PAD
    0x08000fa0   0x08000fa0   0x00000022   Code   RO          174    .text.fputc         ecuart.o
    0x08000fc2   0x08000fc2   0x00000006   PAD
    0x08000fc8   0x08000fc8   0x00000174   Code   RO            2    .text.main          main.o
    0x0800113c   0x0800113c   0x0000003e   Code   RO          319    CL$$btod_d2e        c_w.l(btod.o)
    0x0800117a   0x0800117a   0x00000046   Code   RO          321    CL$$btod_d2e_denorm_low  c_w.l(btod.o)
    0x080011c0   0x080011c0   0x00000060   Code   RO          320    CL$$btod_d2e_norm_op1  c_w.l(btod.o)
    0x08001220   0x08001220   0x00000338   Code   RO          329    CL$$btod_div_common  c_w.l(btod.o)
    0x08001558   0x08001558   0x000000dc   Code   RO          326    CL$$btod_e2e        c_w.l(btod.o)
    0x08001634   0x08001634   0x0000002a   Code   RO          323    CL$$btod_ediv       c_w.l(btod.o)
    0x0800165e   0x0800165e   0x0000002a   Code   RO          322    CL$$btod_emul       c_w.l(btod.o)
    0x08001688   0x08001688   0x00000244   Code   RO          328    CL$$btod_mult_common  c_w.l(btod.o)
    0x080018cc   0x080018cc   0x00000030   Code   RO          352    i.__ARM_fpclassify  m_wm.l(fpclassify.o)
    0x080018fc   0x080018fc   0x0000002c   Code   RO          348    locale$$code        c_w.l(lc_numeric_c.o)
    0x08001928   0x08001928   0x00000150   Code   RO          253    x$fpl$dadd          fz_wm.l(daddsub_clz.o)
    0x08001a78   0x08001a78   0x000002b4   Code   RO          260    x$fpl$ddiv          fz_wm.l(ddiv.o)
    0x08001d2c   0x08001d2c   0x00000026   Code   RO          267    x$fpl$dfltu         fz_wm.l(dflt_clz.o)
    0x08001d52   0x08001d52   0x0000009c   Code   RO          285    x$fpl$dnaninf       fz_wm.l(dnaninf.o)
    0x08001dee   0x08001dee   0x0000000c   Code   RO          287    x$fpl$dretinf       fz_wm.l(dretinf.o)
    0x08001dfa   0x08001dfa   0x00000002   PAD
    0x08001dfc   0x08001dfc   0x000001dc   Code   RO          255    x$fpl$dsub          fz_wm.l(daddsub_clz.o)
    0x08001fd8   0x08001fd8   0x0000001a   Code   RO          424    x$fpl$fpinit        fz_wm.l(fpinit.o)
    0x08001ff2   0x08001ff2   0x00000004   Code   RO          275    x$fpl$printf1       fz_wm.l(printf1.o)
    0x08001ff6   0x08001ff6   0x00000000   Code   RO          289    x$fpl$usenofp       fz_wm.l(usenofp.o)
    0x08001ff6   0x08001ff6   0x00000002   PAD
    0x08001ff8   0x08001ff8   0x00000094   Data   RO          317    .constdata          c_w.l(bigflt0.o)
    0x0800208c   0x0800208c   0x00000020   Data   RO          506    Region$$Table       anon$$obj.o
    0x080020ac   0x080020ac   0x0000001c   Data   RO          347    locale$$data        c_w.l(lc_numeric_c.o)


    Execution Region RW_IRAM1 (Exec base: 0x20000000, Load base: 0x080020c8, Size: 0x00000698, Max: 0x00020000, ABSOLUTE)

    Exec Addr    Load Addr    Size         Type   Attr      Idx    E Section Name        Object

    0x20000000   0x080020c8   0x00000004   Data   RW          111    .data.EC_SYSCLK     ecrcc.o
    0x20000004   0x080020cc   0x00000004   PAD
    0x20000008        -       0x00000060   Zero   RW          355    .bss                c_w.l(libspace.o)
    0x20000068        -       0x00000008   Zero   RW           14    .bss.CCR_now        main.o
    0x20000070        -       0x00000008   Zero   RW           15    .bss.CCR_prev       main.o
    0x20000078        -       0x00000004   Zero   RW          137    .bss.TimeDelay      ecsystick.o
    0x2000007c        -       0x00000004   Zero   RW          186    .bss.__stdout       ecuart.o
    0x20000080        -       0x00000004   Zero   RW           10    .bss.ovf_cnt        main.o
    0x20000084   0x080020cc   0x00000004   PAD
    0x20000088        -       0x00000008   Zero   RW           12    .bss.period         main.o
    0x20000090        -       0x00000004   Zero   RW           13    .bss.pflag          main.o
    0x20000094   0x080020cc   0x00000004   PAD
    0x20000098        -       0x00000200   Zero   RW          196    HEAP                startup_stm32f411xe.o
    0x20000298        -       0x00000400   Zero   RW          195    STACK               startup_stm32f411xe.o


==============================================================================

Image component sizes


      Code (inc. data)   RO Data    RW Data    ZI Data      Debug   Object Name

       172          4          0          0          0       2944   ecgpio.o
       294          0          0          4          0       2403   ecrcc.o
        24          0          0          0          4       4576   ecsystick.o
       362          0          0          0          0       6653   ectim.o
       298          0          0          0          4       5805   ecuart.o
       516         20          0          0         32       5202   main.o
        64         26        408          0       1536        920   startup_stm32f411xe.o
        26          0          0          0          0       2856   system_stm32f4xx.o

    ----------------------------------------------------------------------
      1792         50        440          4       1588      31359   Object Totals
         0          0         32          0          0          0   (incl. Generated)
        36          0          0          0         12          0   (incl. Padding)

    ----------------------------------------------------------------------

      Code (inc. data)   RO Data    RW Data    ZI Data      Debug   Library Member Name

         8          0          0          0          0         68   __main.o
       104          0          0          0          0         84   __printf.o
         0          0          0          0          0          0   __rtentry.o
        12          0          0          0          0          0   __rtentry2.o
         6          0          0          0          0          0   __rtentry4.o
        52          8          0          0          0          0   __scatter.o
        26          0          0          0          0          0   __scatter_copy.o
        28          0          0          0          0          0   __scatter_zi.o
        48          6          0          0          0         96   _printf_char_common.o
        36          4          0          0          0         80   _printf_char_file.o
         6          0          0          0          0          0   _printf_f.o
      1052          0          0          0          0        148   _printf_fp_dec.o
       128         16          0          0          0         84   _printf_fp_infnan.o
         0          0          0          0          0          0   _printf_percent.o
         4          0          0          0          0          0   _printf_percent_end.o
       228          4        148          0          0         96   bigflt0.o
      1936        128          0          0          0        668   btod.o
        18          0          0          0          0         80   exit.o
         8          0          0          0          0         68   ferror.o
         6          0          0          0          0        152   heapauxi.o
         0          0          0          0          0          0   indicate_semi.o
        44         10         28          0          0         76   lc_numeric_c.o
         2          0          0          0          0          0   libinit.o
        22          0          0          0          0          0   libinit2.o
         2          0          0          0          0          0   libshutdown.o
         2          0          0          0          0          0   libshutdown2.o
         8          4          0          0         96         68   libspace.o
       138          0          0          0          0         80   lludiv10.o
        24          4          0          0          0         84   noretval__2printf.o
         8          4          0          0          0         68   rt_locale_intlibspace.o
         2          0          0          0          0          0   rtexit.o
        10          0          0          0          0          0   rtexit2.o
       124          0          0          0          0         88   strcmpv7em.o
        12          4          0          0          0         68   sys_exit.o
        74          0          0          0          0         80   sys_stackheap_outer.o
         2          0          0          0          0         68   use_no_semi.o
       812         16          0          0          0        392   daddsub_clz.o
       692        140          0          0          0        264   ddiv.o
        38          0          0          0          0        116   dflt_clz.o
       156          4          0          0          0        140   dnaninf.o
        12          0          0          0          0        116   dretinf.o
        26          0          0          0          0        116   fpinit.o
         4          0          0          0          0        116   printf1.o
         0          0          0          0          0          0   usenofp.o
        48          0          0          0          0        124   fpclassify.o

    ----------------------------------------------------------------------
      5984        352        176          0         96       3688   Library Totals
        16          0          0          0          0          0   (incl. Padding)

    ----------------------------------------------------------------------

      Code (inc. data)   RO Data    RW Data    ZI Data      Debug   Library Name

      4180        192        176          0         96       2304   c_w.l
      1740        160          0          0          0       1260   fz_wm.l
        48          0          0          0          0        124   m_wm.l

    ----------------------------------------------------------------------
      5984        352        176          0         96       3688   Library Totals

    ----------------------------------------------------------------------

==============================================================================


      Code (inc. data)   RO Data    RW Data    ZI Data      Debug   

      7776        402        616          4       1684      33031   Grand Totals
      7776        402        616          4       1684      33031   ELF Image Totals
      7776        402        616          4          0          0   ROM Totals

==============================================================================

    Total RO  Size (Code + RO Data)                 8392 (   8.20kB)
    Total RW  Size (RW Data + ZI Data)              1688 (   1.65kB)
    Total ROM Size (Code + RO Data + RW Data)       8396 (   8.20kB)

==============================================================================

