Component: ARM Compiler 6.16 Tool: armlink [5dfeaa00]

==============================================================================

Section Cross References

    main.o(.text.main) refers to main.o(.text.setup) for setup
    main.o(.text.main) refers to ecstepper.o(.text.Stepper_step) for Stepper_step
    main.o(.ARM.exidx.text.main) refers to main.o(.text.main) for [Anonymous Symbol]
    main.o(.text.setup) refers to ecrcc.o(.text.RCC_PLL_init) for RCC_PLL_init
    main.o(.text.setup) refers to ecsystick.o(.text.SysTick_init) for SysTick_init
    main.o(.text.setup) refers to ecexti.o(.text.EXTI_init) for EXTI_init
    main.o(.text.setup) refers to ecgpio.o(.text.GPIO_init) for GPIO_init
    main.o(.text.setup) refers to ecstepper.o(.text.Stepper_init) for Stepper_init
    main.o(.text.setup) refers to ecstepper.o(.text.Stepper_setSpeed) for Stepper_setSpeed
    main.o(.ARM.exidx.text.setup) refers to main.o(.text.setup) for [Anonymous Symbol]
    main.o(.text.EXTI15_10_IRQHandler) refers to ecexti.o(.text.is_pending_EXTI) for is_pending_EXTI
    main.o(.text.EXTI15_10_IRQHandler) refers to ecstepper.o(.text.Stepper_stop) for Stepper_stop
    main.o(.text.EXTI15_10_IRQHandler) refers to ecexti.o(.text.clear_pending_EXTI) for clear_pending_EXTI
    main.o(.ARM.exidx.text.EXTI15_10_IRQHandler) refers to main.o(.text.EXTI15_10_IRQHandler) for [Anonymous Symbol]
    ecexti.o(.ARM.exidx.text.portNumber) refers to ecexti.o(.text.portNumber) for [Anonymous Symbol]
    ecexti.o(.text.EXTI_init) refers to ecexti.o(.text.portNumber) for portNumber
    ecexti.o(.text.EXTI_init) refers to ecexti.o(.text.EXTI_enable) for EXTI_enable
    ecexti.o(.text.EXTI_init) refers to ecexti.o(.text.__NVIC_EnableIRQ) for __NVIC_EnableIRQ
    ecexti.o(.text.EXTI_init) refers to ecexti.o(.text.__NVIC_SetPriority) for __NVIC_SetPriority
    ecexti.o(.ARM.exidx.text.EXTI_init) refers to ecexti.o(.text.EXTI_init) for [Anonymous Symbol]
    ecexti.o(.ARM.exidx.text.EXTI_enable) refers to ecexti.o(.text.EXTI_enable) for [Anonymous Symbol]
    ecexti.o(.ARM.exidx.text.__NVIC_EnableIRQ) refers to ecexti.o(.text.__NVIC_EnableIRQ) for [Anonymous Symbol]
    ecexti.o(.ARM.exidx.text.__NVIC_SetPriority) refers to ecexti.o(.text.__NVIC_SetPriority) for [Anonymous Symbol]
    ecexti.o(.ARM.exidx.text.EXTI_disable) refers to ecexti.o(.text.EXTI_disable) for [Anonymous Symbol]
    ecexti.o(.ARM.exidx.text.is_pending_EXTI) refers to ecexti.o(.text.is_pending_EXTI) for [Anonymous Symbol]
    ecexti.o(.ARM.exidx.text.clear_pending_EXTI) refers to ecexti.o(.text.clear_pending_EXTI) for [Anonymous Symbol]
    ecgpio.o(.text.GPIO_init) refers to ecrcc.o(.text.RCC_GPIOA_enable) for RCC_GPIOA_enable
    ecgpio.o(.text.GPIO_init) refers to ecrcc.o(.text.RCC_GPIOB_enable) for RCC_GPIOB_enable
    ecgpio.o(.text.GPIO_init) refers to ecrcc.o(.text.RCC_GPIOC_enable) for RCC_GPIOC_enable
    ecgpio.o(.text.GPIO_init) refers to ecrcc.o(.text.RCC_GPIOD_enable) for RCC_GPIOD_enable
    ecgpio.o(.text.GPIO_init) refers to ecgpio.o(.text.GPIO_mode) for GPIO_mode
    ecgpio.o(.ARM.exidx.text.GPIO_init) refers to ecgpio.o(.text.GPIO_init) for [Anonymous Symbol]
    ecgpio.o(.ARM.exidx.text.GPIO_mode) refers to ecgpio.o(.text.GPIO_mode) for [Anonymous Symbol]
    ecgpio.o(.ARM.exidx.text.GPIO_write) refers to ecgpio.o(.text.GPIO_write) for [Anonymous Symbol]
    ecgpio.o(.ARM.exidx.text.GPIO_read) refers to ecgpio.o(.text.GPIO_read) for [Anonymous Symbol]
    ecgpio.o(.ARM.exidx.text.GPIO_ospeed) refers to ecgpio.o(.text.GPIO_ospeed) for [Anonymous Symbol]
    ecgpio.o(.ARM.exidx.text.GPIO_otype) refers to ecgpio.o(.text.GPIO_otype) for [Anonymous Symbol]
    ecgpio.o(.ARM.exidx.text.GPIO_pudr) refers to ecgpio.o(.text.GPIO_pudr) for [Anonymous Symbol]
    ecgpio.o(.text.sevensegment_init) refers to ecgpio.o(.text.GPIO_init) for GPIO_init
    ecgpio.o(.text.sevensegment_init) refers to ecgpio.o(.text.GPIO_otype) for GPIO_otype
    ecgpio.o(.text.sevensegment_init) refers to ecgpio.o(.text.GPIO_pudr) for GPIO_pudr
    ecgpio.o(.text.sevensegment_init) refers to ecgpio.o(.text.GPIO_ospeed) for GPIO_ospeed
    ecgpio.o(.ARM.exidx.text.sevensegment_init) refers to ecgpio.o(.text.sevensegment_init) for [Anonymous Symbol]
    ecgpio.o(.text.sevensegment_decode) refers to ecgpio.o(.rodata..L__const.sevensegment_decode.number) for .L__const.sevensegment_decode.number
    ecgpio.o(.text.sevensegment_decode) refers to ecgpio.o(.text.GPIO_write) for GPIO_write
    ecgpio.o(.ARM.exidx.text.sevensegment_decode) refers to ecgpio.o(.text.sevensegment_decode) for [Anonymous Symbol]
    ecpwm.o(.text.PWM_init) refers to ecpwm.o(.text.PWM_pinmap) for PWM_pinmap
    ecpwm.o(.text.PWM_init) refers to ecgpio.o(.text.GPIO_init) for GPIO_init
    ecpwm.o(.text.PWM_init) refers to ecgpio.o(.text.GPIO_ospeed) for GPIO_ospeed
    ecpwm.o(.text.PWM_init) refers to ecgpio.o(.text.GPIO_pudr) for GPIO_pudr
    ecpwm.o(.text.PWM_init) refers to ecgpio.o(.text.GPIO_otype) for GPIO_otype
    ecpwm.o(.text.PWM_init) refers to ectim.o(.text.TIM_init) for TIM_init
    ecpwm.o(.text.PWM_init) refers to ectim.o(.text.TIM_INT_enable) for TIM_INT_enable
    ecpwm.o(.ARM.exidx.text.PWM_init) refers to ecpwm.o(.text.PWM_init) for [Anonymous Symbol]
    ecpwm.o(.ARM.exidx.text.PWM_pinmap) refers to ecpwm.o(.text.PWM_pinmap) for [Anonymous Symbol]
    ecpwm.o(.text.PWM_period_ms) refers to ectim.o(.text.TIM_period_ms) for TIM_period_ms
    ecpwm.o(.ARM.exidx.text.PWM_period_ms) refers to ecpwm.o(.text.PWM_period_ms) for [Anonymous Symbol]
    ecpwm.o(.text.PWM_period_us) refers to ectim.o(.text.TIM_period_us) for TIM_period_us
    ecpwm.o(.ARM.exidx.text.PWM_period_us) refers to ecpwm.o(.text.PWM_period_us) for [Anonymous Symbol]
    ecpwm.o(.ARM.exidx.text.PWM_pulsewidth_ms) refers to ecpwm.o(.text.PWM_pulsewidth_ms) for [Anonymous Symbol]
    ecpwm.o(.ARM.exidx.text.PWM_duty) refers to ecpwm.o(.text.PWM_duty) for [Anonymous Symbol]
    ecrcc.o(.ARM.exidx.text.RCC_HSI_init) refers to ecrcc.o(.text.RCC_HSI_init) for [Anonymous Symbol]
    ecrcc.o(.text.RCC_PLL_init) refers to ecrcc.o(.data.EC_SYSCLK) for EC_SYSCLK
    ecrcc.o(.ARM.exidx.text.RCC_PLL_init) refers to ecrcc.o(.text.RCC_PLL_init) for [Anonymous Symbol]
    ecrcc.o(.ARM.exidx.text.RCC_GPIOA_enable) refers to ecrcc.o(.text.RCC_GPIOA_enable) for [Anonymous Symbol]
    ecrcc.o(.ARM.exidx.text.RCC_GPIOB_enable) refers to ecrcc.o(.text.RCC_GPIOB_enable) for [Anonymous Symbol]
    ecrcc.o(.ARM.exidx.text.RCC_GPIOC_enable) refers to ecrcc.o(.text.RCC_GPIOC_enable) for [Anonymous Symbol]
    ecrcc.o(.ARM.exidx.text.RCC_GPIOD_enable) refers to ecrcc.o(.text.RCC_GPIOD_enable) for [Anonymous Symbol]
    ecrcc.o(.ARM.exidx.text.RCC_GPIOE_enable) refers to ecrcc.o(.text.RCC_GPIOE_enable) for [Anonymous Symbol]
    ecrcc.o(.ARM.exidx.text.RCC_GPIOH_enable) refers to ecrcc.o(.text.RCC_GPIOH_enable) for [Anonymous Symbol]
    ecsystick.o(.text.SysTick_init) refers to ecsystick.o(.text.SysTick_disable) for SysTick_disable
    ecsystick.o(.text.SysTick_init) refers to dflt_clz.o(x$fpl$dfltu) for __aeabi_ui2d
    ecsystick.o(.text.SysTick_init) refers to dmul.o(x$fpl$dmul) for __aeabi_dmul
    ecsystick.o(.text.SysTick_init) refers to daddsub_clz.o(x$fpl$dadd) for __aeabi_dadd
    ecsystick.o(.text.SysTick_init) refers to dfixu.o(x$fpl$dfixu) for __aeabi_d2uiz
    ecsystick.o(.text.SysTick_init) refers to ecsystick.o(.text.__NVIC_SetPriority) for __NVIC_SetPriority
    ecsystick.o(.text.SysTick_init) refers to ecsystick.o(.text.SysTick_enable) for SysTick_enable
    ecsystick.o(.ARM.exidx.text.SysTick_init) refers to ecsystick.o(.text.SysTick_init) for [Anonymous Symbol]
    ecsystick.o(.ARM.exidx.text.SysTick_disable) refers to ecsystick.o(.text.SysTick_disable) for [Anonymous Symbol]
    ecsystick.o(.ARM.exidx.text.__NVIC_SetPriority) refers to ecsystick.o(.text.__NVIC_SetPriority) for [Anonymous Symbol]
    ecsystick.o(.ARM.exidx.text.SysTick_enable) refers to ecsystick.o(.text.SysTick_enable) for [Anonymous Symbol]
    ecsystick.o(.text.delay_ms) refers to ecsystick.o(.bss.TimeDelay) for TimeDelay
    ecsystick.o(.ARM.exidx.text.delay_ms) refers to ecsystick.o(.text.delay_ms) for [Anonymous Symbol]
    ecsystick.o(.ARM.exidx.text.SysTick_val) refers to ecsystick.o(.text.SysTick_val) for [Anonymous Symbol]
    ecsystick.o(.ARM.exidx.text.SysTick_reset) refers to ecsystick.o(.text.SysTick_reset) for [Anonymous Symbol]
    ecsystick.o(.text.SysTick_Handler) refers to ecsystick.o(.bss.TimeDelay) for TimeDelay
    ecsystick.o(.ARM.exidx.text.SysTick_Handler) refers to ecsystick.o(.text.SysTick_Handler) for [Anonymous Symbol]
    ectim.o(.text.TIM_init) refers to ectim.o(.text.TIM_period_ms) for TIM_period_ms
    ectim.o(.ARM.exidx.text.TIM_init) refers to ectim.o(.text.TIM_init) for [Anonymous Symbol]
    ectim.o(.ARM.exidx.text.TIM_period_ms) refers to ectim.o(.text.TIM_period_ms) for [Anonymous Symbol]
    ectim.o(.text.TIM_period_us) refers to dflt_clz.o(x$fpl$dfltu) for __aeabi_ui2d
    ectim.o(.text.TIM_period_us) refers to dmul.o(x$fpl$dmul) for __aeabi_dmul
    ectim.o(.text.TIM_period_us) refers to dfix.o(x$fpl$dfix) for __aeabi_d2iz
    ectim.o(.ARM.exidx.text.TIM_period_us) refers to ectim.o(.text.TIM_period_us) for [Anonymous Symbol]
    ectim.o(.text.TIM_INT_init) refers to ectim.o(.text.TIM_init) for TIM_init
    ectim.o(.text.TIM_INT_init) refers to ectim.o(.text.__NVIC_EnableIRQ) for __NVIC_EnableIRQ
    ectim.o(.text.TIM_INT_init) refers to ectim.o(.text.__NVIC_SetPriority) for __NVIC_SetPriority
    ectim.o(.ARM.exidx.text.TIM_INT_init) refers to ectim.o(.text.TIM_INT_init) for [Anonymous Symbol]
    ectim.o(.ARM.exidx.text.__NVIC_EnableIRQ) refers to ectim.o(.text.__NVIC_EnableIRQ) for [Anonymous Symbol]
    ectim.o(.ARM.exidx.text.__NVIC_SetPriority) refers to ectim.o(.text.__NVIC_SetPriority) for [Anonymous Symbol]
    ectim.o(.ARM.exidx.text.TIM_INT_enable) refers to ectim.o(.text.TIM_INT_enable) for [Anonymous Symbol]
    ectim.o(.ARM.exidx.text.TIM_INT_disable) refers to ectim.o(.text.TIM_INT_disable) for [Anonymous Symbol]
    ectim.o(.ARM.exidx.text.is_UIF) refers to ectim.o(.text.is_UIF) for [Anonymous Symbol]
    ectim.o(.ARM.exidx.text.clear_UIF) refers to ectim.o(.text.clear_UIF) for [Anonymous Symbol]
    ecstepper.o(.text.Stepper_init) refers to ecstepper.o(.bss.myStepper) for myStepper
    ecstepper.o(.text.Stepper_init) refers to ecgpio.o(.text.GPIO_init) for GPIO_init
    ecstepper.o(.text.Stepper_init) refers to ecgpio.o(.text.GPIO_pudr) for GPIO_pudr
    ecstepper.o(.text.Stepper_init) refers to ecgpio.o(.text.GPIO_otype) for GPIO_otype
    ecstepper.o(.text.Stepper_init) refers to ecgpio.o(.text.GPIO_ospeed) for GPIO_ospeed
    ecstepper.o(.ARM.exidx.text.Stepper_init) refers to ecstepper.o(.text.Stepper_init) for [Anonymous Symbol]
    ecstepper.o(.text.Stepper_pinOut) refers to ecstepper.o(.bss.myStepper) for myStepper
    ecstepper.o(.text.Stepper_pinOut) refers to ecstepper.o(.data.FSM_full) for FSM_full
    ecstepper.o(.text.Stepper_pinOut) refers to ecstepper.o(.data.FSM_half) for FSM_half
    ecstepper.o(.text.Stepper_pinOut) refers to ecgpio.o(.text.GPIO_write) for GPIO_write
    ecstepper.o(.ARM.exidx.text.Stepper_pinOut) refers to ecstepper.o(.text.Stepper_pinOut) for [Anonymous Symbol]
    ecstepper.o(.text.Stepper_setSpeed) refers to ecstepper.o(.data.step_per_rev) for step_per_rev
    ecstepper.o(.text.Stepper_setSpeed) refers to ecstepper.o(.data.gear_ratio) for gear_ratio
    ecstepper.o(.text.Stepper_setSpeed) refers to ecstepper.o(.data.step_delay) for step_delay
    ecstepper.o(.ARM.exidx.text.Stepper_setSpeed) refers to ecstepper.o(.text.Stepper_setSpeed) for [Anonymous Symbol]
    ecstepper.o(.text.Stepper_step) refers to ecstepper.o(.bss.myStepper) for myStepper
    ecstepper.o(.text.Stepper_step) refers to ecstepper.o(.data.step_delay) for step_delay
    ecstepper.o(.text.Stepper_step) refers to ecstepper.o(.data.FSM_half) for FSM_half
    ecstepper.o(.text.Stepper_step) refers to ecstepper.o(.data.FSM_full) for FSM_full
    ecstepper.o(.text.Stepper_step) refers to ecstepper.o(.text.Stepper_pinOut) for Stepper_pinOut
    ecstepper.o(.text.Stepper_step) refers to ecsystick.o(.text.delay_ms) for delay_ms
    ecstepper.o(.ARM.exidx.text.Stepper_step) refers to ecstepper.o(.text.Stepper_step) for [Anonymous Symbol]
    ecstepper.o(.text.Stepper_stop) refers to ecstepper.o(.bss.myStepper) for myStepper
    ecstepper.o(.text.Stepper_stop) refers to ecgpio.o(.text.GPIO_write) for GPIO_write
    ecstepper.o(.ARM.exidx.text.Stepper_stop) refers to ecstepper.o(.text.Stepper_stop) for [Anonymous Symbol]
    startup_stm32f411xe.o(STACK) refers (Special) to heapauxi.o(.text) for __use_two_region_memory
    startup_stm32f411xe.o(HEAP) refers (Special) to heapauxi.o(.text) for __use_two_region_memory
    startup_stm32f411xe.o(RESET) refers (Special) to heapauxi.o(.text) for __use_two_region_memory
    startup_stm32f411xe.o(RESET) refers to startup_stm32f411xe.o(STACK) for __initial_sp
    startup_stm32f411xe.o(RESET) refers to startup_stm32f411xe.o(.text) for Reset_Handler
    startup_stm32f411xe.o(RESET) refers to ecsystick.o(.text.SysTick_Handler) for SysTick_Handler
    startup_stm32f411xe.o(RESET) refers to main.o(.text.EXTI15_10_IRQHandler) for EXTI15_10_IRQHandler
    startup_stm32f411xe.o(.text) refers (Special) to heapauxi.o(.text) for __use_two_region_memory
    startup_stm32f411xe.o(.text) refers to system_stm32f4xx.o(.text.SystemInit) for SystemInit
    startup_stm32f411xe.o(.text) refers to __main.o(!!!main) for __main
    startup_stm32f411xe.o(.text) refers to startup_stm32f411xe.o(HEAP) for Heap_Mem
    startup_stm32f411xe.o(.text) refers to startup_stm32f411xe.o(STACK) for Stack_Mem
    system_stm32f4xx.o(.ARM.exidx.text.SystemInit) refers to system_stm32f4xx.o(.text.SystemInit) for [Anonymous Symbol]
    system_stm32f4xx.o(.text.SystemCoreClockUpdate) refers to system_stm32f4xx.o(.data.SystemCoreClock) for SystemCoreClock
    system_stm32f4xx.o(.text.SystemCoreClockUpdate) refers to system_stm32f4xx.o(.rodata.AHBPrescTable) for AHBPrescTable
    system_stm32f4xx.o(.ARM.exidx.text.SystemCoreClockUpdate) refers to system_stm32f4xx.o(.text.SystemCoreClockUpdate) for [Anonymous Symbol]
    __main.o(!!!main) refers to __rtentry.o(.ARM.Collect$$rtentry$$00000000) for __rt_entry
    daddsub_clz.o(x$fpl$dadd) refers (Special) to usenofp.o(x$fpl$usenofp) for __I$use$fp
    daddsub_clz.o(x$fpl$dadd) refers to daddsub_clz.o(x$fpl$dsub) for _dsub1
    daddsub_clz.o(x$fpl$dadd) refers to dretinf.o(x$fpl$dretinf) for __fpl_dretinf
    daddsub_clz.o(x$fpl$dadd) refers to dnaninf.o(x$fpl$dnaninf) for __fpl_dnaninf
    daddsub_clz.o(x$fpl$drsb) refers (Special) to usenofp.o(x$fpl$usenofp) for __I$use$fp
    daddsub_clz.o(x$fpl$drsb) refers to daddsub_clz.o(x$fpl$dadd) for _dadd1
    daddsub_clz.o(x$fpl$drsb) refers to daddsub_clz.o(x$fpl$dsub) for _dsub1
    daddsub_clz.o(x$fpl$dsub) refers (Special) to usenofp.o(x$fpl$usenofp) for __I$use$fp
    daddsub_clz.o(x$fpl$dsub) refers to daddsub_clz.o(x$fpl$dadd) for _dadd1
    daddsub_clz.o(x$fpl$dsub) refers to dnaninf.o(x$fpl$dnaninf) for __fpl_dnaninf
    dfix.o(x$fpl$dfix) refers (Special) to usenofp.o(x$fpl$usenofp) for __I$use$fp
    dfix.o(x$fpl$dfix) refers to dnaninf.o(x$fpl$dnaninf) for __fpl_dnaninf
    dfix.o(x$fpl$dfixr) refers (Special) to usenofp.o(x$fpl$usenofp) for __I$use$fp
    dfix.o(x$fpl$dfixr) refers to dnaninf.o(x$fpl$dnaninf) for __fpl_dnaninf
    dfixu.o(x$fpl$dfixu) refers (Special) to usenofp.o(x$fpl$usenofp) for __I$use$fp
    dfixu.o(x$fpl$dfixu) refers to dnaninf.o(x$fpl$dnaninf) for __fpl_dnaninf
    dfixu.o(x$fpl$dfixur) refers (Special) to usenofp.o(x$fpl$usenofp) for __I$use$fp
    dfixu.o(x$fpl$dfixur) refers to dnaninf.o(x$fpl$dnaninf) for __fpl_dnaninf
    dflt_clz.o(x$fpl$dfltu) refers (Special) to usenofp.o(x$fpl$usenofp) for __I$use$fp
    dflt_clz.o(x$fpl$dflt) refers (Special) to usenofp.o(x$fpl$usenofp) for __I$use$fp
    dflt_clz.o(x$fpl$dfltn) refers (Special) to usenofp.o(x$fpl$usenofp) for __I$use$fp
    dmul.o(x$fpl$dmul) refers (Special) to usenofp.o(x$fpl$usenofp) for __I$use$fp
    dmul.o(x$fpl$dmul) refers to dretinf.o(x$fpl$dretinf) for __fpl_dretinf
    dmul.o(x$fpl$dmul) refers to dnaninf.o(x$fpl$dnaninf) for __fpl_dnaninf
    __rtentry.o(.ARM.Collect$$rtentry$$00000000) refers (Special) to __rtentry2.o(.ARM.Collect$$rtentry$$0000000A) for __rt_entry_li
    __rtentry.o(.ARM.Collect$$rtentry$$00000000) refers (Special) to __rtentry2.o(.ARM.Collect$$rtentry$$0000000D) for __rt_entry_main
    __rtentry.o(.ARM.Collect$$rtentry$$00000000) refers (Special) to __rtentry2.o(.ARM.Collect$$rtentry$$0000000C) for __rt_entry_postli_1
    __rtentry.o(.ARM.Collect$$rtentry$$00000000) refers (Special) to __rtentry2.o(.ARM.Collect$$rtentry$$00000009) for __rt_entry_postsh_1
    __rtentry.o(.ARM.Collect$$rtentry$$00000000) refers (Special) to __rtentry2.o(.ARM.Collect$$rtentry$$00000002) for __rt_entry_presh_1
    __rtentry.o(.ARM.Collect$$rtentry$$00000000) refers (Special) to __rtentry4.o(.ARM.Collect$$rtentry$$00000004) for __rt_entry_sh
    dnaninf.o(x$fpl$dnaninf) refers (Special) to usenofp.o(x$fpl$usenofp) for __I$use$fp
    dretinf.o(x$fpl$dretinf) refers (Special) to usenofp.o(x$fpl$usenofp) for __I$use$fp
    __rtentry2.o(.ARM.Collect$$rtentry$$00000008) refers to boardinit2.o(.text) for _platform_post_stackheap_init
    __rtentry2.o(.ARM.Collect$$rtentry$$0000000A) refers to libinit.o(.ARM.Collect$$libinit$$00000000) for __rt_lib_init
    __rtentry2.o(.ARM.Collect$$rtentry$$0000000B) refers to boardinit3.o(.text) for _platform_post_lib_init
    __rtentry2.o(.ARM.Collect$$rtentry$$0000000D) refers to main.o(.text.main) for main
    __rtentry2.o(.ARM.Collect$$rtentry$$0000000D) refers to exit.o(.text) for exit
    __rtentry2.o(.ARM.exidx) refers to __rtentry2.o(.ARM.Collect$$rtentry$$00000001) for .ARM.Collect$$rtentry$$00000001
    __rtentry2.o(.ARM.exidx) refers to __rtentry2.o(.ARM.Collect$$rtentry$$00000008) for .ARM.Collect$$rtentry$$00000008
    __rtentry2.o(.ARM.exidx) refers to __rtentry2.o(.ARM.Collect$$rtentry$$0000000A) for .ARM.Collect$$rtentry$$0000000A
    __rtentry2.o(.ARM.exidx) refers to __rtentry2.o(.ARM.Collect$$rtentry$$0000000B) for .ARM.Collect$$rtentry$$0000000B
    __rtentry2.o(.ARM.exidx) refers to __rtentry2.o(.ARM.Collect$$rtentry$$0000000D) for .ARM.Collect$$rtentry$$0000000D
    __rtentry4.o(.ARM.Collect$$rtentry$$00000004) refers to sys_stackheap_outer.o(.text) for __user_setup_stackheap
    __rtentry4.o(.ARM.exidx) refers to __rtentry4.o(.ARM.Collect$$rtentry$$00000004) for .ARM.Collect$$rtentry$$00000004
    sys_stackheap_outer.o(.text) refers to libspace.o(.text) for __user_perproc_libspace
    sys_stackheap_outer.o(.text) refers to startup_stm32f411xe.o(.text) for __user_initial_stackheap
    exit.o(.text) refers to rtexit.o(.ARM.Collect$$rtexit$$00000000) for __rt_exit
    libinit.o(.ARM.Collect$$libinit$$00000000) refers (Special) to libinit2.o(.ARM.Collect$$libinit$$0000002E) for __rt_lib_init_alloca_1
    libinit.o(.ARM.Collect$$libinit$$00000000) refers (Special) to libinit2.o(.ARM.Collect$$libinit$$0000002C) for __rt_lib_init_argv_1
    libinit.o(.ARM.Collect$$libinit$$00000000) refers (Special) to libinit2.o(.ARM.Collect$$libinit$$0000001B) for __rt_lib_init_atexit_1
    libinit.o(.ARM.Collect$$libinit$$00000000) refers (Special) to libinit2.o(.ARM.Collect$$libinit$$00000021) for __rt_lib_init_clock_1
    libinit.o(.ARM.Collect$$libinit$$00000000) refers (Special) to libinit2.o(.ARM.Collect$$libinit$$00000032) for __rt_lib_init_cpp_1
    libinit.o(.ARM.Collect$$libinit$$00000000) refers (Special) to libinit2.o(.ARM.Collect$$libinit$$00000030) for __rt_lib_init_exceptions_1
    libinit.o(.ARM.Collect$$libinit$$00000000) refers (Special) to libinit2.o(.ARM.Collect$$libinit$$00000001) for __rt_lib_init_fp_1
    libinit.o(.ARM.Collect$$libinit$$00000000) refers (Special) to libinit2.o(.ARM.Collect$$libinit$$0000001F) for __rt_lib_init_fp_trap_1
    libinit.o(.ARM.Collect$$libinit$$00000000) refers (Special) to libinit2.o(.ARM.Collect$$libinit$$00000023) for __rt_lib_init_getenv_1
    libinit.o(.ARM.Collect$$libinit$$00000000) refers (Special) to libinit2.o(.ARM.Collect$$libinit$$0000000A) for __rt_lib_init_heap_1
    libinit.o(.ARM.Collect$$libinit$$00000000) refers (Special) to libinit2.o(.ARM.Collect$$libinit$$00000011) for __rt_lib_init_lc_collate_1
    libinit.o(.ARM.Collect$$libinit$$00000000) refers (Special) to libinit2.o(.ARM.Collect$$libinit$$00000013) for __rt_lib_init_lc_ctype_1
    libinit.o(.ARM.Collect$$libinit$$00000000) refers (Special) to libinit2.o(.ARM.Collect$$libinit$$00000015) for __rt_lib_init_lc_monetary_1
    libinit.o(.ARM.Collect$$libinit$$00000000) refers (Special) to libinit2.o(.ARM.Collect$$libinit$$00000017) for __rt_lib_init_lc_numeric_1
    libinit.o(.ARM.Collect$$libinit$$00000000) refers (Special) to libinit2.o(.ARM.Collect$$libinit$$00000019) for __rt_lib_init_lc_time_1
    libinit.o(.ARM.Collect$$libinit$$00000000) refers (Special) to libinit2.o(.ARM.Collect$$libinit$$00000004) for __rt_lib_init_preinit_1
    libinit.o(.ARM.Collect$$libinit$$00000000) refers (Special) to libinit2.o(.ARM.Collect$$libinit$$0000000E) for __rt_lib_init_rand_1
    libinit.o(.ARM.Collect$$libinit$$00000000) refers (Special) to libinit2.o(.ARM.Collect$$libinit$$00000033) for __rt_lib_init_return
    libinit.o(.ARM.Collect$$libinit$$00000000) refers (Special) to libinit2.o(.ARM.Collect$$libinit$$0000001D) for __rt_lib_init_signal_1
    libinit.o(.ARM.Collect$$libinit$$00000000) refers (Special) to libinit2.o(.ARM.Collect$$libinit$$00000025) for __rt_lib_init_stdio_1
    libinit.o(.ARM.Collect$$libinit$$00000000) refers (Special) to libinit2.o(.ARM.Collect$$libinit$$0000000C) for __rt_lib_init_user_alloc_1
    libspace.o(.text) refers to libspace.o(.bss) for __libspace_start
    rtexit.o(.ARM.Collect$$rtexit$$00000000) refers (Special) to rtexit2.o(.ARM.Collect$$rtexit$$00000004) for __rt_exit_exit
    rtexit.o(.ARM.Collect$$rtexit$$00000000) refers (Special) to rtexit2.o(.ARM.Collect$$rtexit$$00000003) for __rt_exit_ls
    rtexit.o(.ARM.Collect$$rtexit$$00000000) refers (Special) to rtexit2.o(.ARM.Collect$$rtexit$$00000002) for __rt_exit_prels_1
    rtexit.o(.ARM.exidx) refers (Special) to rtexit2.o(.ARM.Collect$$rtexit$$00000004) for __rt_exit_exit
    rtexit.o(.ARM.exidx) refers (Special) to rtexit2.o(.ARM.Collect$$rtexit$$00000003) for __rt_exit_ls
    rtexit.o(.ARM.exidx) refers (Special) to rtexit2.o(.ARM.Collect$$rtexit$$00000002) for __rt_exit_prels_1
    rtexit.o(.ARM.exidx) refers to rtexit.o(.ARM.Collect$$rtexit$$00000000) for .ARM.Collect$$rtexit$$00000000
    libinit2.o(.ARM.Collect$$libinit$$00000001) refers to fpinit.o(x$fpl$fpinit) for _fp_init
    libinit2.o(.ARM.Collect$$libinit$$00000010) refers to libinit2.o(.ARM.Collect$$libinit$$0000000F) for .ARM.Collect$$libinit$$0000000F
    libinit2.o(.ARM.Collect$$libinit$$00000012) refers to libinit2.o(.ARM.Collect$$libinit$$0000000F) for .ARM.Collect$$libinit$$0000000F
    libinit2.o(.ARM.Collect$$libinit$$00000014) refers to libinit2.o(.ARM.Collect$$libinit$$0000000F) for .ARM.Collect$$libinit$$0000000F
    libinit2.o(.ARM.Collect$$libinit$$00000016) refers to libinit2.o(.ARM.Collect$$libinit$$0000000F) for .ARM.Collect$$libinit$$0000000F
    libinit2.o(.ARM.Collect$$libinit$$00000018) refers to libinit2.o(.ARM.Collect$$libinit$$0000000F) for .ARM.Collect$$libinit$$0000000F
    libinit2.o(.ARM.Collect$$libinit$$00000026) refers to argv_veneer.o(.emb_text) for __ARM_argv_veneer
    libinit2.o(.ARM.Collect$$libinit$$00000027) refers to argv_veneer.o(.emb_text) for __ARM_argv_veneer
    rtexit2.o(.ARM.Collect$$rtexit$$00000003) refers to libshutdown.o(.ARM.Collect$$libshutdown$$00000000) for __rt_lib_shutdown
    rtexit2.o(.ARM.Collect$$rtexit$$00000004) refers to sys_exit.o(.text) for _sys_exit
    rtexit2.o(.ARM.exidx) refers to rtexit2.o(.ARM.Collect$$rtexit$$00000001) for .ARM.Collect$$rtexit$$00000001
    rtexit2.o(.ARM.exidx) refers to rtexit2.o(.ARM.Collect$$rtexit$$00000003) for .ARM.Collect$$rtexit$$00000003
    rtexit2.o(.ARM.exidx) refers to rtexit2.o(.ARM.Collect$$rtexit$$00000004) for .ARM.Collect$$rtexit$$00000004
    argv_veneer.o(.emb_text) refers to no_argv.o(.text) for __ARM_get_argv
    sys_exit.o(.text) refers (Special) to use_no_semi.o(.text) for __I$use$semihosting
    sys_exit.o(.text) refers (Special) to indicate_semi.o(.text) for __semihosting_library_function
    sys_exit_hlt.o(.text) refers (Special) to use_no_semi.o(.text) for __I$use$semihosting
    sys_exit_hlt.o(.text) refers (Special) to indicate_semi.o(.text) for __semihosting_library_function
    _get_argv_nomalloc.o(.text) refers (Special) to hrguard.o(.text) for __heap_region$guard
    _get_argv_nomalloc.o(.text) refers to defsig_rtmem_outer.o(.text) for __rt_SIGRTMEM
    _get_argv_nomalloc.o(.text) refers to sys_command.o(.text) for _sys_command_string
    libshutdown.o(.ARM.Collect$$libshutdown$$00000000) refers (Special) to libshutdown2.o(.ARM.Collect$$libshutdown$$00000002) for __rt_lib_shutdown_cpp_1
    libshutdown.o(.ARM.Collect$$libshutdown$$00000000) refers (Special) to libshutdown2.o(.ARM.Collect$$libshutdown$$00000007) for __rt_lib_shutdown_fp_trap_1
    libshutdown.o(.ARM.Collect$$libshutdown$$00000000) refers (Special) to libshutdown2.o(.ARM.Collect$$libshutdown$$0000000F) for __rt_lib_shutdown_heap_1
    libshutdown.o(.ARM.Collect$$libshutdown$$00000000) refers (Special) to libshutdown2.o(.ARM.Collect$$libshutdown$$00000010) for __rt_lib_shutdown_return
    libshutdown.o(.ARM.Collect$$libshutdown$$00000000) refers (Special) to libshutdown2.o(.ARM.Collect$$libshutdown$$0000000A) for __rt_lib_shutdown_signal_1
    libshutdown.o(.ARM.Collect$$libshutdown$$00000000) refers (Special) to libshutdown2.o(.ARM.Collect$$libshutdown$$00000004) for __rt_lib_shutdown_stdio_1
    libshutdown.o(.ARM.Collect$$libshutdown$$00000000) refers (Special) to libshutdown2.o(.ARM.Collect$$libshutdown$$0000000C) for __rt_lib_shutdown_user_alloc_1
    sys_command.o(.text) refers (Special) to use_no_semi.o(.text) for __I$use$semihosting
    sys_command.o(.text) refers (Special) to indicate_semi.o(.text) for __semihosting_library_function
    sys_command_hlt.o(.text) refers (Special) to use_no_semi.o(.text) for __I$use$semihosting
    sys_command_hlt.o(.text) refers (Special) to indicate_semi.o(.text) for __semihosting_library_function
    defsig_rtmem_outer.o(.text) refers to defsig_rtmem_inner.o(.text) for __rt_SIGRTMEM_inner
    defsig_rtmem_outer.o(.text) refers to defsig_exit.o(.text) for __sig_exit
    defsig_rtmem_formal.o(.text) refers to rt_raise.o(.text) for __rt_raise
    rt_raise.o(.text) refers to __raise.o(.text) for __raise
    rt_raise.o(.text) refers to sys_exit.o(.text) for _sys_exit
    defsig_exit.o(.text) refers to sys_exit.o(.text) for _sys_exit
    defsig_rtmem_inner.o(.text) refers to defsig_general.o(.text) for __default_signal_display
    __raise.o(.text) refers to defsig.o(CL$$defsig) for __default_signal_handler
    defsig_general.o(.text) refers to sys_wrch.o(.text) for _ttywrch
    sys_wrch.o(.text) refers (Special) to use_no_semi.o(.text) for __I$use$semihosting
    sys_wrch.o(.text) refers (Special) to indicate_semi.o(.text) for __semihosting_library_function
    sys_wrch_hlt.o(.text) refers (Special) to use_no_semi.o(.text) for __I$use$semihosting
    sys_wrch_hlt.o(.text) refers (Special) to indicate_semi.o(.text) for __semihosting_library_function
    defsig.o(CL$$defsig) refers to defsig_rtmem_inner.o(.text) for __rt_SIGRTMEM_inner
    defsig_abrt_inner.o(.text) refers to defsig_general.o(.text) for __default_signal_display
    defsig_fpe_inner.o(.text) refers to defsig_general.o(.text) for __default_signal_display
    defsig_rtred_inner.o(.text) refers to defsig_general.o(.text) for __default_signal_display
    defsig_stak_inner.o(.text) refers to defsig_general.o(.text) for __default_signal_display
    defsig_pvfn_inner.o(.text) refers to defsig_general.o(.text) for __default_signal_display
    defsig_cppl_inner.o(.text) refers to defsig_general.o(.text) for __default_signal_display
    defsig_segv_inner.o(.text) refers to defsig_general.o(.text) for __default_signal_display
    defsig_other.o(.text) refers to defsig_general.o(.text) for __default_signal_display


==============================================================================

Removing Unused input sections from the image.

    Removing main.o(.text), (0 bytes).
    Removing main.o(.ARM.exidx.text.main), (8 bytes).
    Removing main.o(.ARM.exidx.text.setup), (8 bytes).
    Removing main.o(.ARM.exidx.text.EXTI15_10_IRQHandler), (8 bytes).
    Removing main.o(.ARM.use_no_argv), (4 bytes).
    Removing ecexti.o(.text), (0 bytes).
    Removing ecexti.o(.ARM.exidx.text.portNumber), (8 bytes).
    Removing ecexti.o(.ARM.exidx.text.EXTI_init), (8 bytes).
    Removing ecexti.o(.ARM.exidx.text.EXTI_enable), (8 bytes).
    Removing ecexti.o(.ARM.exidx.text.__NVIC_EnableIRQ), (8 bytes).
    Removing ecexti.o(.ARM.exidx.text.__NVIC_SetPriority), (8 bytes).
    Removing ecexti.o(.text.EXTI_disable), (24 bytes).
    Removing ecexti.o(.ARM.exidx.text.EXTI_disable), (8 bytes).
    Removing ecexti.o(.ARM.exidx.text.is_pending_EXTI), (8 bytes).
    Removing ecexti.o(.ARM.exidx.text.clear_pending_EXTI), (8 bytes).
    Removing ecgpio.o(.text), (0 bytes).
    Removing ecgpio.o(.ARM.exidx.text.GPIO_init), (8 bytes).
    Removing ecgpio.o(.ARM.exidx.text.GPIO_mode), (8 bytes).
    Removing ecgpio.o(.ARM.exidx.text.GPIO_write), (8 bytes).
    Removing ecgpio.o(.text.GPIO_read), (12 bytes).
    Removing ecgpio.o(.ARM.exidx.text.GPIO_read), (8 bytes).
    Removing ecgpio.o(.ARM.exidx.text.GPIO_ospeed), (8 bytes).
    Removing ecgpio.o(.ARM.exidx.text.GPIO_otype), (8 bytes).
    Removing ecgpio.o(.ARM.exidx.text.GPIO_pudr), (8 bytes).
    Removing ecgpio.o(.text.sevensegment_init), (338 bytes).
    Removing ecgpio.o(.ARM.exidx.text.sevensegment_init), (8 bytes).
    Removing ecgpio.o(.text.sevensegment_decode), (120 bytes).
    Removing ecgpio.o(.ARM.exidx.text.sevensegment_decode), (8 bytes).
    Removing ecgpio.o(.rodata..L__const.sevensegment_decode.number), (320 bytes).
    Removing ecpwm.o(.text), (0 bytes).
    Removing ecpwm.o(.text.PWM_init), (450 bytes).
    Removing ecpwm.o(.ARM.exidx.text.PWM_init), (8 bytes).
    Removing ecpwm.o(.text.PWM_pinmap), (262 bytes).
    Removing ecpwm.o(.ARM.exidx.text.PWM_pinmap), (8 bytes).
    Removing ecpwm.o(.text.PWM_period_ms), (10 bytes).
    Removing ecpwm.o(.ARM.exidx.text.PWM_period_ms), (8 bytes).
    Removing ecpwm.o(.text.PWM_period_us), (10 bytes).
    Removing ecpwm.o(.ARM.exidx.text.PWM_period_us), (8 bytes).
    Removing ecpwm.o(.text.PWM_pulsewidth_ms), (118 bytes).
    Removing ecpwm.o(.ARM.exidx.text.PWM_pulsewidth_ms), (8 bytes).
    Removing ecpwm.o(.text.PWM_duty), (76 bytes).
    Removing ecpwm.o(.ARM.exidx.text.PWM_duty), (8 bytes).
    Removing ecrcc.o(.text), (0 bytes).
    Removing ecrcc.o(.text.RCC_HSI_init), (50 bytes).
    Removing ecrcc.o(.ARM.exidx.text.RCC_HSI_init), (8 bytes).
    Removing ecrcc.o(.ARM.exidx.text.RCC_PLL_init), (8 bytes).
    Removing ecrcc.o(.ARM.exidx.text.RCC_GPIOA_enable), (8 bytes).
    Removing ecrcc.o(.ARM.exidx.text.RCC_GPIOB_enable), (8 bytes).
    Removing ecrcc.o(.ARM.exidx.text.RCC_GPIOC_enable), (8 bytes).
    Removing ecrcc.o(.ARM.exidx.text.RCC_GPIOD_enable), (8 bytes).
    Removing ecrcc.o(.text.RCC_GPIOE_enable), (18 bytes).
    Removing ecrcc.o(.ARM.exidx.text.RCC_GPIOE_enable), (8 bytes).
    Removing ecrcc.o(.text.RCC_GPIOH_enable), (18 bytes).
    Removing ecrcc.o(.ARM.exidx.text.RCC_GPIOH_enable), (8 bytes).
    Removing ecsystick.o(.text), (0 bytes).
    Removing ecsystick.o(.ARM.exidx.text.SysTick_init), (8 bytes).
    Removing ecsystick.o(.ARM.exidx.text.SysTick_disable), (8 bytes).
    Removing ecsystick.o(.ARM.exidx.text.__NVIC_SetPriority), (8 bytes).
    Removing ecsystick.o(.ARM.exidx.text.SysTick_enable), (8 bytes).
    Removing ecsystick.o(.ARM.exidx.text.delay_ms), (8 bytes).
    Removing ecsystick.o(.text.SysTick_val), (16 bytes).
    Removing ecsystick.o(.ARM.exidx.text.SysTick_val), (8 bytes).
    Removing ecsystick.o(.text.SysTick_reset), (14 bytes).
    Removing ecsystick.o(.ARM.exidx.text.SysTick_reset), (8 bytes).
    Removing ecsystick.o(.ARM.exidx.text.SysTick_Handler), (8 bytes).
    Removing ectim.o(.text), (0 bytes).
    Removing ectim.o(.text.TIM_init), (294 bytes).
    Removing ectim.o(.ARM.exidx.text.TIM_init), (8 bytes).
    Removing ectim.o(.text.TIM_period_ms), (58 bytes).
    Removing ectim.o(.ARM.exidx.text.TIM_period_ms), (8 bytes).
    Removing ectim.o(.text.TIM_period_us), (72 bytes).
    Removing ectim.o(.ARM.exidx.text.TIM_period_us), (8 bytes).
    Removing ectim.o(.text.TIM_INT_init), (176 bytes).
    Removing ectim.o(.ARM.exidx.text.TIM_INT_init), (8 bytes).
    Removing ectim.o(.text.__NVIC_EnableIRQ), (32 bytes).
    Removing ectim.o(.ARM.exidx.text.__NVIC_EnableIRQ), (8 bytes).
    Removing ectim.o(.text.__NVIC_SetPriority), (16 bytes).
    Removing ectim.o(.ARM.exidx.text.__NVIC_SetPriority), (8 bytes).
    Removing ectim.o(.text.TIM_INT_enable), (10 bytes).
    Removing ectim.o(.ARM.exidx.text.TIM_INT_enable), (8 bytes).
    Removing ectim.o(.text.TIM_INT_disable), (10 bytes).
    Removing ectim.o(.ARM.exidx.text.TIM_INT_disable), (8 bytes).
    Removing ectim.o(.text.is_UIF), (8 bytes).
    Removing ectim.o(.ARM.exidx.text.is_UIF), (8 bytes).
    Removing ectim.o(.text.clear_UIF), (10 bytes).
    Removing ectim.o(.ARM.exidx.text.clear_UIF), (8 bytes).
    Removing ecstepper.o(.text), (0 bytes).
    Removing ecstepper.o(.ARM.exidx.text.Stepper_init), (8 bytes).
    Removing ecstepper.o(.ARM.exidx.text.Stepper_pinOut), (8 bytes).
    Removing ecstepper.o(.ARM.exidx.text.Stepper_setSpeed), (8 bytes).
    Removing ecstepper.o(.ARM.exidx.text.Stepper_step), (8 bytes).
    Removing ecstepper.o(.ARM.exidx.text.Stepper_stop), (8 bytes).
    Removing ecstepper.o(.data.direction), (4 bytes).
    Removing ecstepper.o(.bss.step_mode), (4 bytes).
    Removing system_stm32f4xx.o(.text), (0 bytes).
    Removing system_stm32f4xx.o(.ARM.exidx.text.SystemInit), (8 bytes).
    Removing system_stm32f4xx.o(.text.SystemCoreClockUpdate), (126 bytes).
    Removing system_stm32f4xx.o(.ARM.exidx.text.SystemCoreClockUpdate), (8 bytes).
    Removing system_stm32f4xx.o(.data.SystemCoreClock), (4 bytes).
    Removing system_stm32f4xx.o(.rodata.AHBPrescTable), (16 bytes).
    Removing system_stm32f4xx.o(.rodata.APBPrescTable), (8 bytes).

101 unused section(s) (total 3180 bytes) removed from the image.

==============================================================================

Image Symbol Table

    Local Symbols

    Symbol Name                              Value     Ov Type        Size  Object(Section)

    ../clib/angel/boardlib.s                 0x00000000   Number         0  boardinit1.o ABSOLUTE
    ../clib/angel/boardlib.s                 0x00000000   Number         0  boardinit2.o ABSOLUTE
    ../clib/angel/boardlib.s                 0x00000000   Number         0  boardinit3.o ABSOLUTE
    ../clib/angel/boardlib.s                 0x00000000   Number         0  boardshut.o ABSOLUTE
    ../clib/angel/dczerorl.s                 0x00000000   Number         0  __dczerorl.o ABSOLUTE
    ../clib/angel/handlers.s                 0x00000000   Number         0  __scatter_zi.o ABSOLUTE
    ../clib/angel/kernel.s                   0x00000000   Number         0  __rtentry.o ABSOLUTE
    ../clib/angel/kernel.s                   0x00000000   Number         0  __rtentry2.o ABSOLUTE
    ../clib/angel/kernel.s                   0x00000000   Number         0  __rtentry4.o ABSOLUTE
    ../clib/angel/kernel.s                   0x00000000   Number         0  rtexit.o ABSOLUTE
    ../clib/angel/kernel.s                   0x00000000   Number         0  rtexit2.o ABSOLUTE
    ../clib/angel/rt.s                       0x00000000   Number         0  rt_raise.o ABSOLUTE
    ../clib/angel/scatter.s                  0x00000000   Number         0  __scatter.o ABSOLUTE
    ../clib/angel/startup.s                  0x00000000   Number         0  __main.o ABSOLUTE
    ../clib/angel/sys.s                      0x00000000   Number         0  sys_stackheap_outer.o ABSOLUTE
    ../clib/angel/sys.s                      0x00000000   Number         0  libspace.o ABSOLUTE
    ../clib/angel/sys.s                      0x00000000   Number         0  use_no_semi.o ABSOLUTE
    ../clib/angel/sys.s                      0x00000000   Number         0  indicate_semi.o ABSOLUTE
    ../clib/angel/sysapp.c                   0x00000000   Number         0  sys_exit.o ABSOLUTE
    ../clib/angel/sysapp.c                   0x00000000   Number         0  sys_exit_hlt.o ABSOLUTE
    ../clib/angel/sysapp.c                   0x00000000   Number         0  sys_command.o ABSOLUTE
    ../clib/angel/sysapp.c                   0x00000000   Number         0  sys_command_hlt.o ABSOLUTE
    ../clib/angel/sysapp.c                   0x00000000   Number         0  sys_wrch.o ABSOLUTE
    ../clib/angel/sysapp.c                   0x00000000   Number         0  sys_wrch_hlt.o ABSOLUTE
    ../clib/armsys.c                         0x00000000   Number         0  argv_veneer.o ABSOLUTE
    ../clib/armsys.c                         0x00000000   Number         0  argv_veneer.o ABSOLUTE
    ../clib/armsys.c                         0x00000000   Number         0  _get_argv_nomalloc.o ABSOLUTE
    ../clib/armsys.c                         0x00000000   Number         0  no_argv.o ABSOLUTE
    ../clib/heapalloc.c                      0x00000000   Number         0  hrguard.o ABSOLUTE
    ../clib/heapaux.c                        0x00000000   Number         0  heapauxi.o ABSOLUTE
    ../clib/libinit.s                        0x00000000   Number         0  libinit.o ABSOLUTE
    ../clib/libinit.s                        0x00000000   Number         0  libinit2.o ABSOLUTE
    ../clib/libinit.s                        0x00000000   Number         0  libshutdown.o ABSOLUTE
    ../clib/libinit.s                        0x00000000   Number         0  libshutdown2.o ABSOLUTE
    ../clib/signal.c                         0x00000000   Number         0  defsig_rtmem_outer.o ABSOLUTE
    ../clib/signal.c                         0x00000000   Number         0  defsig_rtmem_formal.o ABSOLUTE
    ../clib/signal.c                         0x00000000   Number         0  defsig_exit.o ABSOLUTE
    ../clib/signal.c                         0x00000000   Number         0  defsig_rtmem_inner.o ABSOLUTE
    ../clib/signal.c                         0x00000000   Number         0  __raise.o ABSOLUTE
    ../clib/signal.c                         0x00000000   Number         0  defsig_general.o ABSOLUTE
    ../clib/signal.c                         0x00000000   Number         0  defsig_abrt_inner.o ABSOLUTE
    ../clib/signal.c                         0x00000000   Number         0  defsig_fpe_inner.o ABSOLUTE
    ../clib/signal.c                         0x00000000   Number         0  defsig_rtred_inner.o ABSOLUTE
    ../clib/signal.c                         0x00000000   Number         0  defsig_stak_inner.o ABSOLUTE
    ../clib/signal.c                         0x00000000   Number         0  defsig_pvfn_inner.o ABSOLUTE
    ../clib/signal.c                         0x00000000   Number         0  defsig_cppl_inner.o ABSOLUTE
    ../clib/signal.c                         0x00000000   Number         0  defsig_segv_inner.o ABSOLUTE
    ../clib/signal.c                         0x00000000   Number         0  defsig_other.o ABSOLUTE
    ../clib/signal.s                         0x00000000   Number         0  defsig.o ABSOLUTE
    ../clib/stdlib.c                         0x00000000   Number         0  exit.o ABSOLUTE
    ../fplib/daddsub.s                       0x00000000   Number         0  daddsub_clz.o ABSOLUTE
    ../fplib/dfix.s                          0x00000000   Number         0  dfix.o ABSOLUTE
    ../fplib/dfixu.s                         0x00000000   Number         0  dfixu.o ABSOLUTE
    ../fplib/dflt.s                          0x00000000   Number         0  dflt_clz.o ABSOLUTE
    ../fplib/dmul.s                          0x00000000   Number         0  dmul.o ABSOLUTE
    ../fplib/dnaninf.s                       0x00000000   Number         0  dnaninf.o ABSOLUTE
    ../fplib/dretinf.s                       0x00000000   Number         0  dretinf.o ABSOLUTE
    ../fplib/fpinit.s                        0x00000000   Number         0  fpinit.o ABSOLUTE
    ../fplib/usenofp.s                       0x00000000   Number         0  usenofp.o ABSOLUTE
    RTE/Device/STM32F411RETx/startup_stm32f411xe.s 0x00000000   Number         0  startup_stm32f411xe.o ABSOLUTE
    dc.s                                     0x00000000   Number         0  dc.o ABSOLUTE
    ecEXTI.c                                 0x00000000   Number         0  ecexti.o ABSOLUTE
    ecGPIO.c                                 0x00000000   Number         0  ecgpio.o ABSOLUTE
    ecPWM.c                                  0x00000000   Number         0  ecpwm.o ABSOLUTE
    ecRCC.c                                  0x00000000   Number         0  ecrcc.o ABSOLUTE
    ecStepper.c                              0x00000000   Number         0  ecstepper.o ABSOLUTE
    ecSysTick.c                              0x00000000   Number         0  ecsystick.o ABSOLUTE
    ecTIM.c                                  0x00000000   Number         0  ectim.o ABSOLUTE
    main.c                                   0x00000000   Number         0  main.o ABSOLUTE
    system_stm32f4xx.c                       0x00000000   Number         0  system_stm32f4xx.o ABSOLUTE
    RESET                                    0x08000000   Section      408  startup_stm32f411xe.o(RESET)
    !!!main                                  0x08000198   Section        8  __main.o(!!!main)
    !!!scatter                               0x080001a0   Section       52  __scatter.o(!!!scatter)
    !!dczerorl                               0x080001d4   Section       58  __dczerorl.o(!!dczerorl)
    !!handler_zi                             0x08000210   Section       28  __scatter_zi.o(!!handler_zi)
    .ARM.Collect$$libinit$$00000000          0x0800022c   Section        2  libinit.o(.ARM.Collect$$libinit$$00000000)
    .ARM.Collect$$libinit$$00000001          0x0800022e   Section        4  libinit2.o(.ARM.Collect$$libinit$$00000001)
    .ARM.Collect$$libinit$$00000004          0x08000232   Section        0  libinit2.o(.ARM.Collect$$libinit$$00000004)
    .ARM.Collect$$libinit$$0000000A          0x08000232   Section        0  libinit2.o(.ARM.Collect$$libinit$$0000000A)
    .ARM.Collect$$libinit$$0000000C          0x08000232   Section        0  libinit2.o(.ARM.Collect$$libinit$$0000000C)
    .ARM.Collect$$libinit$$0000000E          0x08000232   Section        0  libinit2.o(.ARM.Collect$$libinit$$0000000E)
    .ARM.Collect$$libinit$$00000011          0x08000232   Section        0  libinit2.o(.ARM.Collect$$libinit$$00000011)
    .ARM.Collect$$libinit$$00000013          0x08000232   Section        0  libinit2.o(.ARM.Collect$$libinit$$00000013)
    .ARM.Collect$$libinit$$00000015          0x08000232   Section        0  libinit2.o(.ARM.Collect$$libinit$$00000015)
    .ARM.Collect$$libinit$$00000017          0x08000232   Section        0  libinit2.o(.ARM.Collect$$libinit$$00000017)
    .ARM.Collect$$libinit$$00000019          0x08000232   Section        0  libinit2.o(.ARM.Collect$$libinit$$00000019)
    .ARM.Collect$$libinit$$0000001B          0x08000232   Section        0  libinit2.o(.ARM.Collect$$libinit$$0000001B)
    .ARM.Collect$$libinit$$0000001D          0x08000232   Section        0  libinit2.o(.ARM.Collect$$libinit$$0000001D)
    .ARM.Collect$$libinit$$0000001F          0x08000232   Section        0  libinit2.o(.ARM.Collect$$libinit$$0000001F)
    .ARM.Collect$$libinit$$00000021          0x08000232   Section        0  libinit2.o(.ARM.Collect$$libinit$$00000021)
    .ARM.Collect$$libinit$$00000023          0x08000232   Section        0  libinit2.o(.ARM.Collect$$libinit$$00000023)
    .ARM.Collect$$libinit$$00000025          0x08000232   Section        0  libinit2.o(.ARM.Collect$$libinit$$00000025)
    .ARM.Collect$$libinit$$0000002C          0x08000232   Section        0  libinit2.o(.ARM.Collect$$libinit$$0000002C)
    .ARM.Collect$$libinit$$0000002E          0x08000232   Section        0  libinit2.o(.ARM.Collect$$libinit$$0000002E)
    .ARM.Collect$$libinit$$00000030          0x08000232   Section        0  libinit2.o(.ARM.Collect$$libinit$$00000030)
    .ARM.Collect$$libinit$$00000032          0x08000232   Section        0  libinit2.o(.ARM.Collect$$libinit$$00000032)
    .ARM.Collect$$libinit$$00000033          0x08000232   Section        2  libinit2.o(.ARM.Collect$$libinit$$00000033)
    .ARM.Collect$$libshutdown$$00000000      0x08000234   Section        2  libshutdown.o(.ARM.Collect$$libshutdown$$00000000)
    .ARM.Collect$$libshutdown$$00000002      0x08000236   Section        0  libshutdown2.o(.ARM.Collect$$libshutdown$$00000002)
    .ARM.Collect$$libshutdown$$00000004      0x08000236   Section        0  libshutdown2.o(.ARM.Collect$$libshutdown$$00000004)
    .ARM.Collect$$libshutdown$$00000007      0x08000236   Section        0  libshutdown2.o(.ARM.Collect$$libshutdown$$00000007)
    .ARM.Collect$$libshutdown$$0000000A      0x08000236   Section        0  libshutdown2.o(.ARM.Collect$$libshutdown$$0000000A)
    .ARM.Collect$$libshutdown$$0000000C      0x08000236   Section        0  libshutdown2.o(.ARM.Collect$$libshutdown$$0000000C)
    .ARM.Collect$$libshutdown$$0000000F      0x08000236   Section        0  libshutdown2.o(.ARM.Collect$$libshutdown$$0000000F)
    .ARM.Collect$$libshutdown$$00000010      0x08000236   Section        2  libshutdown2.o(.ARM.Collect$$libshutdown$$00000010)
    .ARM.Collect$$rtentry$$00000000          0x08000238   Section        0  __rtentry.o(.ARM.Collect$$rtentry$$00000000)
    .ARM.Collect$$rtentry$$00000002          0x08000238   Section        0  __rtentry2.o(.ARM.Collect$$rtentry$$00000002)
    .ARM.Collect$$rtentry$$00000004          0x08000238   Section        6  __rtentry4.o(.ARM.Collect$$rtentry$$00000004)
    .ARM.Collect$$rtentry$$00000009          0x0800023e   Section        0  __rtentry2.o(.ARM.Collect$$rtentry$$00000009)
    .ARM.Collect$$rtentry$$0000000A          0x0800023e   Section        4  __rtentry2.o(.ARM.Collect$$rtentry$$0000000A)
    .ARM.Collect$$rtentry$$0000000C          0x08000242   Section        0  __rtentry2.o(.ARM.Collect$$rtentry$$0000000C)
    .ARM.Collect$$rtentry$$0000000D          0x08000242   Section        8  __rtentry2.o(.ARM.Collect$$rtentry$$0000000D)
    .ARM.Collect$$rtexit$$00000000           0x0800024a   Section        2  rtexit.o(.ARM.Collect$$rtexit$$00000000)
    .ARM.Collect$$rtexit$$00000002           0x0800024c   Section        0  rtexit2.o(.ARM.Collect$$rtexit$$00000002)
    .ARM.Collect$$rtexit$$00000003           0x0800024c   Section        4  rtexit2.o(.ARM.Collect$$rtexit$$00000003)
    .ARM.Collect$$rtexit$$00000004           0x08000250   Section        6  rtexit2.o(.ARM.Collect$$rtexit$$00000004)
    $v0                                      0x08000258   Number         0  startup_stm32f411xe.o(.text)
    .text                                    0x08000258   Section       64  startup_stm32f411xe.o(.text)
    .text                                    0x08000298   Section        0  heapauxi.o(.text)
    .text                                    0x0800029e   Section       74  sys_stackheap_outer.o(.text)
    .text                                    0x080002e8   Section        0  exit.o(.text)
    .text                                    0x080002fc   Section        8  libspace.o(.text)
    .text                                    0x08000304   Section        0  sys_exit.o(.text)
    .text                                    0x08000310   Section        2  use_no_semi.o(.text)
    .text                                    0x08000312   Section        0  indicate_semi.o(.text)
    [Anonymous Symbol]                       0x08000314   Section        0  main.o(.text.EXTI15_10_IRQHandler)
    [Anonymous Symbol]                       0x08000330   Section        0  ecexti.o(.text.EXTI_enable)
    [Anonymous Symbol]                       0x08000348   Section        0  ecexti.o(.text.EXTI_init)
    [Anonymous Symbol]                       0x08000400   Section        0  ecgpio.o(.text.GPIO_init)
    [Anonymous Symbol]                       0x0800048c   Section        0  ecgpio.o(.text.GPIO_mode)
    [Anonymous Symbol]                       0x080004b0   Section        0  ecgpio.o(.text.GPIO_ospeed)
    [Anonymous Symbol]                       0x080004d4   Section        0  ecgpio.o(.text.GPIO_otype)
    [Anonymous Symbol]                       0x080004f4   Section        0  ecgpio.o(.text.GPIO_pudr)
    [Anonymous Symbol]                       0x08000518   Section        0  ecgpio.o(.text.GPIO_write)
    [Anonymous Symbol]                       0x08000538   Section        0  ecrcc.o(.text.RCC_GPIOA_enable)
    [Anonymous Symbol]                       0x0800054c   Section        0  ecrcc.o(.text.RCC_GPIOB_enable)
    [Anonymous Symbol]                       0x08000560   Section        0  ecrcc.o(.text.RCC_GPIOC_enable)
    [Anonymous Symbol]                       0x08000574   Section        0  ecrcc.o(.text.RCC_GPIOD_enable)
    [Anonymous Symbol]                       0x08000588   Section        0  ecrcc.o(.text.RCC_PLL_init)
    [Anonymous Symbol]                       0x08000668   Section        0  ecstepper.o(.text.Stepper_init)
    [Anonymous Symbol]                       0x08000744   Section        0  ecstepper.o(.text.Stepper_pinOut)
    [Anonymous Symbol]                       0x080007b8   Section        0  ecstepper.o(.text.Stepper_setSpeed)
    [Anonymous Symbol]                       0x080007f4   Section        0  ecstepper.o(.text.Stepper_step)
    [Anonymous Symbol]                       0x08000874   Section        0  ecstepper.o(.text.Stepper_stop)
    [Anonymous Symbol]                       0x080008ac   Section        0  ecsystick.o(.text.SysTick_Handler)
    [Anonymous Symbol]                       0x080008c4   Section        0  ecsystick.o(.text.SysTick_disable)
    [Anonymous Symbol]                       0x080008d8   Section        0  ecsystick.o(.text.SysTick_enable)
    [Anonymous Symbol]                       0x080008f0   Section        0  ecsystick.o(.text.SysTick_init)
    [Anonymous Symbol]                       0x08000968   Section        0  system_stm32f4xx.o(.text.SystemInit)
    __NVIC_EnableIRQ                         0x08000985   Thumb Code    32  ecexti.o(.text.__NVIC_EnableIRQ)
    [Anonymous Symbol]                       0x08000984   Section        0  ecexti.o(.text.__NVIC_EnableIRQ)
    __NVIC_SetPriority                       0x080009a5   Thumb Code    16  ecexti.o(.text.__NVIC_SetPriority)
    [Anonymous Symbol]                       0x080009a4   Section        0  ecexti.o(.text.__NVIC_SetPriority)
    __NVIC_SetPriority                       0x080009b5   Thumb Code    14  ecsystick.o(.text.__NVIC_SetPriority)
    [Anonymous Symbol]                       0x080009b4   Section        0  ecsystick.o(.text.__NVIC_SetPriority)
    [Anonymous Symbol]                       0x080009c4   Section        0  ecexti.o(.text.clear_pending_EXTI)
    [Anonymous Symbol]                       0x080009dc   Section        0  ecsystick.o(.text.delay_ms)
    [Anonymous Symbol]                       0x080009f0   Section        0  ecexti.o(.text.is_pending_EXTI)
    [Anonymous Symbol]                       0x08000a04   Section        0  main.o(.text.main)
    [Anonymous Symbol]                       0x08000a18   Section        0  ecexti.o(.text.portNumber)
    [Anonymous Symbol]                       0x08000a50   Section        0  main.o(.text.setup)
    $v0                                      0x08000aa4   Number         0  daddsub_clz.o(x$fpl$dadd)
    x$fpl$dadd                               0x08000aa4   Section      336  daddsub_clz.o(x$fpl$dadd)
    _dadd1                                   0x08000ab5   Thumb Code     0  daddsub_clz.o(x$fpl$dadd)
    $v0                                      0x08000bf4   Number         0  dfixu.o(x$fpl$dfixu)
    x$fpl$dfixu                              0x08000bf4   Section       90  dfixu.o(x$fpl$dfixu)
    $v0                                      0x08000c4e   Number         0  dflt_clz.o(x$fpl$dfltu)
    x$fpl$dfltu                              0x08000c4e   Section       38  dflt_clz.o(x$fpl$dfltu)
    $v0                                      0x08000c74   Number         0  dmul.o(x$fpl$dmul)
    x$fpl$dmul                               0x08000c74   Section      340  dmul.o(x$fpl$dmul)
    $v0                                      0x08000dc8   Number         0  dnaninf.o(x$fpl$dnaninf)
    x$fpl$dnaninf                            0x08000dc8   Section      156  dnaninf.o(x$fpl$dnaninf)
    $v0                                      0x08000e64   Number         0  dretinf.o(x$fpl$dretinf)
    x$fpl$dretinf                            0x08000e64   Section       12  dretinf.o(x$fpl$dretinf)
    $v0                                      0x08000e70   Number         0  daddsub_clz.o(x$fpl$dsub)
    x$fpl$dsub                               0x08000e70   Section      476  daddsub_clz.o(x$fpl$dsub)
    _dsub1                                   0x08000e81   Thumb Code     0  daddsub_clz.o(x$fpl$dsub)
    $v0                                      0x0800104c   Number         0  fpinit.o(x$fpl$fpinit)
    x$fpl$fpinit                             0x0800104c   Section       26  fpinit.o(x$fpl$fpinit)
    x$fpl$usenofp                            0x08001066   Section        0  usenofp.o(x$fpl$usenofp)
    .bss                                     0x20000160   Section       96  libspace.o(.bss)
    Heap_Mem                                 0x200001e8   Data         512  startup_stm32f411xe.o(HEAP)
    HEAP                                     0x200001e8   Section      512  startup_stm32f411xe.o(HEAP)
    Stack_Mem                                0x200003e8   Data        1024  startup_stm32f411xe.o(STACK)
    STACK                                    0x200003e8   Section     1024  startup_stm32f411xe.o(STACK)
    __initial_sp                             0x200007e8   Data           0  startup_stm32f411xe.o(STACK)

    Global Symbols

    Symbol Name                              Value     Ov Type        Size  Object(Section)

    BuildAttributes$$THM_ISAv4$E$P$D$K$B$S$7EM$VFPi3$EXTD16$VFPS$VFMA$PE$A:L22UL41UL21$X:L11$S22US41US21$IEEE1$IW$~IW$USESV6$~STKCKD$USESV7$~SHL$OTIME$ROPI$EBA8$UX$STANDARDLIB$REQ8$PRES8$EABIv2 0x00000000   Number         0  anon$$obj.o ABSOLUTE
    __ARM_exceptions_init                     - Undefined Weak Reference
    __alloca_initialize                       - Undefined Weak Reference
    __arm_preinit_                            - Undefined Weak Reference
    __cpp_initialize__aeabi_                  - Undefined Weak Reference
    __cxa_finalize                            - Undefined Weak Reference
    __rt_locale                               - Undefined Weak Reference
    __sigvec_lookup                           - Undefined Weak Reference
    _atexit_init                              - Undefined Weak Reference
    _call_atexit_fns                          - Undefined Weak Reference
    _clock_init                               - Undefined Weak Reference
    _fp_trap_init                             - Undefined Weak Reference
    _fp_trap_shutdown                         - Undefined Weak Reference
    _get_lc_collate                           - Undefined Weak Reference
    _get_lc_ctype                             - Undefined Weak Reference
    _get_lc_monetary                          - Undefined Weak Reference
    _get_lc_numeric                           - Undefined Weak Reference
    _get_lc_time                              - Undefined Weak Reference
    _getenv_init                              - Undefined Weak Reference
    _handle_redirection                       - Undefined Weak Reference
    _init_alloc                               - Undefined Weak Reference
    _init_user_alloc                          - Undefined Weak Reference
    _initio                                   - Undefined Weak Reference
    _rand_init                                - Undefined Weak Reference
    _signal_finish                            - Undefined Weak Reference
    _signal_init                              - Undefined Weak Reference
    _terminate_alloc                          - Undefined Weak Reference
    _terminate_user_alloc                     - Undefined Weak Reference
    _terminateio                              - Undefined Weak Reference
    __Vectors_Size                           0x00000198   Number         0  startup_stm32f411xe.o ABSOLUTE
    __Vectors                                0x08000000   Data           4  startup_stm32f411xe.o(RESET)
    __Vectors_End                            0x08000198   Data           0  startup_stm32f411xe.o(RESET)
    __main                                   0x08000199   Thumb Code     8  __main.o(!!!main)
    __scatterload                            0x080001a1   Thumb Code     0  __scatter.o(!!!scatter)
    __scatterload_rt2                        0x080001a1   Thumb Code    44  __scatter.o(!!!scatter)
    __scatterload_rt2_thumb_only             0x080001a1   Thumb Code     0  __scatter.o(!!!scatter)
    __scatterload_null                       0x080001af   Thumb Code     0  __scatter.o(!!!scatter)
    __decompress                             0x080001d5   Thumb Code    58  __dczerorl.o(!!dczerorl)
    __decompress0                            0x080001d5   Thumb Code     0  __dczerorl.o(!!dczerorl)
    __scatterload_zeroinit                   0x08000211   Thumb Code    28  __scatter_zi.o(!!handler_zi)
    __rt_lib_init                            0x0800022d   Thumb Code     0  libinit.o(.ARM.Collect$$libinit$$00000000)
    __rt_lib_init_fp_1                       0x0800022f   Thumb Code     0  libinit2.o(.ARM.Collect$$libinit$$00000001)
    __rt_lib_init_alloca_1                   0x08000233   Thumb Code     0  libinit2.o(.ARM.Collect$$libinit$$0000002E)
    __rt_lib_init_argv_1                     0x08000233   Thumb Code     0  libinit2.o(.ARM.Collect$$libinit$$0000002C)
    __rt_lib_init_atexit_1                   0x08000233   Thumb Code     0  libinit2.o(.ARM.Collect$$libinit$$0000001B)
    __rt_lib_init_clock_1                    0x08000233   Thumb Code     0  libinit2.o(.ARM.Collect$$libinit$$00000021)
    __rt_lib_init_cpp_1                      0x08000233   Thumb Code     0  libinit2.o(.ARM.Collect$$libinit$$00000032)
    __rt_lib_init_exceptions_1               0x08000233   Thumb Code     0  libinit2.o(.ARM.Collect$$libinit$$00000030)
    __rt_lib_init_fp_trap_1                  0x08000233   Thumb Code     0  libinit2.o(.ARM.Collect$$libinit$$0000001F)
    __rt_lib_init_getenv_1                   0x08000233   Thumb Code     0  libinit2.o(.ARM.Collect$$libinit$$00000023)
    __rt_lib_init_heap_1                     0x08000233   Thumb Code     0  libinit2.o(.ARM.Collect$$libinit$$0000000A)
    __rt_lib_init_lc_collate_1               0x08000233   Thumb Code     0  libinit2.o(.ARM.Collect$$libinit$$00000011)
    __rt_lib_init_lc_ctype_1                 0x08000233   Thumb Code     0  libinit2.o(.ARM.Collect$$libinit$$00000013)
    __rt_lib_init_lc_monetary_1              0x08000233   Thumb Code     0  libinit2.o(.ARM.Collect$$libinit$$00000015)
    __rt_lib_init_lc_numeric_1               0x08000233   Thumb Code     0  libinit2.o(.ARM.Collect$$libinit$$00000017)
    __rt_lib_init_lc_time_1                  0x08000233   Thumb Code     0  libinit2.o(.ARM.Collect$$libinit$$00000019)
    __rt_lib_init_preinit_1                  0x08000233   Thumb Code     0  libinit2.o(.ARM.Collect$$libinit$$00000004)
    __rt_lib_init_rand_1                     0x08000233   Thumb Code     0  libinit2.o(.ARM.Collect$$libinit$$0000000E)
    __rt_lib_init_return                     0x08000233   Thumb Code     0  libinit2.o(.ARM.Collect$$libinit$$00000033)
    __rt_lib_init_signal_1                   0x08000233   Thumb Code     0  libinit2.o(.ARM.Collect$$libinit$$0000001D)
    __rt_lib_init_stdio_1                    0x08000233   Thumb Code     0  libinit2.o(.ARM.Collect$$libinit$$00000025)
    __rt_lib_init_user_alloc_1               0x08000233   Thumb Code     0  libinit2.o(.ARM.Collect$$libinit$$0000000C)
    __rt_lib_shutdown                        0x08000235   Thumb Code     0  libshutdown.o(.ARM.Collect$$libshutdown$$00000000)
    __rt_lib_shutdown_cpp_1                  0x08000237   Thumb Code     0  libshutdown2.o(.ARM.Collect$$libshutdown$$00000002)
    __rt_lib_shutdown_fp_trap_1              0x08000237   Thumb Code     0  libshutdown2.o(.ARM.Collect$$libshutdown$$00000007)
    __rt_lib_shutdown_heap_1                 0x08000237   Thumb Code     0  libshutdown2.o(.ARM.Collect$$libshutdown$$0000000F)
    __rt_lib_shutdown_return                 0x08000237   Thumb Code     0  libshutdown2.o(.ARM.Collect$$libshutdown$$00000010)
    __rt_lib_shutdown_signal_1               0x08000237   Thumb Code     0  libshutdown2.o(.ARM.Collect$$libshutdown$$0000000A)
    __rt_lib_shutdown_stdio_1                0x08000237   Thumb Code     0  libshutdown2.o(.ARM.Collect$$libshutdown$$00000004)
    __rt_lib_shutdown_user_alloc_1           0x08000237   Thumb Code     0  libshutdown2.o(.ARM.Collect$$libshutdown$$0000000C)
    __rt_entry                               0x08000239   Thumb Code     0  __rtentry.o(.ARM.Collect$$rtentry$$00000000)
    __rt_entry_presh_1                       0x08000239   Thumb Code     0  __rtentry2.o(.ARM.Collect$$rtentry$$00000002)
    __rt_entry_sh                            0x08000239   Thumb Code     0  __rtentry4.o(.ARM.Collect$$rtentry$$00000004)
    __rt_entry_li                            0x0800023f   Thumb Code     0  __rtentry2.o(.ARM.Collect$$rtentry$$0000000A)
    __rt_entry_postsh_1                      0x0800023f   Thumb Code     0  __rtentry2.o(.ARM.Collect$$rtentry$$00000009)
    __rt_entry_main                          0x08000243   Thumb Code     0  __rtentry2.o(.ARM.Collect$$rtentry$$0000000D)
    __rt_entry_postli_1                      0x08000243   Thumb Code     0  __rtentry2.o(.ARM.Collect$$rtentry$$0000000C)
    __rt_exit                                0x0800024b   Thumb Code     0  rtexit.o(.ARM.Collect$$rtexit$$00000000)
    __rt_exit_ls                             0x0800024d   Thumb Code     0  rtexit2.o(.ARM.Collect$$rtexit$$00000003)
    __rt_exit_prels_1                        0x0800024d   Thumb Code     0  rtexit2.o(.ARM.Collect$$rtexit$$00000002)
    __rt_exit_exit                           0x08000251   Thumb Code     0  rtexit2.o(.ARM.Collect$$rtexit$$00000004)
    Reset_Handler                            0x08000259   Thumb Code     8  startup_stm32f411xe.o(.text)
    NMI_Handler                              0x08000261   Thumb Code     2  startup_stm32f411xe.o(.text)
    HardFault_Handler                        0x08000263   Thumb Code     2  startup_stm32f411xe.o(.text)
    MemManage_Handler                        0x08000265   Thumb Code     2  startup_stm32f411xe.o(.text)
    BusFault_Handler                         0x08000267   Thumb Code     2  startup_stm32f411xe.o(.text)
    UsageFault_Handler                       0x08000269   Thumb Code     2  startup_stm32f411xe.o(.text)
    SVC_Handler                              0x0800026b   Thumb Code     2  startup_stm32f411xe.o(.text)
    DebugMon_Handler                         0x0800026d   Thumb Code     2  startup_stm32f411xe.o(.text)
    PendSV_Handler                           0x0800026f   Thumb Code     2  startup_stm32f411xe.o(.text)
    ADC_IRQHandler                           0x08000273   Thumb Code     0  startup_stm32f411xe.o(.text)
    DMA1_Stream0_IRQHandler                  0x08000273   Thumb Code     0  startup_stm32f411xe.o(.text)
    DMA1_Stream1_IRQHandler                  0x08000273   Thumb Code     0  startup_stm32f411xe.o(.text)
    DMA1_Stream2_IRQHandler                  0x08000273   Thumb Code     0  startup_stm32f411xe.o(.text)
    DMA1_Stream3_IRQHandler                  0x08000273   Thumb Code     0  startup_stm32f411xe.o(.text)
    DMA1_Stream4_IRQHandler                  0x08000273   Thumb Code     0  startup_stm32f411xe.o(.text)
    DMA1_Stream5_IRQHandler                  0x08000273   Thumb Code     0  startup_stm32f411xe.o(.text)
    DMA1_Stream6_IRQHandler                  0x08000273   Thumb Code     0  startup_stm32f411xe.o(.text)
    DMA1_Stream7_IRQHandler                  0x08000273   Thumb Code     0  startup_stm32f411xe.o(.text)
    DMA2_Stream0_IRQHandler                  0x08000273   Thumb Code     0  startup_stm32f411xe.o(.text)
    DMA2_Stream1_IRQHandler                  0x08000273   Thumb Code     0  startup_stm32f411xe.o(.text)
    DMA2_Stream2_IRQHandler                  0x08000273   Thumb Code     0  startup_stm32f411xe.o(.text)
    DMA2_Stream3_IRQHandler                  0x08000273   Thumb Code     0  startup_stm32f411xe.o(.text)
    DMA2_Stream4_IRQHandler                  0x08000273   Thumb Code     0  startup_stm32f411xe.o(.text)
    DMA2_Stream5_IRQHandler                  0x08000273   Thumb Code     0  startup_stm32f411xe.o(.text)
    DMA2_Stream6_IRQHandler                  0x08000273   Thumb Code     0  startup_stm32f411xe.o(.text)
    DMA2_Stream7_IRQHandler                  0x08000273   Thumb Code     0  startup_stm32f411xe.o(.text)
    EXTI0_IRQHandler                         0x08000273   Thumb Code     0  startup_stm32f411xe.o(.text)
    EXTI1_IRQHandler                         0x08000273   Thumb Code     0  startup_stm32f411xe.o(.text)
    EXTI2_IRQHandler                         0x08000273   Thumb Code     0  startup_stm32f411xe.o(.text)
    EXTI3_IRQHandler                         0x08000273   Thumb Code     0  startup_stm32f411xe.o(.text)
    EXTI4_IRQHandler                         0x08000273   Thumb Code     0  startup_stm32f411xe.o(.text)
    EXTI9_5_IRQHandler                       0x08000273   Thumb Code     0  startup_stm32f411xe.o(.text)
    FLASH_IRQHandler                         0x08000273   Thumb Code     0  startup_stm32f411xe.o(.text)
    FPU_IRQHandler                           0x08000273   Thumb Code     0  startup_stm32f411xe.o(.text)
    I2C1_ER_IRQHandler                       0x08000273   Thumb Code     0  startup_stm32f411xe.o(.text)
    I2C1_EV_IRQHandler                       0x08000273   Thumb Code     0  startup_stm32f411xe.o(.text)
    I2C2_ER_IRQHandler                       0x08000273   Thumb Code     0  startup_stm32f411xe.o(.text)
    I2C2_EV_IRQHandler                       0x08000273   Thumb Code     0  startup_stm32f411xe.o(.text)
    I2C3_ER_IRQHandler                       0x08000273   Thumb Code     0  startup_stm32f411xe.o(.text)
    I2C3_EV_IRQHandler                       0x08000273   Thumb Code     0  startup_stm32f411xe.o(.text)
    OTG_FS_IRQHandler                        0x08000273   Thumb Code     0  startup_stm32f411xe.o(.text)
    OTG_FS_WKUP_IRQHandler                   0x08000273   Thumb Code     0  startup_stm32f411xe.o(.text)
    PVD_IRQHandler                           0x08000273   Thumb Code     0  startup_stm32f411xe.o(.text)
    RCC_IRQHandler                           0x08000273   Thumb Code     0  startup_stm32f411xe.o(.text)
    RTC_Alarm_IRQHandler                     0x08000273   Thumb Code     0  startup_stm32f411xe.o(.text)
    RTC_WKUP_IRQHandler                      0x08000273   Thumb Code     0  startup_stm32f411xe.o(.text)
    SDIO_IRQHandler                          0x08000273   Thumb Code     0  startup_stm32f411xe.o(.text)
    SPI1_IRQHandler                          0x08000273   Thumb Code     0  startup_stm32f411xe.o(.text)
    SPI2_IRQHandler                          0x08000273   Thumb Code     0  startup_stm32f411xe.o(.text)
    SPI3_IRQHandler                          0x08000273   Thumb Code     0  startup_stm32f411xe.o(.text)
    SPI4_IRQHandler                          0x08000273   Thumb Code     0  startup_stm32f411xe.o(.text)
    SPI5_IRQHandler                          0x08000273   Thumb Code     0  startup_stm32f411xe.o(.text)
    TAMP_STAMP_IRQHandler                    0x08000273   Thumb Code     0  startup_stm32f411xe.o(.text)
    TIM1_BRK_TIM9_IRQHandler                 0x08000273   Thumb Code     0  startup_stm32f411xe.o(.text)
    TIM1_CC_IRQHandler                       0x08000273   Thumb Code     0  startup_stm32f411xe.o(.text)
    TIM1_TRG_COM_TIM11_IRQHandler            0x08000273   Thumb Code     0  startup_stm32f411xe.o(.text)
    TIM1_UP_TIM10_IRQHandler                 0x08000273   Thumb Code     0  startup_stm32f411xe.o(.text)
    TIM2_IRQHandler                          0x08000273   Thumb Code     0  startup_stm32f411xe.o(.text)
    TIM3_IRQHandler                          0x08000273   Thumb Code     0  startup_stm32f411xe.o(.text)
    TIM4_IRQHandler                          0x08000273   Thumb Code     0  startup_stm32f411xe.o(.text)
    TIM5_IRQHandler                          0x08000273   Thumb Code     0  startup_stm32f411xe.o(.text)
    USART1_IRQHandler                        0x08000273   Thumb Code     0  startup_stm32f411xe.o(.text)
    USART2_IRQHandler                        0x08000273   Thumb Code     0  startup_stm32f411xe.o(.text)
    USART6_IRQHandler                        0x08000273   Thumb Code     0  startup_stm32f411xe.o(.text)
    WWDG_IRQHandler                          0x08000273   Thumb Code     0  startup_stm32f411xe.o(.text)
    __user_initial_stackheap                 0x08000275   Thumb Code     0  startup_stm32f411xe.o(.text)
    __use_two_region_memory                  0x08000299   Thumb Code     2  heapauxi.o(.text)
    __rt_heap_escrow$2region                 0x0800029b   Thumb Code     2  heapauxi.o(.text)
    __rt_heap_expand$2region                 0x0800029d   Thumb Code     2  heapauxi.o(.text)
    __user_setup_stackheap                   0x0800029f   Thumb Code    74  sys_stackheap_outer.o(.text)
    exit                                     0x080002e9   Thumb Code    18  exit.o(.text)
    __user_libspace                          0x080002fd   Thumb Code     8  libspace.o(.text)
    __user_perproc_libspace                  0x080002fd   Thumb Code     0  libspace.o(.text)
    __user_perthread_libspace                0x080002fd   Thumb Code     0  libspace.o(.text)
    _sys_exit                                0x08000305   Thumb Code     8  sys_exit.o(.text)
    __I$use$semihosting                      0x08000311   Thumb Code     0  use_no_semi.o(.text)
    __use_no_semihosting_swi                 0x08000311   Thumb Code     2  use_no_semi.o(.text)
    __semihosting_library_function           0x08000313   Thumb Code     0  indicate_semi.o(.text)
    EXTI15_10_IRQHandler                     0x08000315   Thumb Code    26  main.o(.text.EXTI15_10_IRQHandler)
    EXTI_enable                              0x08000331   Thumb Code    22  ecexti.o(.text.EXTI_enable)
    EXTI_init                                0x08000349   Thumb Code   184  ecexti.o(.text.EXTI_init)
    GPIO_init                                0x08000401   Thumb Code   138  ecgpio.o(.text.GPIO_init)
    GPIO_mode                                0x0800048d   Thumb Code    34  ecgpio.o(.text.GPIO_mode)
    GPIO_ospeed                              0x080004b1   Thumb Code    34  ecgpio.o(.text.GPIO_ospeed)
    GPIO_otype                               0x080004d5   Thumb Code    32  ecgpio.o(.text.GPIO_otype)
    GPIO_pudr                                0x080004f5   Thumb Code    34  ecgpio.o(.text.GPIO_pudr)
    GPIO_write                               0x08000519   Thumb Code    32  ecgpio.o(.text.GPIO_write)
    RCC_GPIOA_enable                         0x08000539   Thumb Code    18  ecrcc.o(.text.RCC_GPIOA_enable)
    RCC_GPIOB_enable                         0x0800054d   Thumb Code    18  ecrcc.o(.text.RCC_GPIOB_enable)
    RCC_GPIOC_enable                         0x08000561   Thumb Code    18  ecrcc.o(.text.RCC_GPIOC_enable)
    RCC_GPIOD_enable                         0x08000575   Thumb Code    18  ecrcc.o(.text.RCC_GPIOD_enable)
    RCC_PLL_init                             0x08000589   Thumb Code   222  ecrcc.o(.text.RCC_PLL_init)
    Stepper_init                             0x08000669   Thumb Code   218  ecstepper.o(.text.Stepper_init)
    Stepper_pinOut                           0x08000745   Thumb Code   114  ecstepper.o(.text.Stepper_pinOut)
    Stepper_setSpeed                         0x080007b9   Thumb Code    58  ecstepper.o(.text.Stepper_setSpeed)
    Stepper_step                             0x080007f5   Thumb Code   126  ecstepper.o(.text.Stepper_step)
    Stepper_stop                             0x08000875   Thumb Code    56  ecstepper.o(.text.Stepper_stop)
    SysTick_Handler                          0x080008ad   Thumb Code    24  ecsystick.o(.text.SysTick_Handler)
    SysTick_disable                          0x080008c5   Thumb Code    18  ecsystick.o(.text.SysTick_disable)
    SysTick_enable                           0x080008d9   Thumb Code    18  ecsystick.o(.text.SysTick_enable)
    SysTick_init                             0x080008f1   Thumb Code   120  ecsystick.o(.text.SysTick_init)
    SystemInit                               0x08000969   Thumb Code    26  system_stm32f4xx.o(.text.SystemInit)
    clear_pending_EXTI                       0x080009c5   Thumb Code    22  ecexti.o(.text.clear_pending_EXTI)
    delay_ms                                 0x080009dd   Thumb Code    20  ecsystick.o(.text.delay_ms)
    is_pending_EXTI                          0x080009f1   Thumb Code    20  ecexti.o(.text.is_pending_EXTI)
    main                                     0x08000a05   Thumb Code    18  main.o(.text.main)
    portNumber                               0x08000a19   Thumb Code    28  ecexti.o(.text.portNumber)
    setup                                    0x08000a51   Thumb Code    84  main.o(.text.setup)
    __aeabi_dadd                             0x08000aa5   Thumb Code     0  daddsub_clz.o(x$fpl$dadd)
    _dadd                                    0x08000aa5   Thumb Code   332  daddsub_clz.o(x$fpl$dadd)
    __aeabi_d2uiz                            0x08000bf5   Thumb Code     0  dfixu.o(x$fpl$dfixu)
    _dfixu                                   0x08000bf5   Thumb Code    90  dfixu.o(x$fpl$dfixu)
    __aeabi_ui2d                             0x08000c4f   Thumb Code     0  dflt_clz.o(x$fpl$dfltu)
    _dfltu                                   0x08000c4f   Thumb Code    38  dflt_clz.o(x$fpl$dfltu)
    __aeabi_dmul                             0x08000c75   Thumb Code     0  dmul.o(x$fpl$dmul)
    _dmul                                    0x08000c75   Thumb Code   332  dmul.o(x$fpl$dmul)
    __fpl_dnaninf                            0x08000dc9   Thumb Code   156  dnaninf.o(x$fpl$dnaninf)
    __fpl_dretinf                            0x08000e65   Thumb Code    12  dretinf.o(x$fpl$dretinf)
    __aeabi_dsub                             0x08000e71   Thumb Code     0  daddsub_clz.o(x$fpl$dsub)
    _dsub                                    0x08000e71   Thumb Code   472  daddsub_clz.o(x$fpl$dsub)
    _fp_init                                 0x0800104d   Thumb Code    26  fpinit.o(x$fpl$fpinit)
    __fplib_config_fpu_vfp                   0x08001065   Thumb Code     0  fpinit.o(x$fpl$fpinit)
    __fplib_config_pureend_doubles           0x08001065   Thumb Code     0  fpinit.o(x$fpl$fpinit)
    __I$use$fp                               0x08001066   Number         0  usenofp.o(x$fpl$usenofp)
    Region$$Table$$Base                      0x08001068   Number         0  anon$$obj.o(Region$$Table)
    Region$$Table$$Limit                     0x08001088   Number         0  anon$$obj.o(Region$$Table)
    EC_SYSCLK                                0x20000000   Data           4  ecrcc.o(.data.EC_SYSCLK)
    FSM_full                                 0x20000004   Data          48  ecstepper.o(.data.FSM_full)
    FSM_half                                 0x20000034   Data         288  ecstepper.o(.data.FSM_half)
    gear_ratio                               0x20000154   Data           4  ecstepper.o(.data.gear_ratio)
    step_delay                               0x20000158   Data           4  ecstepper.o(.data.step_delay)
    step_per_rev                             0x2000015c   Data           4  ecstepper.o(.data.step_per_rev)
    __libspace_start                         0x20000160   Data          96  libspace.o(.bss)
    TimeDelay                                0x200001c0   Data           4  ecsystick.o(.bss.TimeDelay)
    __temporary_stack_top$libspace           0x200001c0   Data           0  libspace.o(.bss)
    myStepper                                0x200001c4   Data          36  ecstepper.o(.bss.myStepper)



==============================================================================

Memory Map of the image

  Image Entry point : 0x08000199

  Load Region LR_IROM1 (Base: 0x08000000, Size: 0x000011e8, Max: 0x00080000, ABSOLUTE, COMPRESSED[0x000010e0])

    Execution Region ER_IROM1 (Exec base: 0x08000000, Load base: 0x08000000, Size: 0x00001088, Max: 0x00080000, ABSOLUTE)

    Exec Addr    Load Addr    Size         Type   Attr      Idx    E Section Name        Object

    0x08000000   0x08000000   0x00000198   Data   RO          191    RESET               startup_stm32f411xe.o
    0x08000198   0x08000198   0x00000008   Code   RO          217  * !!!main             c_w.l(__main.o)
    0x080001a0   0x080001a0   0x00000034   Code   RO          409    !!!scatter          c_w.l(__scatter.o)
    0x080001d4   0x080001d4   0x0000003a   Code   RO          407    !!dczerorl          c_w.l(__dczerorl.o)
    0x0800020e   0x0800020e   0x00000002   PAD
    0x08000210   0x08000210   0x0000001c   Code   RO          411    !!handler_zi        c_w.l(__scatter_zi.o)
    0x0800022c   0x0800022c   0x00000002   Code   RO          271    .ARM.Collect$$libinit$$00000000  c_w.l(libinit.o)
    0x0800022e   0x0800022e   0x00000004   Code   RO          277    .ARM.Collect$$libinit$$00000001  c_w.l(libinit2.o)
    0x08000232   0x08000232   0x00000000   Code   RO          280    .ARM.Collect$$libinit$$00000004  c_w.l(libinit2.o)
    0x08000232   0x08000232   0x00000000   Code   RO          283    .ARM.Collect$$libinit$$0000000A  c_w.l(libinit2.o)
    0x08000232   0x08000232   0x00000000   Code   RO          285    .ARM.Collect$$libinit$$0000000C  c_w.l(libinit2.o)
    0x08000232   0x08000232   0x00000000   Code   RO          287    .ARM.Collect$$libinit$$0000000E  c_w.l(libinit2.o)
    0x08000232   0x08000232   0x00000000   Code   RO          290    .ARM.Collect$$libinit$$00000011  c_w.l(libinit2.o)
    0x08000232   0x08000232   0x00000000   Code   RO          292    .ARM.Collect$$libinit$$00000013  c_w.l(libinit2.o)
    0x08000232   0x08000232   0x00000000   Code   RO          294    .ARM.Collect$$libinit$$00000015  c_w.l(libinit2.o)
    0x08000232   0x08000232   0x00000000   Code   RO          296    .ARM.Collect$$libinit$$00000017  c_w.l(libinit2.o)
    0x08000232   0x08000232   0x00000000   Code   RO          298    .ARM.Collect$$libinit$$00000019  c_w.l(libinit2.o)
    0x08000232   0x08000232   0x00000000   Code   RO          300    .ARM.Collect$$libinit$$0000001B  c_w.l(libinit2.o)
    0x08000232   0x08000232   0x00000000   Code   RO          302    .ARM.Collect$$libinit$$0000001D  c_w.l(libinit2.o)
    0x08000232   0x08000232   0x00000000   Code   RO          304    .ARM.Collect$$libinit$$0000001F  c_w.l(libinit2.o)
    0x08000232   0x08000232   0x00000000   Code   RO          306    .ARM.Collect$$libinit$$00000021  c_w.l(libinit2.o)
    0x08000232   0x08000232   0x00000000   Code   RO          308    .ARM.Collect$$libinit$$00000023  c_w.l(libinit2.o)
    0x08000232   0x08000232   0x00000000   Code   RO          310    .ARM.Collect$$libinit$$00000025  c_w.l(libinit2.o)
    0x08000232   0x08000232   0x00000000   Code   RO          314    .ARM.Collect$$libinit$$0000002C  c_w.l(libinit2.o)
    0x08000232   0x08000232   0x00000000   Code   RO          316    .ARM.Collect$$libinit$$0000002E  c_w.l(libinit2.o)
    0x08000232   0x08000232   0x00000000   Code   RO          318    .ARM.Collect$$libinit$$00000030  c_w.l(libinit2.o)
    0x08000232   0x08000232   0x00000000   Code   RO          320    .ARM.Collect$$libinit$$00000032  c_w.l(libinit2.o)
    0x08000232   0x08000232   0x00000002   Code   RO          321    .ARM.Collect$$libinit$$00000033  c_w.l(libinit2.o)
    0x08000234   0x08000234   0x00000002   Code   RO          343    .ARM.Collect$$libshutdown$$00000000  c_w.l(libshutdown.o)
    0x08000236   0x08000236   0x00000000   Code   RO          358    .ARM.Collect$$libshutdown$$00000002  c_w.l(libshutdown2.o)
    0x08000236   0x08000236   0x00000000   Code   RO          360    .ARM.Collect$$libshutdown$$00000004  c_w.l(libshutdown2.o)
    0x08000236   0x08000236   0x00000000   Code   RO          363    .ARM.Collect$$libshutdown$$00000007  c_w.l(libshutdown2.o)
    0x08000236   0x08000236   0x00000000   Code   RO          366    .ARM.Collect$$libshutdown$$0000000A  c_w.l(libshutdown2.o)
    0x08000236   0x08000236   0x00000000   Code   RO          368    .ARM.Collect$$libshutdown$$0000000C  c_w.l(libshutdown2.o)
    0x08000236   0x08000236   0x00000000   Code   RO          371    .ARM.Collect$$libshutdown$$0000000F  c_w.l(libshutdown2.o)
    0x08000236   0x08000236   0x00000002   Code   RO          372    .ARM.Collect$$libshutdown$$00000010  c_w.l(libshutdown2.o)
    0x08000238   0x08000238   0x00000000   Code   RO          241    .ARM.Collect$$rtentry$$00000000  c_w.l(__rtentry.o)
    0x08000238   0x08000238   0x00000000   Code   RO          248    .ARM.Collect$$rtentry$$00000002  c_w.l(__rtentry2.o)
    0x08000238   0x08000238   0x00000006   Code   RO          260    .ARM.Collect$$rtentry$$00000004  c_w.l(__rtentry4.o)
    0x0800023e   0x0800023e   0x00000000   Code   RO          250    .ARM.Collect$$rtentry$$00000009  c_w.l(__rtentry2.o)
    0x0800023e   0x0800023e   0x00000004   Code   RO          251    .ARM.Collect$$rtentry$$0000000A  c_w.l(__rtentry2.o)
    0x08000242   0x08000242   0x00000000   Code   RO          253    .ARM.Collect$$rtentry$$0000000C  c_w.l(__rtentry2.o)
    0x08000242   0x08000242   0x00000008   Code   RO          254    .ARM.Collect$$rtentry$$0000000D  c_w.l(__rtentry2.o)
    0x0800024a   0x0800024a   0x00000002   Code   RO          275    .ARM.Collect$$rtexit$$00000000  c_w.l(rtexit.o)
    0x0800024c   0x0800024c   0x00000000   Code   RO          323    .ARM.Collect$$rtexit$$00000002  c_w.l(rtexit2.o)
    0x0800024c   0x0800024c   0x00000004   Code   RO          324    .ARM.Collect$$rtexit$$00000003  c_w.l(rtexit2.o)
    0x08000250   0x08000250   0x00000006   Code   RO          325    .ARM.Collect$$rtexit$$00000004  c_w.l(rtexit2.o)
    0x08000256   0x08000256   0x00000002   PAD
    0x08000258   0x08000258   0x00000040   Code   RO          192    .text               startup_stm32f411xe.o
    0x08000298   0x08000298   0x00000006   Code   RO          215    .text               c_w.l(heapauxi.o)
    0x0800029e   0x0800029e   0x0000004a   Code   RO          262    .text               c_w.l(sys_stackheap_outer.o)
    0x080002e8   0x080002e8   0x00000012   Code   RO          264    .text               c_w.l(exit.o)
    0x080002fa   0x080002fa   0x00000002   PAD
    0x080002fc   0x080002fc   0x00000008   Code   RO          272    .text               c_w.l(libspace.o)
    0x08000304   0x08000304   0x0000000c   Code   RO          333    .text               c_w.l(sys_exit.o)
    0x08000310   0x08000310   0x00000002   Code   RO          348    .text               c_w.l(use_no_semi.o)
    0x08000312   0x08000312   0x00000000   Code   RO          350    .text               c_w.l(indicate_semi.o)
    0x08000312   0x08000312   0x00000002   PAD
    0x08000314   0x08000314   0x0000001a   Code   RO            6    .text.EXTI15_10_IRQHandler  main.o
    0x0800032e   0x0800032e   0x00000002   PAD
    0x08000330   0x08000330   0x00000016   Code   RO           20    .text.EXTI_enable   ecexti.o
    0x08000346   0x08000346   0x00000002   PAD
    0x08000348   0x08000348   0x000000b8   Code   RO           18    .text.EXTI_init     ecexti.o
    0x08000400   0x08000400   0x0000008a   Code   RO           40    .text.GPIO_init     ecgpio.o
    0x0800048a   0x0800048a   0x00000002   PAD
    0x0800048c   0x0800048c   0x00000022   Code   RO           42    .text.GPIO_mode     ecgpio.o
    0x080004ae   0x080004ae   0x00000002   PAD
    0x080004b0   0x080004b0   0x00000022   Code   RO           48    .text.GPIO_ospeed   ecgpio.o
    0x080004d2   0x080004d2   0x00000002   PAD
    0x080004d4   0x080004d4   0x00000020   Code   RO           50    .text.GPIO_otype    ecgpio.o
    0x080004f4   0x080004f4   0x00000022   Code   RO           52    .text.GPIO_pudr     ecgpio.o
    0x08000516   0x08000516   0x00000002   PAD
    0x08000518   0x08000518   0x00000020   Code   RO           44    .text.GPIO_write    ecgpio.o
    0x08000538   0x08000538   0x00000012   Code   RO           91    .text.RCC_GPIOA_enable  ecrcc.o
    0x0800054a   0x0800054a   0x00000002   PAD
    0x0800054c   0x0800054c   0x00000012   Code   RO           93    .text.RCC_GPIOB_enable  ecrcc.o
    0x0800055e   0x0800055e   0x00000002   PAD
    0x08000560   0x08000560   0x00000012   Code   RO           95    .text.RCC_GPIOC_enable  ecrcc.o
    0x08000572   0x08000572   0x00000002   PAD
    0x08000574   0x08000574   0x00000012   Code   RO           97    .text.RCC_GPIOD_enable  ecrcc.o
    0x08000586   0x08000586   0x00000002   PAD
    0x08000588   0x08000588   0x000000de   Code   RO           89    .text.RCC_PLL_init  ecrcc.o
    0x08000666   0x08000666   0x00000002   PAD
    0x08000668   0x08000668   0x000000da   Code   RO          164    .text.Stepper_init  ecstepper.o
    0x08000742   0x08000742   0x00000002   PAD
    0x08000744   0x08000744   0x00000072   Code   RO          166    .text.Stepper_pinOut  ecstepper.o
    0x080007b6   0x080007b6   0x00000002   PAD
    0x080007b8   0x080007b8   0x0000003a   Code   RO          168    .text.Stepper_setSpeed  ecstepper.o
    0x080007f2   0x080007f2   0x00000002   PAD
    0x080007f4   0x080007f4   0x0000007e   Code   RO          170    .text.Stepper_step  ecstepper.o
    0x08000872   0x08000872   0x00000002   PAD
    0x08000874   0x08000874   0x00000038   Code   RO          172    .text.Stepper_stop  ecstepper.o
    0x080008ac   0x080008ac   0x00000018   Code   RO          125    .text.SysTick_Handler  ecsystick.o
    0x080008c4   0x080008c4   0x00000012   Code   RO          113    .text.SysTick_disable  ecsystick.o
    0x080008d6   0x080008d6   0x00000002   PAD
    0x080008d8   0x080008d8   0x00000012   Code   RO          117    .text.SysTick_enable  ecsystick.o
    0x080008ea   0x080008ea   0x00000006   PAD
    0x080008f0   0x080008f0   0x00000078   Code   RO          111    .text.SysTick_init  ecsystick.o
    0x08000968   0x08000968   0x0000001a   Code   RO          199    .text.SystemInit    system_stm32f4xx.o
    0x08000982   0x08000982   0x00000002   PAD
    0x08000984   0x08000984   0x00000020   Code   RO           22    .text.__NVIC_EnableIRQ  ecexti.o
    0x080009a4   0x080009a4   0x00000010   Code   RO           24    .text.__NVIC_SetPriority  ecexti.o
    0x080009b4   0x080009b4   0x0000000e   Code   RO          115    .text.__NVIC_SetPriority  ecsystick.o
    0x080009c2   0x080009c2   0x00000002   PAD
    0x080009c4   0x080009c4   0x00000016   Code   RO           30    .text.clear_pending_EXTI  ecexti.o
    0x080009da   0x080009da   0x00000002   PAD
    0x080009dc   0x080009dc   0x00000014   Code   RO          119    .text.delay_ms      ecsystick.o
    0x080009f0   0x080009f0   0x00000014   Code   RO           28    .text.is_pending_EXTI  ecexti.o
    0x08000a04   0x08000a04   0x00000012   Code   RO            2    .text.main          main.o
    0x08000a16   0x08000a16   0x00000002   PAD
    0x08000a18   0x08000a18   0x00000038   Code   RO           16    .text.portNumber    ecexti.o
    0x08000a50   0x08000a50   0x00000054   Code   RO            4    .text.setup         main.o
    0x08000aa4   0x08000aa4   0x00000150   Code   RO          219    x$fpl$dadd          fz_wm.l(daddsub_clz.o)
    0x08000bf4   0x08000bf4   0x0000005a   Code   RO          229    x$fpl$dfixu         fz_wm.l(dfixu.o)
    0x08000c4e   0x08000c4e   0x00000026   Code   RO          233    x$fpl$dfltu         fz_wm.l(dflt_clz.o)
    0x08000c74   0x08000c74   0x00000154   Code   RO          239    x$fpl$dmul          fz_wm.l(dmul.o)
    0x08000dc8   0x08000dc8   0x0000009c   Code   RO          242    x$fpl$dnaninf       fz_wm.l(dnaninf.o)
    0x08000e64   0x08000e64   0x0000000c   Code   RO          244    x$fpl$dretinf       fz_wm.l(dretinf.o)
    0x08000e70   0x08000e70   0x000001dc   Code   RO          221    x$fpl$dsub          fz_wm.l(daddsub_clz.o)
    0x0800104c   0x0800104c   0x0000001a   Code   RO          331    x$fpl$fpinit        fz_wm.l(fpinit.o)
    0x08001066   0x08001066   0x00000000   Code   RO          246    x$fpl$usenofp       fz_wm.l(usenofp.o)
    0x08001066   0x08001066   0x00000002   PAD
    0x08001068   0x08001068   0x00000020   Data   RO          406    Region$$Table       anon$$obj.o


    Execution Region RW_IRAM1 (Exec base: 0x20000000, Load base: 0x08001088, Size: 0x000007e8, Max: 0x00020000, ABSOLUTE, COMPRESSED[0x00000058])

    Exec Addr    Load Addr    Size         Type   Attr      Idx    E Section Name        Object

    0x20000000   COMPRESSED   0x00000004   Data   RW          103    .data.EC_SYSCLK     ecrcc.o
    0x20000004   COMPRESSED   0x00000030   Data   RW          178    .data.FSM_full      ecstepper.o
    0x20000034   COMPRESSED   0x00000120   Data   RW          179    .data.FSM_half      ecstepper.o
    0x20000154   COMPRESSED   0x00000004   Data   RW          177    .data.gear_ratio    ecstepper.o
    0x20000158   COMPRESSED   0x00000004   Data   RW          175    .data.step_delay    ecstepper.o
    0x2000015c   COMPRESSED   0x00000004   Data   RW          176    .data.step_per_rev  ecstepper.o
    0x20000160        -       0x00000060   Zero   RW          273    .bss                c_w.l(libspace.o)
    0x200001c0        -       0x00000004   Zero   RW          127    .bss.TimeDelay      ecsystick.o
    0x200001c4        -       0x00000024   Zero   RW          180    .bss.myStepper      ecstepper.o
    0x200001e8        -       0x00000200   Zero   RW          190    HEAP                startup_stm32f411xe.o
    0x200003e8        -       0x00000400   Zero   RW          189    STACK               startup_stm32f411xe.o


==============================================================================

Image component sizes


      Code (inc. data)   RO Data    RW Data    ZI Data      Debug   Object Name

       352         28          0          0          0       6031   ecexti.o
       304          4          0          0          0       2922   ecgpio.o
       294          0          0          4          0       2381   ecrcc.o
       572          0          0        348         36       3181   ecstepper.o
       214         24          0          0          4       4455   ecsystick.o
       128          0          0          0          0       1165   main.o
        64         26        408          0       1536        900   startup_stm32f411xe.o
        26          0          0          0          0       2834   system_stm32f4xx.o

    ----------------------------------------------------------------------
      2000         82        440        352       1576      23869   Object Totals
         0          0         32          0          0          0   (incl. Generated)
        46          0          0          0          0          0   (incl. Padding)

    ----------------------------------------------------------------------

      Code (inc. data)   RO Data    RW Data    ZI Data      Debug   Library Member Name

        58          0          0          0          0          0   __dczerorl.o
         8          0          0          0          0         68   __main.o
         0          0          0          0          0          0   __rtentry.o
        12          0          0          0          0          0   __rtentry2.o
         6          0          0          0          0          0   __rtentry4.o
        52          8          0          0          0          0   __scatter.o
        28          0          0          0          0          0   __scatter_zi.o
        18          0          0          0          0         80   exit.o
         6          0          0          0          0        152   heapauxi.o
         0          0          0          0          0          0   indicate_semi.o
         2          0          0          0          0          0   libinit.o
         6          0          0          0          0          0   libinit2.o
         2          0          0          0          0          0   libshutdown.o
         2          0          0          0          0          0   libshutdown2.o
         8          4          0          0         96         68   libspace.o
         2          0          0          0          0          0   rtexit.o
        10          0          0          0          0          0   rtexit2.o
        12          4          0          0          0         68   sys_exit.o
        74          0          0          0          0         80   sys_stackheap_outer.o
         2          0          0          0          0         68   use_no_semi.o
       812         16          0          0          0        392   daddsub_clz.o
        90          4          0          0          0        140   dfixu.o
        38          0          0          0          0        116   dflt_clz.o
       340         12          0          0          0        152   dmul.o
       156          4          0          0          0        140   dnaninf.o
        12          0          0          0          0        116   dretinf.o
        26          0          0          0          0        116   fpinit.o
         0          0          0          0          0          0   usenofp.o

    ----------------------------------------------------------------------
      1792         52          0          0         96       1756   Library Totals
        10          0          0          0          0          0   (incl. Padding)

    ----------------------------------------------------------------------

      Code (inc. data)   RO Data    RW Data    ZI Data      Debug   Library Name

       308         16          0          0         96        584   c_w.l
      1474         36          0          0          0       1172   fz_wm.l

    ----------------------------------------------------------------------
      1792         52          0          0         96       1756   Library Totals

    ----------------------------------------------------------------------

==============================================================================


      Code (inc. data)   RO Data    RW Data    ZI Data      Debug   

      3792        134        440        352       1672      24649   Grand Totals
      3792        134        440         88       1672      24649   ELF Image Totals (compressed)
      3792        134        440         88          0          0   ROM Totals

==============================================================================

    Total RO  Size (Code + RO Data)                 4232 (   4.13kB)
    Total RW  Size (RW Data + ZI Data)              2024 (   1.98kB)
    Total ROM Size (Code + RO Data + RW Data)       4320 (   4.22kB)

==============================================================================

