<html>
<body>
<pre>
<h1>µVision Build Log</h1>
<h2>Tool Versions:</h2>
IDE-Version: •ÏVision V5.36.0.0
Copyright (C) 2021 ARM Ltd and ARM Germany GmbH. All rights reserved.
License Information: Daegi Kim, Handong University, LIC=----
 
Tool Versions:
Toolchain:       MDK-Lite  Version: 5.36.0.0
Toolchain Path:  C:\Keil_v5\ARM\ARMCLANG\Bin
C Compiler:      ArmClang.exe V6.16
Assembler:       Armasm.exe V6.16
Linker/Locator:  ArmLink.exe V6.16
Library Manager: ArmAr.exe V6.16
Hex Converter:   FromElf.exe V6.16
CPU DLL:         SARMCM3.DLL V5.36.0.0
Dialog DLL:      DCM.DLL V1.17.3.0
Target DLL:      STLink\ST-LINKIII-KEIL_SWO.dll V3.0.9.0
Dialog DLL:      TCM.DLL V1.53.0.0
 
<h2>Project:</h2>
C:\Users\New\source\repos\GithubDesktop\EC-student\LAB\LAB_GPIO_LED_7Segment\LAB_GPIO_LED_7Segment.uvprojx
Project File Date:  10/13/2021

<h2>Output:</h2>
*** Using Compiler 'V6.16', folder: 'C:\Keil_v5\ARM\ARMCLANG\Bin'
Build target 'Target 1'
LAB_GPIO_7Segment.cpp(33): warning: use of old-style cast [-Wold-style-cast]
                if(GPIO_read(GPIOC, BUTTON_PIN) == 0) {
                             ^~~~~
C:/Users/New/AppData/Local/Arm/Packs/Keil/STM32F4xx_DFP/2.15.0/Drivers/CMSIS/Device/ST/STM32F4xx/Include\stm32f411xe.h(785): note: expanded from macro 'GPIOC'
#define GPIOC               ((GPIO_TypeDef *) GPIOC_BASE)
                             ^                ~~~~~~~~~~
LAB_GPIO_7Segment.cpp(36): warning: use of old-style cast [-Wold-style-cast]
                        while(GPIO_read(GPIOC, BUTTON_PIN) == 0) {;}
                                        ^~~~~
C:/Users/New/AppData/Local/Arm/Packs/Keil/STM32F4xx_DFP/2.15.0/Drivers/CMSIS/Device/ST/STM32F4xx/Include\stm32f411xe.h(785): note: expanded from macro 'GPIOC'
#define GPIOC               ((GPIO_TypeDef *) GPIOC_BASE)
                             ^                ~~~~~~~~~~
LAB_GPIO_7Segment.cpp(36): warning: empty expression statement has no effect; remove unnecessary ';' to silence this warning [-Wextra-semi-stmt]
                        while(GPIO_read(GPIOC, BUTTON_PIN) == 0) {;}
                                                                  ^
LAB_GPIO_7Segment.cpp(50): warning: use of old-style cast [-Wold-style-cast]
        GPIO_init(GPIOC, BUTTON_PIN, INPUT);       // calls RCC_GPIOC_enable()
                  ^~~~~
C:/Users/New/AppData/Local/Arm/Packs/Keil/STM32F4xx_DFP/2.15.0/Drivers/CMSIS/Device/ST/STM32F4xx/Include\stm32f411xe.h(785): note: expanded from macro 'GPIOC'
#define GPIOC               ((GPIO_TypeDef *) GPIOC_BASE)
                             ^                ~~~~~~~~~~
LAB_GPIO_7Segment.cpp(51): warning: use of old-style cast [-Wold-style-cast]
        GPIO_pudr(GPIOC, BUTTON_PIN, PullUp);      // Make Button Mode as Pull Up
                  ^~~~~
C:/Users/New/AppData/Local/Arm/Packs/Keil/STM32F4xx_DFP/2.15.0/Drivers/CMSIS/Device/ST/STM32F4xx/Include\stm32f411xe.h(785): note: expanded from macro 'GPIOC'
#define GPIOC               ((GPIO_TypeDef *) GPIOC_BASE)
                             ^                ~~~~~~~~~~
5 warnings generated.
compiling LAB_GPIO_7Segment.cpp...
linking...
Program Size: Code=1436 RO-data=744 RW-data=0 ZI-data=1632  
FromELF: creating hex file...
".\Objects\LAB_GPIO_LED_7Segment.axf" - 0 Error(s), 5 Warning(s).

<h2>Software Packages used:</h2>

Package Vendor: ARM
                http://www.keil.com/pack/ARM.CMSIS.5.8.0.pack
                ARM.CMSIS.5.8.0
                CMSIS (Common Microcontroller Software Interface Standard)
   * Component: CORE Version: 5.5.0

Package Vendor: Keil
                http://www.keil.com/pack/Keil.STM32F4xx_DFP.2.15.0.pack
                Keil.STM32F4xx_DFP.2.15.0
                STMicroelectronics STM32F4 Series Device Support, Drivers and Examples
   * Component: Startup Version: 2.6.3

<h2>Collection of Component include folders:</h2>
  .\RTE\_Target_1
  C:\Users\New\AppData\Local\Arm\Packs\ARM\CMSIS\5.8.0\CMSIS\Core\Include
  C:\Users\New\AppData\Local\Arm\Packs\Keil\STM32F4xx_DFP\2.15.0\Drivers\CMSIS\Device\ST\STM32F4xx\Include

<h2>Collection of Component Files used:</h2>

   * Component: ARM::CMSIS:CORE:5.5.0

   * Component: Keil::Device:Startup:2.6.3
      Include file:  Drivers\CMSIS\Device\ST\STM32F4xx\Include\stm32f4xx.h
      Source file:   MDK\Device\Source\ARM\STM32F4xx_OTP.s
      Source file:   Drivers\CMSIS\Device\ST\STM32F4xx\Source\Templates\arm\startup_stm32f411xe.s
      Source file:   MDK\Device\Source\ARM\STM32F411xx_OPT.s
      Source file:   Drivers\CMSIS\Device\ST\STM32F4xx\Source\Templates\system_stm32f4xx.c
Build Time Elapsed:  00:00:01
</pre>
</body>
</html>
