<html>
<body>
<pre>
<h1>µVision Build Log</h1>
<h2>Tool Versions:</h2>
IDE-Version: •ÏVision V5.36.0.0
Copyright (C) 2021 ARM Ltd and ARM Germany GmbH. All rights reserved.
License Information: Daegi Kim, Handong University, LIC=----
 
Tool Versions:
Toolchain:       MDK-Lite  Version: 5.36.0.0
Toolchain Path:  C:\Keil_v5\ARM\ARMCLANG\Bin
C Compiler:      ArmClang.exe V6.16
Assembler:       Armasm.exe V6.16
Linker/Locator:  ArmLink.exe V6.16
Library Manager: ArmAr.exe V6.16
Hex Converter:   FromElf.exe V6.16
CPU DLL:         SARMCM3.DLL V5.36.0.0
Dialog DLL:      DCM.DLL V1.17.3.0
Target DLL:      STLink\ST-LINKIII-KEIL_SWO.dll V3.0.9.0
Dialog DLL:      TCM.DLL V1.53.0.0
 
<h2>Project:</h2>
C:\Users\New\source\repos\GithubDesktop\EC-student\LAB\LAB_PWMout_Servo\LAB_PWMout_Servo.uvprojx
Project File Date:  10/27/2021

<h2>Output:</h2>
*** Using Compiler 'V6.16', folder: 'C:\Keil_v5\ARM\ARMCLANG\Bin'
Build target 'Target 1'
main.c(5): warning: In file included from...
../../include\ecTIM.h(36): warning: no newline at end of file [-Wnewline-eof]
#endif
      ^
main.c(6): warning: In file included from...
../../include\ecPWM.h(44): warning: no newline at end of file [-Wnewline-eof]
#endif
      ^
main.c(19): warning: no previous extern declaration for non-static variable 'count' [-Wmissing-variable-declarations]
unsigned int count = 0;
             ^
main.c(19): note: declare 'static' if the variable is not intended to be used outside of this translation unit
unsigned int count = 0;
^
main.c(23): warning: no previous prototype for function 'setup' [-Wmissing-prototypes]
void setup(void)
     ^
main.c(23): note: declare 'static' if the function is not intended to be used outside of this translation unit
void setup(void)
^
static 
main.c(53): warning: implicit conversion loses floating-point precision: 'double' to 'float' [-Wimplicit-float-conversion]
                dutyVal = ((0.5 + (0.2 * count))/20);
                        ~  ~~~~~~~~~~~~~~~~~~~~~^~~
main.c(17): warning: no previous extern declaration for non-static variable 'pwm' [-Wmissing-variable-declarations]
PWM_t  pwm;
       ^
main.c(17): note: declare 'static' if the variable is not intended to be used outside of this translation unit
PWM_t  pwm;
^
6 warnings generated.
compiling main.c...
linking...
Program Size: Code=5200 RO-data=440 RW-data=4 ZI-data=1660  
FromELF: creating hex file...
".\Objects\LAB_PWMout_Servo.axf" - 0 Error(s), 6 Warning(s).

<h2>Software Packages used:</h2>

Package Vendor: ARM
                http://www.keil.com/pack/ARM.CMSIS.5.8.0.pack
                ARM.CMSIS.5.8.0
                CMSIS (Common Microcontroller Software Interface Standard)
   * Component: CORE Version: 5.5.0

Package Vendor: Keil
                http://www.keil.com/pack/Keil.STM32F4xx_DFP.2.15.0.pack
                Keil.STM32F4xx_DFP.2.15.0
                STMicroelectronics STM32F4 Series Device Support, Drivers and Examples
   * Component: Startup Version: 2.6.3

<h2>Collection of Component include folders:</h2>
  .\RTE\_Target_1
  C:\Users\New\AppData\Local\Arm\Packs\ARM\CMSIS\5.8.0\CMSIS\Core\Include
  C:\Users\New\AppData\Local\Arm\Packs\Keil\STM32F4xx_DFP\2.15.0\Drivers\CMSIS\Device\ST\STM32F4xx\Include

<h2>Collection of Component Files used:</h2>

   * Component: ARM::CMSIS:CORE:5.5.0

   * Component: Keil::Device:Startup:2.6.3
      Source file:   Drivers\CMSIS\Device\ST\STM32F4xx\Source\Templates\arm\startup_stm32f411xe.s
      Include file:  Drivers\CMSIS\Device\ST\STM32F4xx\Include\stm32f4xx.h
      Source file:   MDK\Device\Source\ARM\STM32F411xx_OPT.s
      Source file:   MDK\Device\Source\ARM\STM32F4xx_OTP.s
      Source file:   Drivers\CMSIS\Device\ST\STM32F4xx\Source\Templates\system_stm32f4xx.c
Build Time Elapsed:  00:00:01
</pre>
</body>
</html>
